
==========================================================================
floorplan final report_tns
--------------------------------------------------------------------------
tns max 0.00

==========================================================================
floorplan final report_wns
--------------------------------------------------------------------------
wns max 0.00

==========================================================================
floorplan final report_worst_slack
--------------------------------------------------------------------------
worst slack max 1.39

==========================================================================
floorplan final report_clock_min_period
--------------------------------------------------------------------------
core_clock period_min = 0.61 fmax = 1633.52

==========================================================================
floorplan final report_checks -path_delay min
--------------------------------------------------------------------------
Startpoint: addr_q[9]$_SDFFE_PN0P_
            (rising edge-triggered flip-flop clocked by core_clock)
Endpoint: g_ram1024x32[0].u_ram
          (rising edge-triggered flip-flop clocked by core_clock)
Path Group: core_clock
Path Type: min

Fanout     Cap    Slew   Delay    Time   Description
-----------------------------------------------------------------------------
                  0.00    0.00    0.00   clock core_clock (rise edge)
                          0.00    0.00   clock network delay (ideal)
                  0.00    0.00    0.00 ^ addr_q[9]$_SDFFE_PN0P_/CK (DFF_X1)
     6   16.13    0.02    0.10    0.10 v addr_q[9]$_SDFFE_PN0P_/Q (DFF_X1)
                                         addr_q[9] (net)
                  0.03    0.00    0.10 v g_ram1024x32[0].u_ram/addr_in[9] (fakeram45_1024x32)
                                  0.10   data arrival time

                  0.00    0.00    0.00   clock core_clock (rise edge)
                          0.00    0.00   clock network delay (ideal)
                          0.00    0.00   clock reconvergence pessimism
                                  0.00 ^ g_ram1024x32[0].u_ram/clk (fakeram45_1024x32)
                          0.05    0.05   library hold time
                                  0.05   data required time
-----------------------------------------------------------------------------
                                  0.05   data required time
                                 -0.10   data arrival time
-----------------------------------------------------------------------------
                                  0.05   slack (MET)



==========================================================================
floorplan final report_checks -path_delay max
--------------------------------------------------------------------------
Startpoint: start (input port clocked by core_clock)
Endpoint: addr_q[3]$_SDFFE_PN0P_
          (rising edge-triggered flip-flop clocked by core_clock)
Path Group: core_clock
Path Type: max

Fanout     Cap    Slew   Delay    Time   Description
-----------------------------------------------------------------------------
                  0.00    0.00    0.00   clock core_clock (rise edge)
                          0.00    0.00   clock network delay (ideal)
                          0.40    0.40 v input external delay
     3    4.02    0.00    0.00    0.40 v start (in)
                                         start (net)
                  0.00    0.00    0.40 v _400_/A2 (NOR2_X1)
     7   11.57    0.06    0.07    0.47 ^ _400_/ZN (NOR2_X1)
                                         _085_ (net)
                  0.06    0.00    0.47 ^ _443_/A (AOI21_X1)
     1    0.90    0.02    0.02    0.49 v _443_/ZN (AOI21_X1)
                                         _123_ (net)
                  0.02    0.00    0.49 v _444_/B (MUX2_X1)
     1    1.56    0.01    0.06    0.55 v _444_/Z (MUX2_X1)
                                         _124_ (net)
                  0.01    0.00    0.55 v _445_/A2 (NOR2_X1)
     1    1.14    0.01    0.03    0.58 ^ _445_/ZN (NOR2_X1)
                                         _008_ (net)
                  0.01    0.00    0.58 ^ addr_q[3]$_SDFFE_PN0P_/D (DFF_X1)
                                  0.58   data arrival time

                  0.00    2.00    2.00   clock core_clock (rise edge)
                          0.00    2.00   clock network delay (ideal)
                          0.00    2.00   clock reconvergence pessimism
                                  2.00 ^ addr_q[3]$_SDFFE_PN0P_/CK (DFF_X1)
                         -0.03    1.97   library setup time
                                  1.97   data required time
-----------------------------------------------------------------------------
                                  1.97   data required time
                                 -0.58   data arrival time
-----------------------------------------------------------------------------
                                  1.39   slack (MET)



==========================================================================
floorplan final report_checks -unconstrained
--------------------------------------------------------------------------
Startpoint: start (input port clocked by core_clock)
Endpoint: addr_q[3]$_SDFFE_PN0P_
          (rising edge-triggered flip-flop clocked by core_clock)
Path Group: core_clock
Path Type: max

Fanout     Cap    Slew   Delay    Time   Description
-----------------------------------------------------------------------------
                  0.00    0.00    0.00   clock core_clock (rise edge)
                          0.00    0.00   clock network delay (ideal)
                          0.40    0.40 v input external delay
     3    4.02    0.00    0.00    0.40 v start (in)
                                         start (net)
                  0.00    0.00    0.40 v _400_/A2 (NOR2_X1)
     7   11.57    0.06    0.07    0.47 ^ _400_/ZN (NOR2_X1)
                                         _085_ (net)
                  0.06    0.00    0.47 ^ _443_/A (AOI21_X1)
     1    0.90    0.02    0.02    0.49 v _443_/ZN (AOI21_X1)
                                         _123_ (net)
                  0.02    0.00    0.49 v _444_/B (MUX2_X1)
     1    1.56    0.01    0.06    0.55 v _444_/Z (MUX2_X1)
                                         _124_ (net)
                  0.01    0.00    0.55 v _445_/A2 (NOR2_X1)
     1    1.14    0.01    0.03    0.58 ^ _445_/ZN (NOR2_X1)
                                         _008_ (net)
                  0.01    0.00    0.58 ^ addr_q[3]$_SDFFE_PN0P_/D (DFF_X1)
                                  0.58   data arrival time

                  0.00    2.00    2.00   clock core_clock (rise edge)
                          0.00    2.00   clock network delay (ideal)
                          0.00    2.00   clock reconvergence pessimism
                                  2.00 ^ addr_q[3]$_SDFFE_PN0P_/CK (DFF_X1)
                         -0.03    1.97   library setup time
                                  1.97   data required time
-----------------------------------------------------------------------------
                                  1.97   data required time
                                 -0.58   data arrival time
-----------------------------------------------------------------------------
                                  1.39   slack (MET)



==========================================================================
floorplan final report_power
--------------------------------------------------------------------------
Group                  Internal  Switching    Leakage      Total
                          Power      Power      Power      Power (Watts)
----------------------------------------------------------------
Sequential             2.06e-04   3.23e-05   6.13e-06   2.45e-04   1.1%
Combinational          1.06e-05   3.83e-05   9.53e-06   5.84e-05   0.3%
Clock                  0.00e+00   0.00e+00   0.00e+00   0.00e+00   0.0%
Macro                  1.77e-02   0.00e+00   3.24e-03   2.10e-02  98.6%
Pad                    0.00e+00   0.00e+00   0.00e+00   0.00e+00   0.0%
----------------------------------------------------------------
Total                  1.80e-02   7.05e-05   3.26e-03   2.13e-02 100.0%
                          84.4%       0.3%      15.3%
