
==========================================================================
finish report_tns
--------------------------------------------------------------------------
tns max 0.00

==========================================================================
finish report_wns
--------------------------------------------------------------------------
wns max 0.00

==========================================================================
finish report_worst_slack
--------------------------------------------------------------------------
worst slack max 1.32

==========================================================================
finish report_clock_min_period
--------------------------------------------------------------------------
core_clock period_min = 0.68 fmax = 1470.00

==========================================================================
finish report_clock_skew
--------------------------------------------------------------------------
Clock core_clock
   0.11 source latency g_ram1024x32[0].u_ram/clk ^
  -0.13 target latency dout[25]$_SDFF_PN0_/CK ^
   0.00 CRPR
--------------
  -0.02 setup skew


==========================================================================
finish report_checks -path_delay min
--------------------------------------------------------------------------
Startpoint: addr_q[2]$_SDFFE_PN0P_
            (rising edge-triggered flip-flop clocked by core_clock)
Endpoint: g_ram512x64[1].u_ram
          (rising edge-triggered flip-flop clocked by core_clock)
Path Group: core_clock
Path Type: min

Fanout     Cap    Slew   Delay    Time   Description
-----------------------------------------------------------------------------
                          0.00    0.00   clock core_clock (rise edge)
                          0.00    0.00   clock source latency
     2   12.36    0.00    0.00    0.00 ^ clk (in)
                                         clk (net)
                  0.00    0.00    0.00 ^ clkbuf_regs_0_core_clock/A (CLKBUF_X3)
     1    1.44    0.01    0.02    0.02 ^ clkbuf_regs_0_core_clock/Z (CLKBUF_X3)
                                         clk_regs (net)
                  0.01    0.00    0.02 ^ clkbuf_0_clk_regs/A (CLKBUF_X3)
     8   29.51    0.02    0.05    0.07 ^ clkbuf_0_clk_regs/Z (CLKBUF_X3)
                                         clknet_0_clk_regs (net)
                  0.02    0.00    0.08 ^ clkbuf_3_4__f_clk_regs/A (CLKBUF_X3)
     9   24.19    0.02    0.05    0.13 ^ clkbuf_3_4__f_clk_regs/Z (CLKBUF_X3)
                                         clknet_3_4__leaf_clk_regs (net)
                  0.02    0.01    0.13 ^ addr_q[2]$_SDFFE_PN0P_/CK (DFF_X1)
     4   14.53    0.02    0.11    0.24 v addr_q[2]$_SDFFE_PN0P_/Q (DFF_X1)
                                         addr_q[2] (net)
                  0.03    0.00    0.24 v g_ram512x64[1].u_ram/addr_in[2] (fakeram45_512x64)
                                  0.24   data arrival time

                          0.00    0.00   clock core_clock (rise edge)
                          0.00    0.00   clock source latency
     2   12.36    0.00    0.00    0.00 ^ clk (in)
                                         clk (net)
                  0.00    0.00    0.00 ^ clkbuf_0_clk/A (CLKBUF_X3)
     2    7.64    0.01    0.03    0.03 ^ clkbuf_0_clk/Z (CLKBUF_X3)
                                         clknet_0_clk (net)
                  0.01    0.00    0.03 ^ clkbuf_1_0__f_clk/A (CLKBUF_X3)
     2   61.79    0.04    0.07    0.10 ^ clkbuf_1_0__f_clk/Z (CLKBUF_X3)
                                         clknet_1_0__leaf_clk (net)
                  0.07    0.01    0.11 ^ g_ram512x64[1].u_ram/clk (fakeram45_512x64)
                          0.00    0.11   clock reconvergence pessimism
                          0.05    0.16   library hold time
                                  0.16   data required time
-----------------------------------------------------------------------------
                                  0.16   data required time
                                 -0.24   data arrival time
-----------------------------------------------------------------------------
                                  0.08   slack (MET)



==========================================================================
finish report_checks -path_delay max
--------------------------------------------------------------------------
Startpoint: dout[18]$_SDFF_PN0_
            (rising edge-triggered flip-flop clocked by core_clock)
Endpoint: dout[18] (output port clocked by core_clock)
Path Group: core_clock
Path Type: max

Fanout     Cap    Slew   Delay    Time   Description
-----------------------------------------------------------------------------
                          0.00    0.00   clock core_clock (rise edge)
                          0.00    0.00   clock source latency
     2   12.36    0.00    0.00    0.00 ^ clk (in)
                                         clk (net)
                  0.00    0.00    0.00 ^ clkbuf_regs_0_core_clock/A (CLKBUF_X3)
     1    1.44    0.01    0.02    0.02 ^ clkbuf_regs_0_core_clock/Z (CLKBUF_X3)
                                         clk_regs (net)
                  0.01    0.00    0.02 ^ clkbuf_0_clk_regs/A (CLKBUF_X3)
     8   29.51    0.02    0.05    0.07 ^ clkbuf_0_clk_regs/Z (CLKBUF_X3)
                                         clknet_0_clk_regs (net)
                  0.02    0.00    0.08 ^ clkbuf_3_7__f_clk_regs/A (CLKBUF_X3)
     8   23.84    0.02    0.05    0.13 ^ clkbuf_3_7__f_clk_regs/Z (CLKBUF_X3)
                                         clknet_3_7__leaf_clk_regs (net)
                  0.02    0.00    0.13 ^ dout[18]$_SDFF_PN0_/CK (DFF_X1)
     1    1.37    0.01    0.09    0.22 ^ dout[18]$_SDFF_PN0_/Q (DFF_X1)
                                         net237 (net)
                  0.01    0.00    0.22 ^ output238/A (BUF_X1)
     1   14.87    0.03    0.05    0.28 ^ output238/Z (BUF_X1)
                                         dout[18] (net)
                  0.04    0.00    0.28 ^ dout[18] (out)
                                  0.28   data arrival time

                          2.00    2.00   clock core_clock (rise edge)
                          0.00    2.00   clock network delay (propagated)
                          0.00    2.00   clock reconvergence pessimism
                         -0.40    1.60   output external delay
                                  1.60   data required time
-----------------------------------------------------------------------------
                                  1.60   data required time
                                 -0.28   data arrival time
-----------------------------------------------------------------------------
                                  1.32   slack (MET)



==========================================================================
finish report_checks -unconstrained
--------------------------------------------------------------------------
Startpoint: dout[18]$_SDFF_PN0_
            (rising edge-triggered flip-flop clocked by core_clock)
Endpoint: dout[18] (output port clocked by core_clock)
Path Group: core_clock
Path Type: max

Fanout     Cap    Slew   Delay    Time   Description
-----------------------------------------------------------------------------
                          0.00    0.00   clock core_clock (rise edge)
                          0.00    0.00   clock source latency
     2   12.36    0.00    0.00    0.00 ^ clk (in)
                                         clk (net)
                  0.00    0.00    0.00 ^ clkbuf_regs_0_core_clock/A (CLKBUF_X3)
     1    1.44    0.01    0.02    0.02 ^ clkbuf_regs_0_core_clock/Z (CLKBUF_X3)
                                         clk_regs (net)
                  0.01    0.00    0.02 ^ clkbuf_0_clk_regs/A (CLKBUF_X3)
     8   29.51    0.02    0.05    0.07 ^ clkbuf_0_clk_regs/Z (CLKBUF_X3)
                                         clknet_0_clk_regs (net)
                  0.02    0.00    0.08 ^ clkbuf_3_7__f_clk_regs/A (CLKBUF_X3)
     8   23.84    0.02    0.05    0.13 ^ clkbuf_3_7__f_clk_regs/Z (CLKBUF_X3)
                                         clknet_3_7__leaf_clk_regs (net)
                  0.02    0.00    0.13 ^ dout[18]$_SDFF_PN0_/CK (DFF_X1)
     1    1.37    0.01    0.09    0.22 ^ dout[18]$_SDFF_PN0_/Q (DFF_X1)
                                         net237 (net)
                  0.01    0.00    0.22 ^ output238/A (BUF_X1)
     1   14.87    0.03    0.05    0.28 ^ output238/Z (BUF_X1)
                                         dout[18] (net)
                  0.04    0.00    0.28 ^ dout[18] (out)
                                  0.28   data arrival time

                          2.00    2.00   clock core_clock (rise edge)
                          0.00    2.00   clock network delay (propagated)
                          0.00    2.00   clock reconvergence pessimism
                         -0.40    1.60   output external delay
                                  1.60   data required time
-----------------------------------------------------------------------------
                                  1.60   data required time
                                 -0.28   data arrival time
-----------------------------------------------------------------------------
                                  1.32   slack (MET)



==========================================================================
finish report_check_types -max_slew -max_cap -max_fanout -violators
--------------------------------------------------------------------------

==========================================================================
finish max_slew_check_slack
--------------------------------------------------------------------------
0.08097083121538162

==========================================================================
finish max_slew_check_limit
--------------------------------------------------------------------------
0.1985349953174591

==========================================================================
finish max_slew_check_slack_limit
--------------------------------------------------------------------------
0.4078

==========================================================================
finish max_fanout_check_slack
--------------------------------------------------------------------------
1.0000000150474662e+30

==========================================================================
finish max_fanout_check_limit
--------------------------------------------------------------------------
1.0000000150474662e+30

==========================================================================
finish max_capacitance_check_slack
--------------------------------------------------------------------------
4.396031379699707

==========================================================================
finish max_capacitance_check_limit
--------------------------------------------------------------------------
26.016199111938477

==========================================================================
finish max_capacitance_check_slack_limit
--------------------------------------------------------------------------
0.1690

==========================================================================
finish max_slew_violation_count
--------------------------------------------------------------------------
max slew violation count 0

==========================================================================
finish max_fanout_violation_count
--------------------------------------------------------------------------
max fanout violation count 0

==========================================================================
finish max_cap_violation_count
--------------------------------------------------------------------------
max cap violation count 0

==========================================================================
finish setup_violation_count
--------------------------------------------------------------------------
setup violation count 0

==========================================================================
finish hold_violation_count
--------------------------------------------------------------------------
hold violation count 0

==========================================================================
finish report_checks -path_delay max reg to reg
--------------------------------------------------------------------------
Startpoint: g_ram512x64[0].u_ram
            (rising edge-triggered flip-flop clocked by core_clock)
Endpoint: dout[29]$_SDFF_PN0_
          (rising edge-triggered flip-flop clocked by core_clock)
Path Group: core_clock
Path Type: max

  Delay    Time   Description
---------------------------------------------------------
   0.00    0.00   clock core_clock (rise edge)
   0.00    0.00   clock source latency
   0.00    0.00 ^ clk (in)
   0.03    0.03 ^ clkbuf_0_clk/Z (CLKBUF_X3)
   0.07    0.10 ^ clkbuf_1_1__f_clk/Z (CLKBUF_X3)
   0.01    0.11 ^ g_ram512x64[0].u_ram/clk (fakeram45_512x64)
   0.31    0.42 v g_ram512x64[0].u_ram/rd_out[61] (fakeram45_512x64)
   0.13    0.55 ^ _498_/ZN (XNOR2_X1)
   0.07    0.62 ^ _500_/ZN (XNOR2_X1)
   0.03    0.64 v _501_/ZN (XNOR2_X1)
   0.06    0.70 ^ _502_/ZN (NOR2_X1)
   0.00    0.70 ^ dout[29]$_SDFF_PN0_/D (DFF_X1)
           0.70   data arrival time

   2.00    2.00   clock core_clock (rise edge)
   0.00    2.00   clock source latency
   0.00    2.00 ^ clk (in)
   0.02    2.02 ^ clkbuf_regs_0_core_clock/Z (CLKBUF_X3)
   0.05    2.07 ^ clkbuf_0_clk_regs/Z (CLKBUF_X3)
   0.05    2.12 ^ clkbuf_3_0__f_clk_regs/Z (CLKBUF_X3)
   0.00    2.13 ^ dout[29]$_SDFF_PN0_/CK (DFF_X1)
   0.00    2.13   clock reconvergence pessimism
  -0.04    2.09   library setup time
           2.09   data required time
---------------------------------------------------------
           2.09   data required time
          -0.70   data arrival time
---------------------------------------------------------
           1.38   slack (MET)



==========================================================================
finish report_checks -path_delay min reg to reg
--------------------------------------------------------------------------
Startpoint: addr_q[2]$_SDFFE_PN0P_
            (rising edge-triggered flip-flop clocked by core_clock)
Endpoint: g_ram512x64[1].u_ram
          (rising edge-triggered flip-flop clocked by core_clock)
Path Group: core_clock
Path Type: min

  Delay    Time   Description
---------------------------------------------------------
   0.00    0.00   clock core_clock (rise edge)
   0.00    0.00   clock source latency
   0.00    0.00 ^ clk (in)
   0.02    0.02 ^ clkbuf_regs_0_core_clock/Z (CLKBUF_X3)
   0.05    0.07 ^ clkbuf_0_clk_regs/Z (CLKBUF_X3)
   0.05    0.13 ^ clkbuf_3_4__f_clk_regs/Z (CLKBUF_X3)
   0.01    0.13 ^ addr_q[2]$_SDFFE_PN0P_/CK (DFF_X1)
   0.11    0.24 v addr_q[2]$_SDFFE_PN0P_/Q (DFF_X1)
   0.00    0.24 v g_ram512x64[1].u_ram/addr_in[2] (fakeram45_512x64)
           0.24   data arrival time

   0.00    0.00   clock core_clock (rise edge)
   0.00    0.00   clock source latency
   0.00    0.00 ^ clk (in)
   0.03    0.03 ^ clkbuf_0_clk/Z (CLKBUF_X3)
   0.07    0.10 ^ clkbuf_1_0__f_clk/Z (CLKBUF_X3)
   0.01    0.11 ^ g_ram512x64[1].u_ram/clk (fakeram45_512x64)
   0.00    0.11   clock reconvergence pessimism
   0.05    0.16   library hold time
           0.16   data required time
---------------------------------------------------------
           0.16   data required time
          -0.24   data arrival time
---------------------------------------------------------
           0.08   slack (MET)



==========================================================================
finish critical path target clock latency max path
--------------------------------------------------------------------------
0.1327

==========================================================================
finish critical path target clock latency min path
--------------------------------------------------------------------------
0.1331

==========================================================================
finish critical path source clock latency min path
--------------------------------------------------------------------------
0.0000

==========================================================================
finish critical path delay
--------------------------------------------------------------------------
0.2803

==========================================================================
finish critical path slack
--------------------------------------------------------------------------
1.3197

==========================================================================
finish slack div critical path delay
--------------------------------------------------------------------------
470.816982

==========================================================================
finish report_power
--------------------------------------------------------------------------
Group                  Internal  Switching    Leakage      Total
                          Power      Power      Power      Power (Watts)
----------------------------------------------------------------
Sequential             2.05e-04   3.97e-05   6.13e-06   2.51e-04   1.2%
Combinational          2.65e-05   1.02e-04   1.22e-05   1.41e-04   0.6%
Clock                  8.13e-05   1.99e-04   6.13e-07   2.81e-04   1.3%
Macro                  1.77e-02   0.00e+00   3.24e-03   2.10e-02  96.9%
Pad                    0.00e+00   0.00e+00   0.00e+00   0.00e+00   0.0%
----------------------------------------------------------------
Total                  1.81e-02   3.41e-04   3.26e-03   2.17e-02 100.0%
                          83.4%       1.6%      15.1%
