
==========================================================================
floorplan final report_tns
--------------------------------------------------------------------------
tns max -31.67

==========================================================================
floorplan final report_wns
--------------------------------------------------------------------------
wns max -2.00

==========================================================================
floorplan final report_worst_slack
--------------------------------------------------------------------------
worst slack max -2.00

==========================================================================
floorplan final report_clock_min_period
--------------------------------------------------------------------------
core_clock period_min = 4.00 fmax = 249.88

==========================================================================
floorplan final report_checks -path_delay min
--------------------------------------------------------------------------
Startpoint: rst_n (input port clocked by core_clock)
Endpoint: acc[0]$_DFFE_PN0P_
          (removal check against rising-edge clock core_clock)
Path Group: asynchronous
Path Type: min

Fanout     Cap    Slew   Delay    Time   Description
-----------------------------------------------------------------------------
                  0.00    0.00    0.00   clock core_clock (rise edge)
                          0.00    0.00   clock network delay (ideal)
                          0.40    0.40 ^ input external delay
   157  279.07    0.00    0.00    0.40 ^ rst_n (in)
                                         rst_n (net)
                  0.00    0.00    0.40 ^ acc[0]$_DFFE_PN0P_/RN (DFFR_X1)
                                  0.40   data arrival time

                  0.00    0.00    0.00   clock core_clock (rise edge)
                          0.00    0.00   clock network delay (ideal)
                          0.00    0.00   clock reconvergence pessimism
                                  0.00 ^ acc[0]$_DFFE_PN0P_/CK (DFFR_X1)
                          0.18    0.18   library removal time
                                  0.18   data required time
-----------------------------------------------------------------------------
                                  0.18   data required time
                                 -0.40   data arrival time
-----------------------------------------------------------------------------
                                  0.22   slack (MET)


Startpoint: cyc_cnt[0]$_DFF_PN0_
            (rising edge-triggered flip-flop clocked by core_clock)
Endpoint: cyc_cnt[0]$_DFF_PN0_
          (rising edge-triggered flip-flop clocked by core_clock)
Path Group: core_clock
Path Type: min

Fanout     Cap    Slew   Delay    Time   Description
-----------------------------------------------------------------------------
                  0.00    0.00    0.00   clock core_clock (rise edge)
                          0.00    0.00   clock network delay (ideal)
                  0.00    0.00    0.00 ^ cyc_cnt[0]$_DFF_PN0_/CK (DFFR_X1)
     1    1.55    0.01    0.06    0.06 v cyc_cnt[0]$_DFF_PN0_/QN (DFFR_X1)
                                         _00034_ (net)
                  0.01    0.00    0.06 v _17110_/A (INV_X1)
     1    1.57    0.01    0.01    0.08 ^ _17110_/ZN (INV_X1)
                                         _07068_ (net)
                  0.01    0.00    0.08 ^ _17111_/B2 (OAI21_X1)
     1    1.05    0.01    0.01    0.09 v _17111_/ZN (OAI21_X1)
                                         _00000_ (net)
                  0.01    0.00    0.09 v cyc_cnt[0]$_DFF_PN0_/D (DFFR_X1)
                                  0.09   data arrival time

                  0.00    0.00    0.00   clock core_clock (rise edge)
                          0.00    0.00   clock network delay (ideal)
                          0.00    0.00   clock reconvergence pessimism
                                  0.00 ^ cyc_cnt[0]$_DFF_PN0_/CK (DFFR_X1)
                          0.00    0.00   library hold time
                                  0.00   data required time
-----------------------------------------------------------------------------
                                  0.00   data required time
                                 -0.09   data arrival time
-----------------------------------------------------------------------------
                                  0.09   slack (MET)



==========================================================================
floorplan final report_checks -path_delay max
--------------------------------------------------------------------------
Startpoint: rst_n (input port clocked by core_clock)
Endpoint: acc[0]$_DFFE_PN0P_
          (recovery check against rising-edge clock core_clock)
Path Group: asynchronous
Path Type: max

Fanout     Cap    Slew   Delay    Time   Description
-----------------------------------------------------------------------------
                  0.00    0.00    0.00   clock core_clock (rise edge)
                          0.00    0.00   clock network delay (ideal)
                          0.40    0.40 ^ input external delay
   157  279.07    0.00    0.00    0.40 ^ rst_n (in)
                                         rst_n (net)
                  0.00    0.00    0.40 ^ acc[0]$_DFFE_PN0P_/RN (DFFR_X1)
                                  0.40   data arrival time

                  0.00    2.00    2.00   clock core_clock (rise edge)
                          0.00    2.00   clock network delay (ideal)
                          0.00    2.00   clock reconvergence pessimism
                                  2.00 ^ acc[0]$_DFFE_PN0P_/CK (DFFR_X1)
                          0.05    2.05   library recovery time
                                  2.05   data required time
-----------------------------------------------------------------------------
                                  2.05   data required time
                                 -0.40   data arrival time
-----------------------------------------------------------------------------
                                  1.65   slack (MET)


Startpoint: i_qmult[31] (input port clocked by core_clock)
Endpoint: o_out_data[7]$_DFFE_PN0P_
          (rising edge-triggered flip-flop clocked by core_clock)
Path Group: core_clock
Path Type: max

Fanout     Cap    Slew   Delay    Time   Description
-----------------------------------------------------------------------------
                  0.00    0.00    0.00   clock core_clock (rise edge)
                          0.00    0.00   clock network delay (ideal)
                          0.40    0.40 ^ input external delay
     1   26.70    0.00    0.00    0.40 ^ i_qmult[31] (in)
                                         i_qmult[31] (net)
                  0.00    0.00    0.40 ^ _13190_/A (BUF_X32)
     5   31.29    0.01    0.02    0.42 ^ _13190_/Z (BUF_X32)
                                         _04662_ (net)
                  0.01    0.00    0.42 ^ _13191_/A (BUF_X32)
    10   17.55    0.01    0.02    0.43 ^ _13191_/Z (BUF_X32)
                                         _04663_ (net)
                  0.01    0.00    0.43 ^ _13193_/A1 (AND2_X4)
     2    6.92    0.01    0.03    0.46 ^ _13193_/ZN (AND2_X4)
                                         _00189_ (net)
                  0.01    0.00    0.46 ^ _19565_/B (HA_X1)
     5   17.74    0.10    0.13    0.59 ^ _19565_/S (HA_X1)
                                         _07998_ (net)
                  0.10    0.00    0.59 ^ _18136_/CI (FA_X1)
     2    6.06    0.02    0.12    0.71 v _18136_/S (FA_X1)
                                         _08002_ (net)
                  0.02    0.00    0.71 v _19270_/CI (FA_X1)
    11   40.22    0.10    0.20    0.91 ^ _19270_/S (FA_X1)
                                         _09407_ (net)
                  0.10    0.00    0.91 ^ _18676_/CI (FA_X1)
    16   54.31    0.13    0.20    1.11 ^ _18676_/CO (FA_X1)
                                         _00302_ (net)
                  0.13    0.00    1.11 ^ _18390_/B (FA_X1)
     1    2.66    0.02    0.12    1.23 v _18390_/S (FA_X1)
                                         _08691_ (net)
                  0.02    0.00    1.23 v _19169_/CI (FA_X1)
     1    2.76    0.01    0.12    1.34 ^ _19169_/S (FA_X1)
                                         _10522_ (net)
                  0.01    0.00    1.34 ^ _19278_/CI (FA_X1)
     1    2.66    0.02    0.09    1.43 v _19278_/S (FA_X1)
                                         _09392_ (net)
                  0.02    0.00    1.43 v _18672_/CI (FA_X1)
     1    3.45    0.02    0.12    1.55 ^ _18672_/S (FA_X1)
                                         _09395_ (net)
                  0.02    0.00    1.55 ^ _19679_/B (HA_X1)
     2    6.32    0.04    0.07    1.62 ^ _19679_/S (HA_X1)
                                         _01541_ (net)
                  0.04    0.00    1.62 ^ _11280_/A (BUF_X4)
    10   21.86    0.02    0.04    1.66 ^ _11280_/Z (BUF_X4)
                                         _02869_ (net)
                  0.02    0.00    1.66 ^ _11414_/A1 (AND4_X4)
     5   19.40    0.02    0.06    1.72 ^ _11414_/ZN (AND4_X4)
                                         _03001_ (net)
                  0.02    0.00    1.72 ^ _11957_/A1 (NAND2_X4)
     1    6.46    0.01    0.01    1.73 v _11957_/ZN (NAND2_X4)
                                         _03534_ (net)
                  0.01    0.00    1.73 v _11959_/B2 (OAI21_X4)
     4    8.59    0.02    0.03    1.77 ^ _11959_/ZN (OAI21_X4)
                                         _03536_ (net)
                  0.02    0.00    1.77 ^ _11984_/S (MUX2_X1)
     1    3.18    0.01    0.06    1.83 v _11984_/Z (MUX2_X1)
                                         _03561_ (net)
                  0.01    0.00    1.83 v _11986_/A3 (OR4_X4)
     3    8.52    0.02    0.11    1.94 v _11986_/ZN (OR4_X4)
                                         _03563_ (net)
                  0.02    0.00    1.94 v _15035_/A (INV_X4)
     3    5.08    0.01    0.02    1.95 ^ _15035_/ZN (INV_X4)
                                         u_rq.q31[19] (net)
                  0.01    0.00    1.95 ^ _20050_/A (HA_X1)
     1    3.40    0.03    0.06    2.01 ^ _20050_/S (HA_X1)
                                         _02148_ (net)
                  0.03    0.00    2.01 ^ _11702_/A (BUF_X4)
     8   18.77    0.01    0.03    2.04 ^ _11702_/Z (BUF_X4)
                                         _03281_ (net)
                  0.01    0.00    2.04 ^ _11739_/A1 (NAND4_X4)
     4   12.57    0.02    0.03    2.07 v _11739_/ZN (NAND4_X4)
                                         _03318_ (net)
                  0.02    0.00    2.07 v _11741_/A2 (NOR2_X4)
     1    6.36    0.02    0.03    2.10 ^ _11741_/ZN (NOR2_X4)
                                         _03320_ (net)
                  0.02    0.00    2.10 ^ _11756_/A (OAI211_X4)
     2    4.52    0.02    0.03    2.13 v _11756_/ZN (OAI211_X4)
                                         _03335_ (net)
                  0.02    0.00    2.13 v _11786_/A (AOI211_X2)
     4    8.38    0.05    0.09    2.22 ^ _11786_/ZN (AOI211_X2)
                                         _03365_ (net)
                  0.05    0.00    2.22 ^ _11788_/C2 (AOI211_X2)
     3    6.67    0.02    0.03    2.25 v _11788_/ZN (AOI211_X2)
                                         _03367_ (net)
                  0.02    0.00    2.25 v _11791_/B2 (OAI21_X2)
     2    4.78    0.02    0.04    2.29 ^ _11791_/ZN (OAI21_X2)
                                         _03370_ (net)
                  0.02    0.00    2.29 ^ _11792_/B1 (AOI21_X2)
     2    5.86    0.02    0.02    2.31 v _11792_/ZN (AOI21_X2)
                                         _03371_ (net)
                  0.02    0.00    2.31 v _11794_/A2 (OR3_X4)
     3    7.50    0.01    0.07    2.38 v _11794_/ZN (OR3_X4)
                                         _03373_ (net)
                  0.01    0.00    2.38 v _11796_/A1 (AND3_X4)
     5    8.97    0.01    0.03    2.41 v _11796_/ZN (AND3_X4)
                                         _03375_ (net)
                  0.01    0.00    2.41 v _15066_/A1 (OR2_X4)
     1    5.81    0.01    0.04    2.45 v _15066_/ZN (OR2_X4)
                                         _05187_ (net)
                  0.01    0.00    2.45 v _15067_/A (BUF_X8)
     9   10.71    0.01    0.02    2.47 v _15067_/Z (BUF_X8)
                                         _05188_ (net)
                  0.01    0.00    2.47 v _15176_/A (MUX2_X2)
     7    9.39    0.01    0.06    2.54 v _15176_/Z (MUX2_X2)
                                         _05297_ (net)
                  0.01    0.00    2.54 v _15638_/B (MUX2_X2)
     2    4.20    0.01    0.06    2.59 v _15638_/Z (MUX2_X2)
                                         _05751_ (net)
                  0.01    0.00    2.59 v _16061_/B (MUX2_X2)
     1    1.56    0.01    0.05    2.65 v _16061_/Z (MUX2_X2)
                                         _06158_ (net)
                  0.01    0.00    2.65 v _16073_/A (MUX2_X2)
     2    5.56    0.01    0.06    2.71 v _16073_/Z (MUX2_X2)
                                         _06170_ (net)
                  0.01    0.00    2.71 v _16075_/B1 (OAI222_X2)
     1    3.19    0.05    0.04    2.75 ^ _16075_/ZN (OAI222_X2)
                                         u_rq.shifted[38] (net)
                  0.05    0.00    2.75 ^ _19875_/A (HA_X1)
     1    3.40    0.04    0.06    2.81 ^ _19875_/S (HA_X1)
                                         _01853_ (net)
                  0.04    0.00    2.81 ^ _12204_/A (BUF_X4)
     6   14.40    0.01    0.03    2.84 ^ _12204_/Z (BUF_X4)
                                         _03776_ (net)
                  0.01    0.00    2.84 ^ _12320_/A (OAI21_X4)
     1    2.73    0.01    0.02    2.86 v _12320_/ZN (OAI21_X4)
                                         _03892_ (net)
                  0.01    0.00    2.86 v _12321_/B1 (AOI21_X2)
     2    3.23    0.02    0.03    2.89 ^ _12321_/ZN (AOI21_X2)
                                         _03893_ (net)
                  0.02    0.00    2.89 ^ _12322_/A4 (NAND4_X1)
     1    2.94    0.02    0.04    2.93 v _12322_/ZN (NAND4_X1)
                                         _03894_ (net)
                  0.02    0.00    2.93 v _12333_/A (AOI21_X2)
     2    4.98    0.03    0.05    2.97 ^ _12333_/ZN (AOI21_X2)
                                         _03905_ (net)
                  0.03    0.00    2.97 ^ _12335_/B2 (OAI21_X2)
     2    4.77    0.01    0.02    3.00 v _12335_/ZN (OAI21_X2)
                                         _03907_ (net)
                  0.01    0.00    3.00 v _12341_/A3 (NOR4_X2)
     2    3.33    0.04    0.08    3.07 ^ _12341_/ZN (NOR4_X2)
                                         _03913_ (net)
                  0.04    0.00    3.07 ^ _12351_/A2 (NOR3_X1)
     1    1.38    0.01    0.01    3.09 v _12351_/ZN (NOR3_X1)
                                         _03923_ (net)
                  0.01    0.00    3.09 v _12355_/A1 (OR3_X2)
     3    6.92    0.01    0.07    3.15 v _12355_/ZN (OR3_X2)
                                         _03927_ (net)
                  0.01    0.00    3.15 v _12363_/A2 (AND3_X4)
     2    3.99    0.01    0.03    3.19 v _12363_/ZN (AND3_X4)
                                         _03935_ (net)
                  0.01    0.00    3.19 v _12370_/A1 (OR3_X4)
     1    2.57    0.01    0.05    3.24 v _12370_/ZN (OR3_X4)
                                         _03942_ (net)
                  0.01    0.00    3.24 v _12371_/A1 (OR4_X4)
     2    4.60    0.02    0.07    3.31 v _12371_/ZN (OR4_X4)
                                         _03943_ (net)
                  0.02    0.00    3.31 v _12373_/A1 (AND2_X4)
     2    4.75    0.01    0.03    3.34 v _12373_/ZN (AND2_X4)
                                         u_rq.biased[63] (net)
                  0.01    0.00    3.34 v _20161_/B (HA_X1)
     3   11.88    0.07    0.08    3.42 ^ _20161_/S (HA_X1)
                                         _02350_ (net)
                  0.07    0.00    3.42 ^ _17508_/A4 (NAND4_X2)
     2    8.54    0.03    0.05    3.47 v _17508_/ZN (NAND4_X2)
                                         _07410_ (net)
                  0.03    0.00    3.47 v _17512_/A2 (NOR4_X4)
     2    7.06    0.04    0.07    3.54 ^ _17512_/ZN (NOR4_X4)
                                         _07414_ (net)
                  0.04    0.00    3.54 ^ _17539_/A3 (NAND3_X2)
     2    7.98    0.02    0.03    3.58 v _17539_/ZN (NAND3_X2)
                                         _07441_ (net)
                  0.02    0.00    3.58 v _17557_/B1 (OAI221_X2)
     1    3.14    0.04    0.05    3.63 ^ _17557_/ZN (OAI221_X2)
                                         _07459_ (net)
                  0.04    0.00    3.63 ^ _17618_/A (AOI21_X2)
     1    3.80    0.01    0.02    3.65 v _17618_/ZN (AOI21_X2)
                                         _07520_ (net)
                  0.01    0.00    3.65 v _17619_/A (XNOR2_X2)
     3    7.49    0.03    0.04    3.69 v _17619_/ZN (XNOR2_X2)
                                         _07521_ (net)
                  0.03    0.00    3.69 v _17634_/A1 (AND2_X4)
     3    9.42    0.01    0.04    3.73 v _17634_/ZN (AND2_X4)
                                         _07536_ (net)
                  0.01    0.00    3.73 v _17646_/A2 (NOR2_X4)
     2    7.01    0.02    0.03    3.75 ^ _17646_/ZN (NOR2_X4)
                                         _07548_ (net)
                  0.02    0.00    3.75 ^ _17677_/A2 (AND3_X1)
     1    1.61    0.01    0.04    3.80 ^ _17677_/ZN (AND3_X1)
                                         _07579_ (net)
                  0.01    0.00    3.80 ^ _17698_/A2 (AND4_X2)
     1    3.50    0.01    0.05    3.85 ^ _17698_/ZN (AND4_X2)
                                         _07600_ (net)
                  0.01    0.00    3.85 ^ _17699_/C2 (AOI221_X2)
     1    3.00    0.01    0.02    3.87 v _17699_/ZN (AOI221_X2)
                                         _07601_ (net)
                  0.01    0.00    3.87 v _17700_/A (BUF_X4)
     8   14.11    0.01    0.03    3.90 v _17700_/Z (BUF_X4)
                                         _07602_ (net)
                  0.01    0.00    3.90 v _18081_/A1 (OR2_X2)
     1    1.57    0.01    0.04    3.94 v _18081_/ZN (OR2_X2)
                                         _02689_ (net)
                  0.01    0.00    3.94 v _18082_/A2 (AND2_X2)
     1    1.05    0.00    0.03    3.96 v _18082_/ZN (AND2_X2)
                                         _02553_ (net)
                  0.00    0.00    3.96 v o_out_data[7]$_DFFE_PN0P_/D (DFFR_X1)
                                  3.96   data arrival time

                  0.00    2.00    2.00   clock core_clock (rise edge)
                          0.00    2.00   clock network delay (ideal)
                          0.00    2.00   clock reconvergence pessimism
                                  2.00 ^ o_out_data[7]$_DFFE_PN0P_/CK (DFFR_X1)
                         -0.04    1.96   library setup time
                                  1.96   data required time
-----------------------------------------------------------------------------
                                  1.96   data required time
                                 -3.96   data arrival time
-----------------------------------------------------------------------------
                                 -2.00   slack (VIOLATED)



==========================================================================
floorplan final report_checks -unconstrained
--------------------------------------------------------------------------
Startpoint: rst_n (input port clocked by core_clock)
Endpoint: acc[0]$_DFFE_PN0P_
          (recovery check against rising-edge clock core_clock)
Path Group: asynchronous
Path Type: max

Fanout     Cap    Slew   Delay    Time   Description
-----------------------------------------------------------------------------
                  0.00    0.00    0.00   clock core_clock (rise edge)
                          0.00    0.00   clock network delay (ideal)
                          0.40    0.40 ^ input external delay
   157  279.07    0.00    0.00    0.40 ^ rst_n (in)
                                         rst_n (net)
                  0.00    0.00    0.40 ^ acc[0]$_DFFE_PN0P_/RN (DFFR_X1)
                                  0.40   data arrival time

                  0.00    2.00    2.00   clock core_clock (rise edge)
                          0.00    2.00   clock network delay (ideal)
                          0.00    2.00   clock reconvergence pessimism
                                  2.00 ^ acc[0]$_DFFE_PN0P_/CK (DFFR_X1)
                          0.05    2.05   library recovery time
                                  2.05   data required time
-----------------------------------------------------------------------------
                                  2.05   data required time
                                 -0.40   data arrival time
-----------------------------------------------------------------------------
                                  1.65   slack (MET)


Startpoint: i_qmult[31] (input port clocked by core_clock)
Endpoint: o_out_data[7]$_DFFE_PN0P_
          (rising edge-triggered flip-flop clocked by core_clock)
Path Group: core_clock
Path Type: max

Fanout     Cap    Slew   Delay    Time   Description
-----------------------------------------------------------------------------
                  0.00    0.00    0.00   clock core_clock (rise edge)
                          0.00    0.00   clock network delay (ideal)
                          0.40    0.40 ^ input external delay
     1   26.70    0.00    0.00    0.40 ^ i_qmult[31] (in)
                                         i_qmult[31] (net)
                  0.00    0.00    0.40 ^ _13190_/A (BUF_X32)
     5   31.29    0.01    0.02    0.42 ^ _13190_/Z (BUF_X32)
                                         _04662_ (net)
                  0.01    0.00    0.42 ^ _13191_/A (BUF_X32)
    10   17.55    0.01    0.02    0.43 ^ _13191_/Z (BUF_X32)
                                         _04663_ (net)
                  0.01    0.00    0.43 ^ _13193_/A1 (AND2_X4)
     2    6.92    0.01    0.03    0.46 ^ _13193_/ZN (AND2_X4)
                                         _00189_ (net)
                  0.01    0.00    0.46 ^ _19565_/B (HA_X1)
     5   17.74    0.10    0.13    0.59 ^ _19565_/S (HA_X1)
                                         _07998_ (net)
                  0.10    0.00    0.59 ^ _18136_/CI (FA_X1)
     2    6.06    0.02    0.12    0.71 v _18136_/S (FA_X1)
                                         _08002_ (net)
                  0.02    0.00    0.71 v _19270_/CI (FA_X1)
    11   40.22    0.10    0.20    0.91 ^ _19270_/S (FA_X1)
                                         _09407_ (net)
                  0.10    0.00    0.91 ^ _18676_/CI (FA_X1)
    16   54.31    0.13    0.20    1.11 ^ _18676_/CO (FA_X1)
                                         _00302_ (net)
                  0.13    0.00    1.11 ^ _18390_/B (FA_X1)
     1    2.66    0.02    0.12    1.23 v _18390_/S (FA_X1)
                                         _08691_ (net)
                  0.02    0.00    1.23 v _19169_/CI (FA_X1)
     1    2.76    0.01    0.12    1.34 ^ _19169_/S (FA_X1)
                                         _10522_ (net)
                  0.01    0.00    1.34 ^ _19278_/CI (FA_X1)
     1    2.66    0.02    0.09    1.43 v _19278_/S (FA_X1)
                                         _09392_ (net)
                  0.02    0.00    1.43 v _18672_/CI (FA_X1)
     1    3.45    0.02    0.12    1.55 ^ _18672_/S (FA_X1)
                                         _09395_ (net)
                  0.02    0.00    1.55 ^ _19679_/B (HA_X1)
     2    6.32    0.04    0.07    1.62 ^ _19679_/S (HA_X1)
                                         _01541_ (net)
                  0.04    0.00    1.62 ^ _11280_/A (BUF_X4)
    10   21.86    0.02    0.04    1.66 ^ _11280_/Z (BUF_X4)
                                         _02869_ (net)
                  0.02    0.00    1.66 ^ _11414_/A1 (AND4_X4)
     5   19.40    0.02    0.06    1.72 ^ _11414_/ZN (AND4_X4)
                                         _03001_ (net)
                  0.02    0.00    1.72 ^ _11957_/A1 (NAND2_X4)
     1    6.46    0.01    0.01    1.73 v _11957_/ZN (NAND2_X4)
                                         _03534_ (net)
                  0.01    0.00    1.73 v _11959_/B2 (OAI21_X4)
     4    8.59    0.02    0.03    1.77 ^ _11959_/ZN (OAI21_X4)
                                         _03536_ (net)
                  0.02    0.00    1.77 ^ _11984_/S (MUX2_X1)
     1    3.18    0.01    0.06    1.83 v _11984_/Z (MUX2_X1)
                                         _03561_ (net)
                  0.01    0.00    1.83 v _11986_/A3 (OR4_X4)
     3    8.52    0.02    0.11    1.94 v _11986_/ZN (OR4_X4)
                                         _03563_ (net)
                  0.02    0.00    1.94 v _15035_/A (INV_X4)
     3    5.08    0.01    0.02    1.95 ^ _15035_/ZN (INV_X4)
                                         u_rq.q31[19] (net)
                  0.01    0.00    1.95 ^ _20050_/A (HA_X1)
     1    3.40    0.03    0.06    2.01 ^ _20050_/S (HA_X1)
                                         _02148_ (net)
                  0.03    0.00    2.01 ^ _11702_/A (BUF_X4)
     8   18.77    0.01    0.03    2.04 ^ _11702_/Z (BUF_X4)
                                         _03281_ (net)
                  0.01    0.00    2.04 ^ _11739_/A1 (NAND4_X4)
     4   12.57    0.02    0.03    2.07 v _11739_/ZN (NAND4_X4)
                                         _03318_ (net)
                  0.02    0.00    2.07 v _11741_/A2 (NOR2_X4)
     1    6.36    0.02    0.03    2.10 ^ _11741_/ZN (NOR2_X4)
                                         _03320_ (net)
                  0.02    0.00    2.10 ^ _11756_/A (OAI211_X4)
     2    4.52    0.02    0.03    2.13 v _11756_/ZN (OAI211_X4)
                                         _03335_ (net)
                  0.02    0.00    2.13 v _11786_/A (AOI211_X2)
     4    8.38    0.05    0.09    2.22 ^ _11786_/ZN (AOI211_X2)
                                         _03365_ (net)
                  0.05    0.00    2.22 ^ _11788_/C2 (AOI211_X2)
     3    6.67    0.02    0.03    2.25 v _11788_/ZN (AOI211_X2)
                                         _03367_ (net)
                  0.02    0.00    2.25 v _11791_/B2 (OAI21_X2)
     2    4.78    0.02    0.04    2.29 ^ _11791_/ZN (OAI21_X2)
                                         _03370_ (net)
                  0.02    0.00    2.29 ^ _11792_/B1 (AOI21_X2)
     2    5.86    0.02    0.02    2.31 v _11792_/ZN (AOI21_X2)
                                         _03371_ (net)
                  0.02    0.00    2.31 v _11794_/A2 (OR3_X4)
     3    7.50    0.01    0.07    2.38 v _11794_/ZN (OR3_X4)
                                         _03373_ (net)
                  0.01    0.00    2.38 v _11796_/A1 (AND3_X4)
     5    8.97    0.01    0.03    2.41 v _11796_/ZN (AND3_X4)
                                         _03375_ (net)
                  0.01    0.00    2.41 v _15066_/A1 (OR2_X4)
     1    5.81    0.01    0.04    2.45 v _15066_/ZN (OR2_X4)
                                         _05187_ (net)
                  0.01    0.00    2.45 v _15067_/A (BUF_X8)
     9   10.71    0.01    0.02    2.47 v _15067_/Z (BUF_X8)
                                         _05188_ (net)
                  0.01    0.00    2.47 v _15176_/A (MUX2_X2)
     7    9.39    0.01    0.06    2.54 v _15176_/Z (MUX2_X2)
                                         _05297_ (net)
                  0.01    0.00    2.54 v _15638_/B (MUX2_X2)
     2    4.20    0.01    0.06    2.59 v _15638_/Z (MUX2_X2)
                                         _05751_ (net)
                  0.01    0.00    2.59 v _16061_/B (MUX2_X2)
     1    1.56    0.01    0.05    2.65 v _16061_/Z (MUX2_X2)
                                         _06158_ (net)
                  0.01    0.00    2.65 v _16073_/A (MUX2_X2)
     2    5.56    0.01    0.06    2.71 v _16073_/Z (MUX2_X2)
                                         _06170_ (net)
                  0.01    0.00    2.71 v _16075_/B1 (OAI222_X2)
     1    3.19    0.05    0.04    2.75 ^ _16075_/ZN (OAI222_X2)
                                         u_rq.shifted[38] (net)
                  0.05    0.00    2.75 ^ _19875_/A (HA_X1)
     1    3.40    0.04    0.06    2.81 ^ _19875_/S (HA_X1)
                                         _01853_ (net)
                  0.04    0.00    2.81 ^ _12204_/A (BUF_X4)
     6   14.40    0.01    0.03    2.84 ^ _12204_/Z (BUF_X4)
                                         _03776_ (net)
                  0.01    0.00    2.84 ^ _12320_/A (OAI21_X4)
     1    2.73    0.01    0.02    2.86 v _12320_/ZN (OAI21_X4)
                                         _03892_ (net)
                  0.01    0.00    2.86 v _12321_/B1 (AOI21_X2)
     2    3.23    0.02    0.03    2.89 ^ _12321_/ZN (AOI21_X2)
                                         _03893_ (net)
                  0.02    0.00    2.89 ^ _12322_/A4 (NAND4_X1)
     1    2.94    0.02    0.04    2.93 v _12322_/ZN (NAND4_X1)
                                         _03894_ (net)
                  0.02    0.00    2.93 v _12333_/A (AOI21_X2)
     2    4.98    0.03    0.05    2.97 ^ _12333_/ZN (AOI21_X2)
                                         _03905_ (net)
                  0.03    0.00    2.97 ^ _12335_/B2 (OAI21_X2)
     2    4.77    0.01    0.02    3.00 v _12335_/ZN (OAI21_X2)
                                         _03907_ (net)
                  0.01    0.00    3.00 v _12341_/A3 (NOR4_X2)
     2    3.33    0.04    0.08    3.07 ^ _12341_/ZN (NOR4_X2)
                                         _03913_ (net)
                  0.04    0.00    3.07 ^ _12351_/A2 (NOR3_X1)
     1    1.38    0.01    0.01    3.09 v _12351_/ZN (NOR3_X1)
                                         _03923_ (net)
                  0.01    0.00    3.09 v _12355_/A1 (OR3_X2)
     3    6.92    0.01    0.07    3.15 v _12355_/ZN (OR3_X2)
                                         _03927_ (net)
                  0.01    0.00    3.15 v _12363_/A2 (AND3_X4)
     2    3.99    0.01    0.03    3.19 v _12363_/ZN (AND3_X4)
                                         _03935_ (net)
                  0.01    0.00    3.19 v _12370_/A1 (OR3_X4)
     1    2.57    0.01    0.05    3.24 v _12370_/ZN (OR3_X4)
                                         _03942_ (net)
                  0.01    0.00    3.24 v _12371_/A1 (OR4_X4)
     2    4.60    0.02    0.07    3.31 v _12371_/ZN (OR4_X4)
                                         _03943_ (net)
                  0.02    0.00    3.31 v _12373_/A1 (AND2_X4)
     2    4.75    0.01    0.03    3.34 v _12373_/ZN (AND2_X4)
                                         u_rq.biased[63] (net)
                  0.01    0.00    3.34 v _20161_/B (HA_X1)
     3   11.88    0.07    0.08    3.42 ^ _20161_/S (HA_X1)
                                         _02350_ (net)
                  0.07    0.00    3.42 ^ _17508_/A4 (NAND4_X2)
     2    8.54    0.03    0.05    3.47 v _17508_/ZN (NAND4_X2)
                                         _07410_ (net)
                  0.03    0.00    3.47 v _17512_/A2 (NOR4_X4)
     2    7.06    0.04    0.07    3.54 ^ _17512_/ZN (NOR4_X4)
                                         _07414_ (net)
                  0.04    0.00    3.54 ^ _17539_/A3 (NAND3_X2)
     2    7.98    0.02    0.03    3.58 v _17539_/ZN (NAND3_X2)
                                         _07441_ (net)
                  0.02    0.00    3.58 v _17557_/B1 (OAI221_X2)
     1    3.14    0.04    0.05    3.63 ^ _17557_/ZN (OAI221_X2)
                                         _07459_ (net)
                  0.04    0.00    3.63 ^ _17618_/A (AOI21_X2)
     1    3.80    0.01    0.02    3.65 v _17618_/ZN (AOI21_X2)
                                         _07520_ (net)
                  0.01    0.00    3.65 v _17619_/A (XNOR2_X2)
     3    7.49    0.03    0.04    3.69 v _17619_/ZN (XNOR2_X2)
                                         _07521_ (net)
                  0.03    0.00    3.69 v _17634_/A1 (AND2_X4)
     3    9.42    0.01    0.04    3.73 v _17634_/ZN (AND2_X4)
                                         _07536_ (net)
                  0.01    0.00    3.73 v _17646_/A2 (NOR2_X4)
     2    7.01    0.02    0.03    3.75 ^ _17646_/ZN (NOR2_X4)
                                         _07548_ (net)
                  0.02    0.00    3.75 ^ _17677_/A2 (AND3_X1)
     1    1.61    0.01    0.04    3.80 ^ _17677_/ZN (AND3_X1)
                                         _07579_ (net)
                  0.01    0.00    3.80 ^ _17698_/A2 (AND4_X2)
     1    3.50    0.01    0.05    3.85 ^ _17698_/ZN (AND4_X2)
                                         _07600_ (net)
                  0.01    0.00    3.85 ^ _17699_/C2 (AOI221_X2)
     1    3.00    0.01    0.02    3.87 v _17699_/ZN (AOI221_X2)
                                         _07601_ (net)
                  0.01    0.00    3.87 v _17700_/A (BUF_X4)
     8   14.11    0.01    0.03    3.90 v _17700_/Z (BUF_X4)
                                         _07602_ (net)
                  0.01    0.00    3.90 v _18081_/A1 (OR2_X2)
     1    1.57    0.01    0.04    3.94 v _18081_/ZN (OR2_X2)
                                         _02689_ (net)
                  0.01    0.00    3.94 v _18082_/A2 (AND2_X2)
     1    1.05    0.00    0.03    3.96 v _18082_/ZN (AND2_X2)
                                         _02553_ (net)
                  0.00    0.00    3.96 v o_out_data[7]$_DFFE_PN0P_/D (DFFR_X1)
                                  3.96   data arrival time

                  0.00    2.00    2.00   clock core_clock (rise edge)
                          0.00    2.00   clock network delay (ideal)
                          0.00    2.00   clock reconvergence pessimism
                                  2.00 ^ o_out_data[7]$_DFFE_PN0P_/CK (DFFR_X1)
                         -0.04    1.96   library setup time
                                  1.96   data required time
-----------------------------------------------------------------------------
                                  1.96   data required time
                                 -3.96   data arrival time
-----------------------------------------------------------------------------
                                 -2.00   slack (VIOLATED)



==========================================================================
floorplan final report_power
--------------------------------------------------------------------------
Group                  Internal  Switching    Leakage      Total
                          Power      Power      Power      Power (Watts)
----------------------------------------------------------------
Sequential             1.88e-03   3.56e-04   1.88e-05   2.26e-03   0.3%
Combinational          4.31e-01   3.49e-01   3.34e-04   7.81e-01  99.7%
Clock                  0.00e+00   0.00e+00   0.00e+00   0.00e+00   0.0%
Macro                  0.00e+00   0.00e+00   0.00e+00   0.00e+00   0.0%
Pad                    0.00e+00   0.00e+00   0.00e+00   0.00e+00   0.0%
----------------------------------------------------------------
Total                  4.33e-01   3.50e-01   3.53e-04   7.83e-01 100.0%
                          55.3%      44.6%       0.0%
