
==========================================================================
floorplan final report_tns
--------------------------------------------------------------------------
tns max -22.86

==========================================================================
floorplan final report_wns
--------------------------------------------------------------------------
wns max -0.61

==========================================================================
floorplan final report_worst_slack
--------------------------------------------------------------------------
worst slack max -0.61

==========================================================================
floorplan final report_clock_min_period
--------------------------------------------------------------------------
core_clock period_min = 2.61 fmax = 382.76

==========================================================================
floorplan final report_checks -path_delay min
--------------------------------------------------------------------------
Startpoint: rst_n (input port clocked by core_clock)
Endpoint: acc[0]$_DFFE_PN0P_
          (removal check against rising-edge clock core_clock)
Path Group: asynchronous
Path Type: min

Fanout     Cap    Slew   Delay    Time   Description
-----------------------------------------------------------------------------
                  0.00    0.00    0.00   clock core_clock (rise edge)
                          0.00    0.00   clock network delay (ideal)
                          0.40    0.40 ^ input external delay
   174  309.28    0.00    0.00    0.40 ^ rst_n (in)
                                         rst_n (net)
                  0.00    0.00    0.40 ^ acc[0]$_DFFE_PN0P_/RN (DFFR_X1)
                                  0.40   data arrival time

                  0.00    0.00    0.00   clock core_clock (rise edge)
                          0.00    0.00   clock network delay (ideal)
                          0.00    0.00   clock reconvergence pessimism
                                  0.00 ^ acc[0]$_DFFE_PN0P_/CK (DFFR_X1)
                          0.18    0.18   library removal time
                                  0.18   data required time
-----------------------------------------------------------------------------
                                  0.18   data required time
                                 -0.40   data arrival time
-----------------------------------------------------------------------------
                                  0.22   slack (MET)


Startpoint: u_rq.out_valid$_DFF_PN0_
            (rising edge-triggered flip-flop clocked by core_clock)
Endpoint: o_out_valid$_DFF_PN0_
          (rising edge-triggered flip-flop clocked by core_clock)
Path Group: core_clock
Path Type: min

Fanout     Cap    Slew   Delay    Time   Description
-----------------------------------------------------------------------------
                  0.00    0.00    0.00   clock core_clock (rise edge)
                          0.00    0.00   clock network delay (ideal)
                  0.00    0.00    0.00 ^ u_rq.out_valid$_DFF_PN0_/CK (DFFR_X1)
     2    1.93    0.01    0.08    0.08 v u_rq.out_valid$_DFF_PN0_/Q (DFFR_X1)
                                         rq_valid (net)
                  0.01    0.00    0.08 v o_out_valid$_DFF_PN0_/D (DFFR_X1)
                                  0.08   data arrival time

                  0.00    0.00    0.00   clock core_clock (rise edge)
                          0.00    0.00   clock network delay (ideal)
                          0.00    0.00   clock reconvergence pessimism
                                  0.00 ^ o_out_valid$_DFF_PN0_/CK (DFFR_X1)
                          0.00    0.00   library hold time
                                  0.00   data required time
-----------------------------------------------------------------------------
                                  0.00   data required time
                                 -0.08   data arrival time
-----------------------------------------------------------------------------
                                  0.08   slack (MET)



==========================================================================
floorplan final report_checks -path_delay max
--------------------------------------------------------------------------
Startpoint: rst_n (input port clocked by core_clock)
Endpoint: acc[0]$_DFFE_PN0P_
          (recovery check against rising-edge clock core_clock)
Path Group: asynchronous
Path Type: max

Fanout     Cap    Slew   Delay    Time   Description
-----------------------------------------------------------------------------
                  0.00    0.00    0.00   clock core_clock (rise edge)
                          0.00    0.00   clock network delay (ideal)
                          0.40    0.40 ^ input external delay
   174  309.28    0.00    0.00    0.40 ^ rst_n (in)
                                         rst_n (net)
                  0.00    0.00    0.40 ^ acc[0]$_DFFE_PN0P_/RN (DFFR_X1)
                                  0.40   data arrival time

                  0.00    2.00    2.00   clock core_clock (rise edge)
                          0.00    2.00   clock network delay (ideal)
                          0.00    2.00   clock reconvergence pessimism
                                  2.00 ^ acc[0]$_DFFE_PN0P_/CK (DFFR_X1)
                          0.05    2.05   library recovery time
                                  2.05   data required time
-----------------------------------------------------------------------------
                                  2.05   data required time
                                 -0.40   data arrival time
-----------------------------------------------------------------------------
                                  1.65   slack (MET)


Startpoint: i_in_chunk[25] (input port clocked by core_clock)
Endpoint: acc[3]$_DFFE_PN0P_
          (rising edge-triggered flip-flop clocked by core_clock)
Path Group: core_clock
Path Type: max

Fanout     Cap    Slew   Delay    Time   Description
-----------------------------------------------------------------------------
                  0.00    0.00    0.00   clock core_clock (rise edge)
                          0.00    0.00   clock network delay (ideal)
                          0.40    0.40 v input external delay
     2    4.61    0.00    0.00    0.40 v i_in_chunk[25] (in)
                                         i_in_chunk[25] (net)
                  0.00    0.00    0.40 v _20229_/A (HA_X1)
     1    1.55    0.01    0.05    0.45 v _20229_/S (HA_X1)
                                         _01919_ (net)
                  0.01    0.00    0.45 v _14489_/A (INV_X1)
     1    3.10    0.01    0.02    0.46 ^ _14489_/ZN (INV_X1)
                                         _04887_ (net)
                  0.01    0.00    0.46 ^ _14490_/B1 (OAI21_X2)
     1    5.64    0.01    0.02    0.48 v _14490_/ZN (OAI21_X2)
                                         _04888_ (net)
                  0.01    0.00    0.48 v _14491_/B2 (AOI21_X4)
     2    9.07    0.02    0.04    0.52 ^ _14491_/ZN (AOI21_X4)
                                         _04889_ (net)
                  0.02    0.00    0.52 ^ _14493_/B2 (OAI21_X4)
     1    5.64    0.01    0.02    0.54 v _14493_/ZN (OAI21_X4)
                                         _04891_ (net)
                  0.01    0.00    0.54 v _14494_/B2 (AOI21_X4)
     2    9.07    0.02    0.03    0.57 ^ _14494_/ZN (AOI21_X4)
                                         _04892_ (net)
                  0.02    0.00    0.57 ^ _14496_/B2 (OAI21_X4)
     1    5.64    0.01    0.02    0.59 v _14496_/ZN (OAI21_X4)
                                         _04894_ (net)
                  0.01    0.00    0.59 v _14497_/B2 (AOI21_X4)
     2    8.18    0.02    0.03    0.62 ^ _14497_/ZN (AOI21_X4)
                                         _04895_ (net)
                  0.02    0.00    0.62 ^ _14498_/A2 (NOR2_X2)
     1    1.40    0.01    0.01    0.64 v _14498_/ZN (NOR2_X2)
                                         _04896_ (net)
                  0.01    0.00    0.64 v _14499_/A1 (NOR3_X1)
     1    0.94    0.02    0.03    0.66 ^ _14499_/ZN (NOR3_X1)
                                         _04897_ (net)
                  0.02    0.00    0.66 ^ _14500_/B (MUX2_X1)
     8   13.22    0.03    0.07    0.73 ^ _14500_/Z (MUX2_X1)
                                         _04898_ (net)
                  0.03    0.00    0.73 ^ _14532_/A1 (AND2_X2)
     1    3.19    0.01    0.04    0.77 ^ _14532_/ZN (AND2_X2)
                                         _01605_ (net)
                  0.01    0.00    0.77 ^ _20032_/A (HA_X1)
     5   15.78    0.09    0.12    0.88 ^ _20032_/S (HA_X1)
                                         _09125_ (net)
                  0.09    0.00    0.88 ^ _18817_/CI (FA_X1)
     1    2.66    0.02    0.11    1.00 v _18817_/S (FA_X1)
                                         _09079_ (net)
                  0.02    0.00    1.00 v _18786_/CI (FA_X1)
     1    2.66    0.02    0.09    1.09 v _18786_/S (FA_X1)
                                         _09024_ (net)
                  0.02    0.00    1.09 v _18771_/CI (FA_X1)
     1    3.45    0.01    0.12    1.20 ^ _18771_/S (FA_X1)
                                         _09027_ (net)
                  0.01    0.00    1.20 ^ _19992_/B (HA_X1)
     4    8.96    0.06    0.08    1.29 ^ _19992_/S (HA_X1)
                                         _01549_ (net)
                  0.06    0.00    1.29 ^ _16741_/A1 (AND3_X2)
     1    7.16    0.01    0.06    1.35 ^ _16741_/ZN (AND3_X2)
                                         _06864_ (net)
                  0.01    0.00    1.35 ^ _16742_/A3 (NAND3_X4)
     1    5.65    0.02    0.02    1.37 v _16742_/ZN (NAND3_X4)
                                         _06865_ (net)
                  0.02    0.00    1.37 v _16745_/A1 (NAND4_X4)
     2    5.70    0.01    0.02    1.39 ^ _16745_/ZN (NAND4_X4)
                                         _06868_ (net)
                  0.01    0.00    1.39 ^ _16746_/B1 (AOI21_X2)
     1    2.70    0.01    0.01    1.40 v _16746_/ZN (AOI21_X2)
                                         _06869_ (net)
                  0.01    0.00    1.40 v _16747_/B1 (OAI21_X2)
     2    4.49    0.02    0.03    1.43 ^ _16747_/ZN (OAI21_X2)
                                         _06870_ (net)
                  0.02    0.00    1.43 ^ _17799_/S (MUX2_X1)
     1    3.01    0.01    0.04    1.47 ^ _17799_/Z (MUX2_X1)
                                         _07704_ (net)
                  0.01    0.00    1.47 ^ _17805_/A1 (AND4_X4)
    15   51.39    0.04    0.08    1.55 ^ _17805_/ZN (AND4_X4)
                                         u_mac.prod[3][17] (net)
                  0.04    0.00    1.55 ^ _19758_/B (FA_X1)
     1    2.66    0.02    0.10    1.65 v _19758_/S (FA_X1)
                                         _08753_ (net)
                  0.02    0.00    1.65 v _18655_/CI (FA_X1)
     1    2.76    0.01    0.12    1.77 ^ _18655_/S (FA_X1)
                                         _08756_ (net)
                  0.01    0.00    1.77 ^ _18667_/CI (FA_X1)
     1    3.34    0.02    0.09    1.86 v _18667_/S (FA_X1)
                                         _08800_ (net)
                  0.02    0.00    1.86 v _20328_/B (HA_X1)
     2    4.52    0.01    0.06    1.93 v _20328_/S (HA_X1)
                                         _02102_ (net)
                  0.01    0.00    1.93 v _17842_/A (INV_X2)
     3    7.13    0.01    0.02    1.95 ^ _17842_/ZN (INV_X2)
                                         _07746_ (net)
                  0.01    0.00    1.95 ^ _17843_/B2 (OAI21_X2)
     1    2.99    0.01    0.02    1.96 v _17843_/ZN (OAI21_X2)
                                         _07747_ (net)
                  0.01    0.00    1.96 v _17852_/B2 (AOI221_X2)
     6   12.55    0.07    0.11    2.08 ^ _17852_/ZN (AOI221_X2)
                                         _07756_ (net)
                  0.07    0.00    2.08 ^ _17858_/A1 (NAND4_X2)
     4    8.90    0.04    0.06    2.13 v _17858_/ZN (NAND4_X2)
                                         _07762_ (net)
                  0.04    0.00    2.13 v _17987_/B2 (AOI21_X2)
     1    3.33    0.02    0.04    2.17 ^ _17987_/ZN (AOI21_X2)
                                         _02732_ (net)
                  0.02    0.00    2.17 ^ _17988_/B2 (OAI21_X2)
     1    2.18    0.01    0.02    2.19 v _17988_/ZN (OAI21_X2)
                                         _02733_ (net)
                  0.01    0.00    2.19 v _17989_/A (XOR2_X1)
     2    2.20    0.01    0.05    2.24 v _17989_/Z (XOR2_X1)
                                         _02734_ (net)
                  0.01    0.00    2.24 v _17990_/A1 (OR4_X2)
     1    3.51    0.02    0.08    2.32 v _17990_/ZN (OR4_X2)
                                         _02735_ (net)
                  0.02    0.00    2.32 v _17991_/A4 (OR4_X4)
     1    2.75    0.01    0.11    2.43 v _17991_/ZN (OR4_X4)
                                         _02736_ (net)
                  0.01    0.00    2.43 v _17992_/A1 (OR2_X4)
     1    5.51    0.01    0.04    2.47 v _17992_/ZN (OR2_X4)
                                         _02737_ (net)
                  0.01    0.00    2.47 v _17993_/B1 (OAI22_X4)
     5   11.92    0.04    0.04    2.52 ^ _17993_/ZN (OAI22_X4)
                                         _02738_ (net)
                  0.04    0.00    2.52 ^ _18077_/A (BUF_X4)
    10   16.71    0.01    0.03    2.55 ^ _18077_/Z (BUF_X4)
                                         _02813_ (net)
                  0.01    0.00    2.55 ^ _18149_/B2 (AOI22_X1)
     1    1.05    0.02    0.02    2.57 v _18149_/ZN (AOI22_X1)
                                         _02567_ (net)
                  0.02    0.00    2.57 v acc[3]$_DFFE_PN0P_/D (DFFR_X1)
                                  2.57   data arrival time

                  0.00    2.00    2.00   clock core_clock (rise edge)
                          0.00    2.00   clock network delay (ideal)
                          0.00    2.00   clock reconvergence pessimism
                                  2.00 ^ acc[3]$_DFFE_PN0P_/CK (DFFR_X1)
                         -0.04    1.96   library setup time
                                  1.96   data required time
-----------------------------------------------------------------------------
                                  1.96   data required time
                                 -2.57   data arrival time
-----------------------------------------------------------------------------
                                 -0.61   slack (VIOLATED)



==========================================================================
floorplan final report_checks -unconstrained
--------------------------------------------------------------------------
Startpoint: rst_n (input port clocked by core_clock)
Endpoint: acc[0]$_DFFE_PN0P_
          (recovery check against rising-edge clock core_clock)
Path Group: asynchronous
Path Type: max

Fanout     Cap    Slew   Delay    Time   Description
-----------------------------------------------------------------------------
                  0.00    0.00    0.00   clock core_clock (rise edge)
                          0.00    0.00   clock network delay (ideal)
                          0.40    0.40 ^ input external delay
   174  309.28    0.00    0.00    0.40 ^ rst_n (in)
                                         rst_n (net)
                  0.00    0.00    0.40 ^ acc[0]$_DFFE_PN0P_/RN (DFFR_X1)
                                  0.40   data arrival time

                  0.00    2.00    2.00   clock core_clock (rise edge)
                          0.00    2.00   clock network delay (ideal)
                          0.00    2.00   clock reconvergence pessimism
                                  2.00 ^ acc[0]$_DFFE_PN0P_/CK (DFFR_X1)
                          0.05    2.05   library recovery time
                                  2.05   data required time
-----------------------------------------------------------------------------
                                  2.05   data required time
                                 -0.40   data arrival time
-----------------------------------------------------------------------------
                                  1.65   slack (MET)


Startpoint: i_in_chunk[25] (input port clocked by core_clock)
Endpoint: acc[3]$_DFFE_PN0P_
          (rising edge-triggered flip-flop clocked by core_clock)
Path Group: core_clock
Path Type: max

Fanout     Cap    Slew   Delay    Time   Description
-----------------------------------------------------------------------------
                  0.00    0.00    0.00   clock core_clock (rise edge)
                          0.00    0.00   clock network delay (ideal)
                          0.40    0.40 v input external delay
     2    4.61    0.00    0.00    0.40 v i_in_chunk[25] (in)
                                         i_in_chunk[25] (net)
                  0.00    0.00    0.40 v _20229_/A (HA_X1)
     1    1.55    0.01    0.05    0.45 v _20229_/S (HA_X1)
                                         _01919_ (net)
                  0.01    0.00    0.45 v _14489_/A (INV_X1)
     1    3.10    0.01    0.02    0.46 ^ _14489_/ZN (INV_X1)
                                         _04887_ (net)
                  0.01    0.00    0.46 ^ _14490_/B1 (OAI21_X2)
     1    5.64    0.01    0.02    0.48 v _14490_/ZN (OAI21_X2)
                                         _04888_ (net)
                  0.01    0.00    0.48 v _14491_/B2 (AOI21_X4)
     2    9.07    0.02    0.04    0.52 ^ _14491_/ZN (AOI21_X4)
                                         _04889_ (net)
                  0.02    0.00    0.52 ^ _14493_/B2 (OAI21_X4)
     1    5.64    0.01    0.02    0.54 v _14493_/ZN (OAI21_X4)
                                         _04891_ (net)
                  0.01    0.00    0.54 v _14494_/B2 (AOI21_X4)
     2    9.07    0.02    0.03    0.57 ^ _14494_/ZN (AOI21_X4)
                                         _04892_ (net)
                  0.02    0.00    0.57 ^ _14496_/B2 (OAI21_X4)
     1    5.64    0.01    0.02    0.59 v _14496_/ZN (OAI21_X4)
                                         _04894_ (net)
                  0.01    0.00    0.59 v _14497_/B2 (AOI21_X4)
     2    8.18    0.02    0.03    0.62 ^ _14497_/ZN (AOI21_X4)
                                         _04895_ (net)
                  0.02    0.00    0.62 ^ _14498_/A2 (NOR2_X2)
     1    1.40    0.01    0.01    0.64 v _14498_/ZN (NOR2_X2)
                                         _04896_ (net)
                  0.01    0.00    0.64 v _14499_/A1 (NOR3_X1)
     1    0.94    0.02    0.03    0.66 ^ _14499_/ZN (NOR3_X1)
                                         _04897_ (net)
                  0.02    0.00    0.66 ^ _14500_/B (MUX2_X1)
     8   13.22    0.03    0.07    0.73 ^ _14500_/Z (MUX2_X1)
                                         _04898_ (net)
                  0.03    0.00    0.73 ^ _14532_/A1 (AND2_X2)
     1    3.19    0.01    0.04    0.77 ^ _14532_/ZN (AND2_X2)
                                         _01605_ (net)
                  0.01    0.00    0.77 ^ _20032_/A (HA_X1)
     5   15.78    0.09    0.12    0.88 ^ _20032_/S (HA_X1)
                                         _09125_ (net)
                  0.09    0.00    0.88 ^ _18817_/CI (FA_X1)
     1    2.66    0.02    0.11    1.00 v _18817_/S (FA_X1)
                                         _09079_ (net)
                  0.02    0.00    1.00 v _18786_/CI (FA_X1)
     1    2.66    0.02    0.09    1.09 v _18786_/S (FA_X1)
                                         _09024_ (net)
                  0.02    0.00    1.09 v _18771_/CI (FA_X1)
     1    3.45    0.01    0.12    1.20 ^ _18771_/S (FA_X1)
                                         _09027_ (net)
                  0.01    0.00    1.20 ^ _19992_/B (HA_X1)
     4    8.96    0.06    0.08    1.29 ^ _19992_/S (HA_X1)
                                         _01549_ (net)
                  0.06    0.00    1.29 ^ _16741_/A1 (AND3_X2)
     1    7.16    0.01    0.06    1.35 ^ _16741_/ZN (AND3_X2)
                                         _06864_ (net)
                  0.01    0.00    1.35 ^ _16742_/A3 (NAND3_X4)
     1    5.65    0.02    0.02    1.37 v _16742_/ZN (NAND3_X4)
                                         _06865_ (net)
                  0.02    0.00    1.37 v _16745_/A1 (NAND4_X4)
     2    5.70    0.01    0.02    1.39 ^ _16745_/ZN (NAND4_X4)
                                         _06868_ (net)
                  0.01    0.00    1.39 ^ _16746_/B1 (AOI21_X2)
     1    2.70    0.01    0.01    1.40 v _16746_/ZN (AOI21_X2)
                                         _06869_ (net)
                  0.01    0.00    1.40 v _16747_/B1 (OAI21_X2)
     2    4.49    0.02    0.03    1.43 ^ _16747_/ZN (OAI21_X2)
                                         _06870_ (net)
                  0.02    0.00    1.43 ^ _17799_/S (MUX2_X1)
     1    3.01    0.01    0.04    1.47 ^ _17799_/Z (MUX2_X1)
                                         _07704_ (net)
                  0.01    0.00    1.47 ^ _17805_/A1 (AND4_X4)
    15   51.39    0.04    0.08    1.55 ^ _17805_/ZN (AND4_X4)
                                         u_mac.prod[3][17] (net)
                  0.04    0.00    1.55 ^ _19758_/B (FA_X1)
     1    2.66    0.02    0.10    1.65 v _19758_/S (FA_X1)
                                         _08753_ (net)
                  0.02    0.00    1.65 v _18655_/CI (FA_X1)
     1    2.76    0.01    0.12    1.77 ^ _18655_/S (FA_X1)
                                         _08756_ (net)
                  0.01    0.00    1.77 ^ _18667_/CI (FA_X1)
     1    3.34    0.02    0.09    1.86 v _18667_/S (FA_X1)
                                         _08800_ (net)
                  0.02    0.00    1.86 v _20328_/B (HA_X1)
     2    4.52    0.01    0.06    1.93 v _20328_/S (HA_X1)
                                         _02102_ (net)
                  0.01    0.00    1.93 v _17842_/A (INV_X2)
     3    7.13    0.01    0.02    1.95 ^ _17842_/ZN (INV_X2)
                                         _07746_ (net)
                  0.01    0.00    1.95 ^ _17843_/B2 (OAI21_X2)
     1    2.99    0.01    0.02    1.96 v _17843_/ZN (OAI21_X2)
                                         _07747_ (net)
                  0.01    0.00    1.96 v _17852_/B2 (AOI221_X2)
     6   12.55    0.07    0.11    2.08 ^ _17852_/ZN (AOI221_X2)
                                         _07756_ (net)
                  0.07    0.00    2.08 ^ _17858_/A1 (NAND4_X2)
     4    8.90    0.04    0.06    2.13 v _17858_/ZN (NAND4_X2)
                                         _07762_ (net)
                  0.04    0.00    2.13 v _17987_/B2 (AOI21_X2)
     1    3.33    0.02    0.04    2.17 ^ _17987_/ZN (AOI21_X2)
                                         _02732_ (net)
                  0.02    0.00    2.17 ^ _17988_/B2 (OAI21_X2)
     1    2.18    0.01    0.02    2.19 v _17988_/ZN (OAI21_X2)
                                         _02733_ (net)
                  0.01    0.00    2.19 v _17989_/A (XOR2_X1)
     2    2.20    0.01    0.05    2.24 v _17989_/Z (XOR2_X1)
                                         _02734_ (net)
                  0.01    0.00    2.24 v _17990_/A1 (OR4_X2)
     1    3.51    0.02    0.08    2.32 v _17990_/ZN (OR4_X2)
                                         _02735_ (net)
                  0.02    0.00    2.32 v _17991_/A4 (OR4_X4)
     1    2.75    0.01    0.11    2.43 v _17991_/ZN (OR4_X4)
                                         _02736_ (net)
                  0.01    0.00    2.43 v _17992_/A1 (OR2_X4)
     1    5.51    0.01    0.04    2.47 v _17992_/ZN (OR2_X4)
                                         _02737_ (net)
                  0.01    0.00    2.47 v _17993_/B1 (OAI22_X4)
     5   11.92    0.04    0.04    2.52 ^ _17993_/ZN (OAI22_X4)
                                         _02738_ (net)
                  0.04    0.00    2.52 ^ _18077_/A (BUF_X4)
    10   16.71    0.01    0.03    2.55 ^ _18077_/Z (BUF_X4)
                                         _02813_ (net)
                  0.01    0.00    2.55 ^ _18149_/B2 (AOI22_X1)
     1    1.05    0.02    0.02    2.57 v _18149_/ZN (AOI22_X1)
                                         _02567_ (net)
                  0.02    0.00    2.57 v acc[3]$_DFFE_PN0P_/D (DFFR_X1)
                                  2.57   data arrival time

                  0.00    2.00    2.00   clock core_clock (rise edge)
                          0.00    2.00   clock network delay (ideal)
                          0.00    2.00   clock reconvergence pessimism
                                  2.00 ^ acc[3]$_DFFE_PN0P_/CK (DFFR_X1)
                         -0.04    1.96   library setup time
                                  1.96   data required time
-----------------------------------------------------------------------------
                                  1.96   data required time
                                 -2.57   data arrival time
-----------------------------------------------------------------------------
                                 -0.61   slack (VIOLATED)



==========================================================================
floorplan final report_power
--------------------------------------------------------------------------
Group                  Internal  Switching    Leakage      Total
                          Power      Power      Power      Power (Watts)
----------------------------------------------------------------
Sequential             2.25e-03   3.97e-04   2.37e-05   2.67e-03   0.7%
Combinational          2.31e-01   1.60e-01   3.40e-04   3.92e-01  99.3%
Clock                  0.00e+00   0.00e+00   0.00e+00   0.00e+00   0.0%
Macro                  0.00e+00   0.00e+00   0.00e+00   0.00e+00   0.0%
Pad                    0.00e+00   0.00e+00   0.00e+00   0.00e+00   0.0%
----------------------------------------------------------------
Total                  2.33e-01   1.61e-01   3.64e-04   3.94e-01 100.0%
                          59.2%      40.8%       0.1%
