
==========================================================================
floorplan final report_tns
--------------------------------------------------------------------------
tns max 0.00

==========================================================================
floorplan final report_wns
--------------------------------------------------------------------------
wns max 0.00

==========================================================================
floorplan final report_worst_slack
--------------------------------------------------------------------------
worst slack max 4.24

==========================================================================
floorplan final report_clock_min_period
--------------------------------------------------------------------------
core_clock period_min = 5.76 fmax = 173.59

==========================================================================
floorplan final report_checks -path_delay min
--------------------------------------------------------------------------
Startpoint: rst_n (input port clocked by core_clock)
Endpoint: acc[0]$_DFFE_PN0P_
          (removal check against rising-edge clock core_clock)
Path Group: asynchronous
Path Type: min

Fanout     Cap    Slew   Delay    Time   Description
-----------------------------------------------------------------------------
                  0.00    0.00    0.00   clock core_clock (rise edge)
                          0.00    0.00   clock network delay (ideal)
                          2.00    2.00 ^ input external delay
  2950 5240.53    0.00    0.00    2.00 ^ rst_n (in)
                                         rst_n (net)
                  0.00    0.00    2.00 ^ acc[0]$_DFFE_PN0P_/RN (DFFR_X1)
                                  2.00   data arrival time

                  0.00    0.00    0.00   clock core_clock (rise edge)
                          0.00    0.00   clock network delay (ideal)
                          0.00    0.00   clock reconvergence pessimism
                                  0.00 ^ acc[0]$_DFFE_PN0P_/CK (DFFR_X1)
                          0.18    0.18   library removal time
                                  0.18   data required time
-----------------------------------------------------------------------------
                                  0.18   data required time
                                 -2.00   data arrival time
-----------------------------------------------------------------------------
                                  1.82   slack (MET)


Startpoint: rq_launch$_DFF_PN0_
            (rising edge-triggered flip-flop clocked by core_clock)
Endpoint: u_rq.out_valid$_DFF_PN0_
          (rising edge-triggered flip-flop clocked by core_clock)
Path Group: core_clock
Path Type: min

Fanout     Cap    Slew   Delay    Time   Description
-----------------------------------------------------------------------------
                  0.00    0.00    0.00   clock core_clock (rise edge)
                          0.00    0.00   clock network delay (ideal)
                  0.00    0.00    0.00 ^ rq_launch$_DFF_PN0_/CK (DFFR_X1)
     2    1.93    0.01    0.08    0.08 v rq_launch$_DFF_PN0_/Q (DFFR_X1)
                                         rq_launch (net)
                  0.01    0.00    0.08 v u_rq.out_valid$_DFF_PN0_/D (DFFR_X1)
                                  0.08   data arrival time

                  0.00    0.00    0.00   clock core_clock (rise edge)
                          0.00    0.00   clock network delay (ideal)
                          0.00    0.00   clock reconvergence pessimism
                                  0.00 ^ u_rq.out_valid$_DFF_PN0_/CK (DFFR_X1)
                          0.00    0.00   library hold time
                                  0.00   data required time
-----------------------------------------------------------------------------
                                  0.00   data required time
                                 -0.08   data arrival time
-----------------------------------------------------------------------------
                                  0.08   slack (MET)



==========================================================================
floorplan final report_checks -path_delay max
--------------------------------------------------------------------------
Startpoint: rst_n (input port clocked by core_clock)
Endpoint: p_req_stride[0]$_DFFE_PN1P_
          (recovery check against rising-edge clock core_clock)
Path Group: asynchronous
Path Type: max

Fanout     Cap    Slew   Delay    Time   Description
-----------------------------------------------------------------------------
                  0.00    0.00    0.00   clock core_clock (rise edge)
                          0.00    0.00   clock network delay (ideal)
                          2.00    2.00 ^ input external delay
  2950 5240.53    0.00    0.00    2.00 ^ rst_n (in)
                                         rst_n (net)
                  0.00    0.00    2.00 ^ p_req_stride[0]$_DFFE_PN1P_/SN (DFFS_X1)
                                  2.00   data arrival time

                  0.00   10.00   10.00   clock core_clock (rise edge)
                          0.00   10.00   clock network delay (ideal)
                          0.00   10.00   clock reconvergence pessimism
                                 10.00 ^ p_req_stride[0]$_DFFE_PN1P_/CK (DFFS_X1)
                          0.04   10.04   library recovery time
                                 10.04   data required time
-----------------------------------------------------------------------------
                                 10.04   data required time
                                 -2.00   data arrival time
-----------------------------------------------------------------------------
                                  8.04   slack (MET)


Startpoint: u_ag.t0_q[2]$_DFFE_PN0P_
            (rising edge-triggered flip-flop clocked by core_clock)
Endpoint: o_new0[10] (output port clocked by core_clock)
Path Group: core_clock
Path Type: max

Fanout     Cap    Slew   Delay    Time   Description
-----------------------------------------------------------------------------
                  0.00    0.00    0.00   clock core_clock (rise edge)
                          0.00    0.00   clock network delay (ideal)
                  0.00    0.00    0.00 ^ u_ag.t0_q[2]$_DFFE_PN0P_/CK (DFFR_X1)
     4    5.81    0.02    0.11    0.11 ^ u_ag.t0_q[2]$_DFFE_PN0P_/Q (DFFR_X1)
                                         o_t0[2] (net)
                  0.02    0.00    0.11 ^ _155977_/A (HA_X1)
     3    4.92    0.04    0.07    0.17 ^ _155977_/S (HA_X1)
                                         _011108_ (net)
                  0.04    0.00    0.17 ^ _087445_/A (INV_X1)
     2    3.59    0.01    0.02    0.19 v _087445_/ZN (INV_X1)
                                         _020735_ (net)
                  0.01    0.00    0.19 v _087447_/B1 (OAI21_X1)
     2    3.29    0.03    0.04    0.23 ^ _087447_/ZN (OAI21_X1)
                                         _020737_ (net)
                  0.03    0.00    0.23 ^ _087449_/A1 (NAND3_X1)
     1    0.87    0.01    0.02    0.24 v _087449_/ZN (NAND3_X1)
                                         _020739_ (net)
                  0.01    0.00    0.24 v _087458_/A1 (AND3_X1)
     2    3.54    0.01    0.04    0.28 v _087458_/ZN (AND3_X1)
                                         _020748_ (net)
                  0.01    0.00    0.28 v _087460_/A1 (NOR2_X1)
     1    1.71    0.02    0.02    0.30 ^ _087460_/ZN (NOR2_X1)
                                         _020750_ (net)
                  0.02    0.00    0.30 ^ _087465_/A1 (NOR2_X1)
     2    3.59    0.01    0.01    0.32 v _087465_/ZN (NOR2_X1)
                                         _020755_ (net)
                  0.01    0.00    0.32 v _087468_/B1 (OAI21_X1)
     2    3.88    0.03    0.04    0.35 ^ _087468_/ZN (OAI21_X1)
                                         _020758_ (net)
                  0.03    0.00    0.35 ^ _087471_/B1 (AOI21_X1)
     2    3.59    0.01    0.02    0.38 v _087471_/ZN (AOI21_X1)
                                         _020761_ (net)
                  0.01    0.00    0.38 v _087473_/B1 (OAI21_X1)
     2    3.88    0.03    0.04    0.42 ^ _087473_/ZN (OAI21_X1)
                                         _020763_ (net)
                  0.03    0.00    0.42 ^ _092065_/B1 (AOI21_X1)
     1    1.46    0.01    0.02    0.44 v _092065_/ZN (AOI21_X1)
                                         _024997_ (net)
                  0.01    0.00    0.44 v _092066_/B1 (OAI21_X1)
     1    2.23    0.02    0.03    0.47 ^ _092066_/ZN (OAI21_X1)
                                         _024998_ (net)
                  0.02    0.00    0.47 ^ _092070_/A (XOR2_X1)
     2    4.78    0.04    0.07    0.53 ^ _092070_/Z (XOR2_X1)
                                         u_ag.t1_full[15] (net)
                  0.04    0.00    0.53 ^ _158901_/A (HA_X1)
     2    3.20    0.03    0.06    0.59 ^ _158901_/S (HA_X1)
                                         _016176_ (net)
                  0.03    0.00    0.59 ^ _088477_/A1 (NAND2_X1)
     1    1.55    0.01    0.02    0.61 v _088477_/ZN (NAND2_X1)
                                         _021695_ (net)
                  0.01    0.00    0.61 v _088478_/A (INV_X1)
     2    3.26    0.01    0.02    0.62 ^ _088478_/ZN (INV_X1)
                                         _021696_ (net)
                  0.01    0.00    0.62 ^ _088479_/A1 (NAND3_X1)
     2    3.12    0.02    0.02    0.65 v _088479_/ZN (NAND3_X1)
                                         _021697_ (net)
                  0.02    0.00    0.65 v _088480_/A2 (NOR2_X1)
     2    3.19    0.02    0.04    0.69 ^ _088480_/ZN (NOR2_X1)
                                         _021698_ (net)
                  0.02    0.00    0.69 ^ _088498_/A1 (NAND4_X1)
     1    3.14    0.02    0.03    0.72 v _088498_/ZN (NAND4_X1)
                                         _021716_ (net)
                  0.02    0.00    0.72 v _088499_/A2 (NAND2_X2)
     5    8.25    0.02    0.03    0.75 ^ _088499_/ZN (NAND2_X2)
                                         _021717_ (net)
                  0.02    0.00    0.75 ^ _088500_/A (BUF_X2)
    10   21.68    0.03    0.05    0.79 ^ _088500_/Z (BUF_X2)
                                         _021718_ (net)
                  0.03    0.00    0.79 ^ _092991_/A1 (NAND2_X1)
     1    1.50    0.01    0.02    0.81 v _092991_/ZN (NAND2_X1)
                                         _025773_ (net)
                  0.01    0.00    0.81 v _092992_/A2 (NAND2_X1)
     7   14.61    0.04    0.05    0.86 ^ _092992_/ZN (NAND2_X1)
                                         u_ag.t1m1_s[0] (net)
                  0.04    0.00    0.86 ^ _155143_/A (HA_X1)
     2    4.27    0.01    0.05    0.90 ^ _155143_/CO (HA_X1)
                                         _009678_ (net)
                  0.01    0.00    0.90 ^ _103300_/A (INV_X1)
     1    1.55    0.01    0.01    0.91 v _103300_/ZN (INV_X1)
                                         _031988_ (net)
                  0.01    0.00    0.91 v _103301_/A3 (NOR3_X1)
     4    7.12    0.06    0.09    1.00 ^ _103301_/ZN (NOR3_X1)
                                         _031989_ (net)
                  0.06    0.00    1.00 ^ _103302_/A1 (NAND2_X1)
     2    2.97    0.02    0.02    1.03 v _103302_/ZN (NAND2_X1)
                                         _031990_ (net)
                  0.02    0.00    1.03 v _103339_/A1 (NOR2_X1)
     1    2.23    0.02    0.03    1.06 ^ _103339_/ZN (NOR2_X1)
                                         _032019_ (net)
                  0.02    0.00    1.06 ^ _103340_/A (XNOR2_X1)
     8   13.72    0.07    0.07    1.13 ^ _103340_/ZN (XNOR2_X1)
                                         _032020_ (net)
                  0.07    0.00    1.13 ^ _103411_/A1 (NOR2_X1)
     1    3.40    0.02    0.02    1.15 v _103411_/ZN (NOR2_X1)
                                         _001139_ (net)
                  0.02    0.00    1.15 v _146733_/B (FA_X1)
     1    3.75    0.02    0.13    1.27 ^ _146733_/S (FA_X1)
                                         _070594_ (net)
                  0.02    0.00    1.27 ^ _153340_/A (FA_X1)
     1    3.40    0.02    0.09    1.36 v _153340_/S (FA_X1)
                                         _082549_ (net)
                  0.02    0.00    1.36 v _151803_/B (FA_X1)
     1    3.47    0.01    0.13    1.49 ^ _151803_/S (FA_X1)
                                         _082552_ (net)
                  0.01    0.00    1.49 ^ _151869_/B (FA_X1)
     1    3.06    0.02    0.10    1.59 v _151869_/S (FA_X1)
                                         _082750_ (net)
                  0.02    0.00    1.59 v _157356_/A (HA_X1)
     1    0.88    0.01    0.05    1.64 v _157356_/S (HA_X1)
                                         _013331_ (net)
                  0.01    0.00    1.64 v _092021_/A (BUF_X1)
     4    6.98    0.01    0.04    1.67 v _092021_/Z (BUF_X1)
                                         _024954_ (net)
                  0.01    0.00    1.67 v _092022_/A1 (NAND2_X1)
     2    3.21    0.01    0.02    1.69 ^ _092022_/ZN (NAND2_X1)
                                         _024955_ (net)
                  0.01    0.00    1.69 ^ _092023_/C2 (OAI221_X1)
     1    1.54    0.02    0.03    1.72 v _092023_/ZN (OAI221_X1)
                                         _024956_ (net)
                  0.02    0.00    1.72 v _092036_/A (AOI21_X1)
     2    3.80    0.03    0.05    1.77 ^ _092036_/ZN (AOI21_X1)
                                         _024969_ (net)
                  0.03    0.00    1.77 ^ _092038_/C1 (OAI221_X1)
     2    3.68    0.02    0.04    1.81 v _092038_/ZN (OAI221_X1)
                                         _024971_ (net)
                  0.02    0.00    1.81 v _092039_/A (INV_X1)
     1    1.66    0.01    0.02    1.83 ^ _092039_/ZN (INV_X1)
                                         _024972_ (net)
                  0.01    0.00    1.83 ^ _092041_/B1 (OAI21_X1)
     1    1.45    0.01    0.01    1.84 v _092041_/ZN (OAI21_X1)
                                         _024974_ (net)
                  0.01    0.00    1.84 v _092042_/B1 (AOI21_X1)
     1    1.70    0.02    0.03    1.87 ^ _092042_/ZN (AOI21_X1)
                                         _024975_ (net)
                  0.02    0.00    1.87 ^ _092043_/A (INV_X1)
     2    3.57    0.01    0.01    1.88 v _092043_/ZN (INV_X1)
                                         _024976_ (net)
                  0.01    0.00    1.88 v _101618_/A (XNOR2_X1)
     1    3.40    0.02    0.04    1.92 v _101618_/ZN (XNOR2_X1)
                                         _006265_ (net)
                  0.02    0.00    1.92 v _152066_/B (FA_X1)
     1    1.70    0.01    0.12    2.04 ^ _152066_/S (FA_X1)
                                         _006268_ (net)
                  0.01    0.00    2.04 ^ _101616_/A (INV_X1)
     1    3.06    0.01    0.01    2.05 v _101616_/ZN (INV_X1)
                                         _013741_ (net)
                  0.01    0.00    2.05 v _157562_/A (HA_X1)
     3    4.58    0.01    0.05    2.11 v _157562_/S (HA_X1)
                                         _013744_ (net)
                  0.01    0.00    2.11 v _091833_/A (INV_X1)
     2    4.23    0.01    0.02    2.13 ^ _091833_/ZN (INV_X1)
                                         _024776_ (net)
                  0.01    0.00    2.13 ^ _091839_/B1 (OAI221_X1)
     1    1.55    0.02    0.03    2.16 v _091839_/ZN (OAI221_X1)
                                         _024782_ (net)
                  0.02    0.00    2.16 v _091840_/A (INV_X1)
     1    1.67    0.01    0.02    2.17 ^ _091840_/ZN (INV_X1)
                                         _024783_ (net)
                  0.01    0.00    2.17 ^ _091843_/A (OAI21_X1)
     3    5.12    0.02    0.03    2.20 v _091843_/ZN (OAI21_X1)
                                         _024786_ (net)
                  0.02    0.00    2.20 v _091844_/A (INV_X1)
     1    0.95    0.01    0.01    2.21 ^ _091844_/ZN (INV_X1)
                                         _024787_ (net)
                  0.01    0.00    2.21 ^ _091846_/A1 (OR2_X1)
     1    1.52    0.01    0.02    2.23 ^ _091846_/ZN (OR2_X1)
                                         _024789_ (net)
                  0.01    0.00    2.23 ^ _091851_/A1 (NAND4_X1)
     2    3.69    0.02    0.03    2.26 v _091851_/ZN (NAND4_X1)
                                         _024794_ (net)
                  0.02    0.00    2.26 v _091852_/A1 (NAND3_X1)
     1    1.59    0.01    0.02    2.29 ^ _091852_/ZN (NAND3_X1)
                                         _024795_ (net)
                  0.01    0.00    2.29 ^ _091854_/A1 (NAND3_X1)
     2    3.69    0.02    0.02    2.31 v _091854_/ZN (NAND3_X1)
                                         _024797_ (net)
                  0.02    0.00    2.31 v _091855_/A1 (NAND3_X1)
     1    1.59    0.01    0.02    2.33 ^ _091855_/ZN (NAND3_X1)
                                         _024798_ (net)
                  0.01    0.00    2.33 ^ _091857_/A1 (NAND3_X1)
     4    6.37    0.02    0.03    2.36 v _091857_/ZN (NAND3_X1)
                                         _024800_ (net)
                  0.02    0.00    2.36 v _091859_/A1 (NOR2_X1)
     2    5.05    0.03    0.05    2.41 ^ _091859_/ZN (NOR2_X1)
                                         u_ag.hi_raw[30] (net)
                  0.03    0.00    2.41 ^ _154896_/B (HA_X1)
     2    2.55    0.03    0.06    2.46 ^ _154896_/S (HA_X1)
                                         _009321_ (net)
                  0.03    0.00    2.46 ^ _087919_/A2 (AND4_X1)
     2    3.19    0.02    0.07    2.53 ^ _087919_/ZN (AND4_X1)
                                         _021175_ (net)
                  0.02    0.00    2.53 ^ _087922_/A1 (NAND4_X1)
     2    2.88    0.02    0.03    2.56 v _087922_/ZN (NAND4_X1)
                                         _021178_ (net)
                  0.02    0.00    2.56 v _087928_/A1 (NOR4_X1)
     2    3.25    0.06    0.07    2.62 ^ _087928_/ZN (NOR4_X1)
                                         _021184_ (net)
                  0.06    0.00    2.62 ^ _087929_/A2 (NAND2_X1)
     1    1.53    0.01    0.02    2.64 v _087929_/ZN (NAND2_X1)
                                         _021185_ (net)
                  0.01    0.00    2.64 v _087958_/A1 (NAND2_X1)
     1    2.23    0.01    0.02    2.66 ^ _087958_/ZN (NAND2_X1)
                                         _021214_ (net)
                  0.01    0.00    2.66 ^ _087959_/A (XOR2_X1)
     1    1.70    0.02    0.05    2.71 ^ _087959_/Z (XOR2_X1)
                                         _021215_ (net)
                  0.02    0.00    2.71 ^ _087960_/A (INV_X1)
     1    2.93    0.01    0.01    2.72 v _087960_/ZN (INV_X1)
                                         _021216_ (net)
                  0.01    0.00    2.72 v _087964_/A1 (NAND2_X2)
     2    6.65    0.01    0.02    2.74 ^ _087964_/ZN (NAND2_X2)
                                         _021220_ (net)
                  0.01    0.00    2.74 ^ _087965_/A (BUF_X4)
    10   18.01    0.01    0.03    2.77 ^ _087965_/Z (BUF_X4)
                                         _021221_ (net)
                  0.01    0.00    2.77 ^ _088037_/A (BUF_X2)
    10   24.27    0.03    0.05    2.82 ^ _088037_/Z (BUF_X2)
                                         _021283_ (net)
                  0.03    0.00    2.82 ^ _118611_/A (BUF_X1)
    10   15.20    0.04    0.06    2.88 ^ _118611_/Z (BUF_X1)
                                         _041660_ (net)
                  0.04    0.00    2.88 ^ _118621_/A (BUF_X1)
    10   15.90    0.04    0.06    2.94 ^ _118621_/Z (BUF_X1)
                                         _041664_ (net)
                  0.04    0.00    2.94 ^ _118629_/B2 (OAI21_X1)
     1    3.34    0.02    0.03    2.97 v _118629_/ZN (OAI21_X1)
                                         u_ag.hi_c[21] (net)
                  0.02    0.00    2.97 v _158843_/B (HA_X1)
     2    3.06    0.01    0.06    3.03 v _158843_/S (HA_X1)
                                         _016062_ (net)
                  0.01    0.00    3.03 v _088230_/A1 (NAND2_X1)
     1    1.70    0.01    0.02    3.05 ^ _088230_/ZN (NAND2_X1)
                                         _021449_ (net)
                  0.01    0.00    3.05 ^ _088231_/A (INV_X1)
     1    1.46    0.00    0.01    3.05 v _088231_/ZN (INV_X1)
                                         _021450_ (net)
                  0.00    0.00    3.05 v _088232_/B1 (OAI21_X1)
     1    1.70    0.02    0.02    3.08 ^ _088232_/ZN (OAI21_X1)
                                         _021451_ (net)
                  0.02    0.00    3.08 ^ _088233_/A (INV_X1)
     1    1.41    0.01    0.01    3.09 v _088233_/ZN (INV_X1)
                                         _021452_ (net)
                  0.01    0.00    3.09 v _088234_/A1 (NOR2_X1)
     1    1.67    0.02    0.02    3.11 ^ _088234_/ZN (NOR2_X1)
                                         _021453_ (net)
                  0.02    0.00    3.11 ^ _088241_/A (OAI21_X1)
     1    1.54    0.01    0.02    3.13 v _088241_/ZN (OAI21_X1)
                                         _021460_ (net)
                  0.01    0.00    3.13 v _088242_/A (AOI21_X1)
     1    1.66    0.02    0.04    3.17 ^ _088242_/ZN (AOI21_X1)
                                         _021461_ (net)
                  0.02    0.00    3.17 ^ _088243_/A2 (NAND2_X1)
     1    1.45    0.01    0.02    3.18 v _088243_/ZN (NAND2_X1)
                                         _021462_ (net)
                  0.01    0.00    3.18 v _088245_/B1 (AOI21_X1)
     1    1.66    0.02    0.03    3.21 ^ _088245_/ZN (AOI21_X1)
                                         _021464_ (net)
                  0.02    0.00    3.21 ^ _088247_/B1 (OAI21_X1)
     1    0.87    0.01    0.01    3.22 v _088247_/ZN (OAI21_X1)
                                         _021466_ (net)
                  0.01    0.00    3.22 v _088248_/A1 (AND2_X1)
     1    1.41    0.01    0.03    3.25 v _088248_/ZN (AND2_X1)
                                         _021467_ (net)
                  0.01    0.00    3.25 v _088249_/A1 (NOR2_X1)
     1    1.70    0.02    0.02    3.27 ^ _088249_/ZN (NOR2_X1)
                                         _021468_ (net)
                  0.02    0.00    3.27 ^ _088250_/A (INV_X1)
     1    6.53    0.01    0.02    3.29 v _088250_/ZN (INV_X1)
                                         _021469_ (net)
                  0.01    0.00    3.29 v _088251_/A3 (NAND3_X4)
     8   19.54    0.02    0.03    3.32 ^ _088251_/ZN (NAND3_X4)
                                         _021470_ (net)
                  0.02    0.00    3.32 ^ _088252_/A (INV_X4)
     7   14.99    0.01    0.01    3.33 v _088252_/ZN (INV_X4)
                                         _021471_ (net)
                  0.01    0.00    3.33 v _088253_/A (BUF_X8)
    10   20.81    0.01    0.03    3.36 v _088253_/Z (BUF_X8)
                                         _021472_ (net)
                  0.01    0.00    3.36 v _093694_/A2 (NAND2_X1)
     1    1.59    0.01    0.02    3.37 ^ _093694_/ZN (NAND2_X1)
                                         _026305_ (net)
                  0.01    0.00    3.37 ^ _093703_/A1 (NAND3_X1)
     3    4.65    0.02    0.03    3.40 v _093703_/ZN (NAND3_X1)
                                         _026313_ (net)
                  0.02    0.00    3.40 v _093707_/A1 (NAND2_X1)
     2    4.89    0.02    0.03    3.43 ^ _093707_/ZN (NAND2_X1)
                                         _016158_ (net)
                  0.02    0.00    3.43 ^ _158893_/A (HA_X1)
     2    3.20    0.03    0.06    3.48 ^ _158893_/S (HA_X1)
                                         _016160_ (net)
                  0.03    0.00    3.48 ^ _118709_/A1 (NAND2_X1)
     1    1.55    0.01    0.02    3.50 v _118709_/ZN (NAND2_X1)
                                         _041715_ (net)
                  0.01    0.00    3.50 v _118710_/A (INV_X1)
     2    2.55    0.01    0.02    3.52 ^ _118710_/ZN (INV_X1)
                                         _041716_ (net)
                  0.01    0.00    3.52 ^ _118724_/A1 (AND3_X1)
     2    3.20    0.01    0.04    3.56 ^ _118724_/ZN (AND3_X1)
                                         _041730_ (net)
                  0.01    0.00    3.56 ^ _118746_/A1 (NAND4_X1)
     2    3.02    0.02    0.03    3.59 v _118746_/ZN (NAND4_X1)
                                         _041752_ (net)
                  0.02    0.00    3.59 v _118747_/B2 (OAI21_X1)
     1    1.67    0.02    0.04    3.63 ^ _118747_/ZN (OAI21_X1)
                                         _041753_ (net)
                  0.02    0.00    3.63 ^ _118750_/A (OAI21_X1)
     5    6.13    0.02    0.03    3.66 v _118750_/ZN (OAI21_X1)
                                         _041756_ (net)
                  0.02    0.00    3.66 v _118758_/A (CLKBUF_X1)
    10   15.58    0.04    0.07    3.73 v _118758_/Z (CLKBUF_X1)
                                         _041762_ (net)
                  0.04    0.00    3.73 v _118763_/B2 (OAI21_X1)
     1    0.00    0.01    0.03    3.76 ^ _118763_/ZN (OAI21_X1)
                                         o_new0[10] (net)
                  0.01    0.00    3.76 ^ o_new0[10] (out)
                                  3.76   data arrival time

                  0.00   10.00   10.00   clock core_clock (rise edge)
                          0.00   10.00   clock network delay (ideal)
                          0.00   10.00   clock reconvergence pessimism
                         -2.00    8.00   output external delay
                                  8.00   data required time
-----------------------------------------------------------------------------
                                  8.00   data required time
                                 -3.76   data arrival time
-----------------------------------------------------------------------------
                                  4.24   slack (MET)



==========================================================================
floorplan final report_checks -unconstrained
--------------------------------------------------------------------------
Startpoint: rst_n (input port clocked by core_clock)
Endpoint: p_req_stride[0]$_DFFE_PN1P_
          (recovery check against rising-edge clock core_clock)
Path Group: asynchronous
Path Type: max

Fanout     Cap    Slew   Delay    Time   Description
-----------------------------------------------------------------------------
                  0.00    0.00    0.00   clock core_clock (rise edge)
                          0.00    0.00   clock network delay (ideal)
                          2.00    2.00 ^ input external delay
  2950 5240.53    0.00    0.00    2.00 ^ rst_n (in)
                                         rst_n (net)
                  0.00    0.00    2.00 ^ p_req_stride[0]$_DFFE_PN1P_/SN (DFFS_X1)
                                  2.00   data arrival time

                  0.00   10.00   10.00   clock core_clock (rise edge)
                          0.00   10.00   clock network delay (ideal)
                          0.00   10.00   clock reconvergence pessimism
                                 10.00 ^ p_req_stride[0]$_DFFE_PN1P_/CK (DFFS_X1)
                          0.04   10.04   library recovery time
                                 10.04   data required time
-----------------------------------------------------------------------------
                                 10.04   data required time
                                 -2.00   data arrival time
-----------------------------------------------------------------------------
                                  8.04   slack (MET)


Startpoint: u_ag.t0_q[2]$_DFFE_PN0P_
            (rising edge-triggered flip-flop clocked by core_clock)
Endpoint: o_new0[10] (output port clocked by core_clock)
Path Group: core_clock
Path Type: max

Fanout     Cap    Slew   Delay    Time   Description
-----------------------------------------------------------------------------
                  0.00    0.00    0.00   clock core_clock (rise edge)
                          0.00    0.00   clock network delay (ideal)
                  0.00    0.00    0.00 ^ u_ag.t0_q[2]$_DFFE_PN0P_/CK (DFFR_X1)
     4    5.81    0.02    0.11    0.11 ^ u_ag.t0_q[2]$_DFFE_PN0P_/Q (DFFR_X1)
                                         o_t0[2] (net)
                  0.02    0.00    0.11 ^ _155977_/A (HA_X1)
     3    4.92    0.04    0.07    0.17 ^ _155977_/S (HA_X1)
                                         _011108_ (net)
                  0.04    0.00    0.17 ^ _087445_/A (INV_X1)
     2    3.59    0.01    0.02    0.19 v _087445_/ZN (INV_X1)
                                         _020735_ (net)
                  0.01    0.00    0.19 v _087447_/B1 (OAI21_X1)
     2    3.29    0.03    0.04    0.23 ^ _087447_/ZN (OAI21_X1)
                                         _020737_ (net)
                  0.03    0.00    0.23 ^ _087449_/A1 (NAND3_X1)
     1    0.87    0.01    0.02    0.24 v _087449_/ZN (NAND3_X1)
                                         _020739_ (net)
                  0.01    0.00    0.24 v _087458_/A1 (AND3_X1)
     2    3.54    0.01    0.04    0.28 v _087458_/ZN (AND3_X1)
                                         _020748_ (net)
                  0.01    0.00    0.28 v _087460_/A1 (NOR2_X1)
     1    1.71    0.02    0.02    0.30 ^ _087460_/ZN (NOR2_X1)
                                         _020750_ (net)
                  0.02    0.00    0.30 ^ _087465_/A1 (NOR2_X1)
     2    3.59    0.01    0.01    0.32 v _087465_/ZN (NOR2_X1)
                                         _020755_ (net)
                  0.01    0.00    0.32 v _087468_/B1 (OAI21_X1)
     2    3.88    0.03    0.04    0.35 ^ _087468_/ZN (OAI21_X1)
                                         _020758_ (net)
                  0.03    0.00    0.35 ^ _087471_/B1 (AOI21_X1)
     2    3.59    0.01    0.02    0.38 v _087471_/ZN (AOI21_X1)
                                         _020761_ (net)
                  0.01    0.00    0.38 v _087473_/B1 (OAI21_X1)
     2    3.88    0.03    0.04    0.42 ^ _087473_/ZN (OAI21_X1)
                                         _020763_ (net)
                  0.03    0.00    0.42 ^ _092065_/B1 (AOI21_X1)
     1    1.46    0.01    0.02    0.44 v _092065_/ZN (AOI21_X1)
                                         _024997_ (net)
                  0.01    0.00    0.44 v _092066_/B1 (OAI21_X1)
     1    2.23    0.02    0.03    0.47 ^ _092066_/ZN (OAI21_X1)
                                         _024998_ (net)
                  0.02    0.00    0.47 ^ _092070_/A (XOR2_X1)
     2    4.78    0.04    0.07    0.53 ^ _092070_/Z (XOR2_X1)
                                         u_ag.t1_full[15] (net)
                  0.04    0.00    0.53 ^ _158901_/A (HA_X1)
     2    3.20    0.03    0.06    0.59 ^ _158901_/S (HA_X1)
                                         _016176_ (net)
                  0.03    0.00    0.59 ^ _088477_/A1 (NAND2_X1)
     1    1.55    0.01    0.02    0.61 v _088477_/ZN (NAND2_X1)
                                         _021695_ (net)
                  0.01    0.00    0.61 v _088478_/A (INV_X1)
     2    3.26    0.01    0.02    0.62 ^ _088478_/ZN (INV_X1)
                                         _021696_ (net)
                  0.01    0.00    0.62 ^ _088479_/A1 (NAND3_X1)
     2    3.12    0.02    0.02    0.65 v _088479_/ZN (NAND3_X1)
                                         _021697_ (net)
                  0.02    0.00    0.65 v _088480_/A2 (NOR2_X1)
     2    3.19    0.02    0.04    0.69 ^ _088480_/ZN (NOR2_X1)
                                         _021698_ (net)
                  0.02    0.00    0.69 ^ _088498_/A1 (NAND4_X1)
     1    3.14    0.02    0.03    0.72 v _088498_/ZN (NAND4_X1)
                                         _021716_ (net)
                  0.02    0.00    0.72 v _088499_/A2 (NAND2_X2)
     5    8.25    0.02    0.03    0.75 ^ _088499_/ZN (NAND2_X2)
                                         _021717_ (net)
                  0.02    0.00    0.75 ^ _088500_/A (BUF_X2)
    10   21.68    0.03    0.05    0.79 ^ _088500_/Z (BUF_X2)
                                         _021718_ (net)
                  0.03    0.00    0.79 ^ _092991_/A1 (NAND2_X1)
     1    1.50    0.01    0.02    0.81 v _092991_/ZN (NAND2_X1)
                                         _025773_ (net)
                  0.01    0.00    0.81 v _092992_/A2 (NAND2_X1)
     7   14.61    0.04    0.05    0.86 ^ _092992_/ZN (NAND2_X1)
                                         u_ag.t1m1_s[0] (net)
                  0.04    0.00    0.86 ^ _155143_/A (HA_X1)
     2    4.27    0.01    0.05    0.90 ^ _155143_/CO (HA_X1)
                                         _009678_ (net)
                  0.01    0.00    0.90 ^ _103300_/A (INV_X1)
     1    1.55    0.01    0.01    0.91 v _103300_/ZN (INV_X1)
                                         _031988_ (net)
                  0.01    0.00    0.91 v _103301_/A3 (NOR3_X1)
     4    7.12    0.06    0.09    1.00 ^ _103301_/ZN (NOR3_X1)
                                         _031989_ (net)
                  0.06    0.00    1.00 ^ _103302_/A1 (NAND2_X1)
     2    2.97    0.02    0.02    1.03 v _103302_/ZN (NAND2_X1)
                                         _031990_ (net)
                  0.02    0.00    1.03 v _103339_/A1 (NOR2_X1)
     1    2.23    0.02    0.03    1.06 ^ _103339_/ZN (NOR2_X1)
                                         _032019_ (net)
                  0.02    0.00    1.06 ^ _103340_/A (XNOR2_X1)
     8   13.72    0.07    0.07    1.13 ^ _103340_/ZN (XNOR2_X1)
                                         _032020_ (net)
                  0.07    0.00    1.13 ^ _103411_/A1 (NOR2_X1)
     1    3.40    0.02    0.02    1.15 v _103411_/ZN (NOR2_X1)
                                         _001139_ (net)
                  0.02    0.00    1.15 v _146733_/B (FA_X1)
     1    3.75    0.02    0.13    1.27 ^ _146733_/S (FA_X1)
                                         _070594_ (net)
                  0.02    0.00    1.27 ^ _153340_/A (FA_X1)
     1    3.40    0.02    0.09    1.36 v _153340_/S (FA_X1)
                                         _082549_ (net)
                  0.02    0.00    1.36 v _151803_/B (FA_X1)
     1    3.47    0.01    0.13    1.49 ^ _151803_/S (FA_X1)
                                         _082552_ (net)
                  0.01    0.00    1.49 ^ _151869_/B (FA_X1)
     1    3.06    0.02    0.10    1.59 v _151869_/S (FA_X1)
                                         _082750_ (net)
                  0.02    0.00    1.59 v _157356_/A (HA_X1)
     1    0.88    0.01    0.05    1.64 v _157356_/S (HA_X1)
                                         _013331_ (net)
                  0.01    0.00    1.64 v _092021_/A (BUF_X1)
     4    6.98    0.01    0.04    1.67 v _092021_/Z (BUF_X1)
                                         _024954_ (net)
                  0.01    0.00    1.67 v _092022_/A1 (NAND2_X1)
     2    3.21    0.01    0.02    1.69 ^ _092022_/ZN (NAND2_X1)
                                         _024955_ (net)
                  0.01    0.00    1.69 ^ _092023_/C2 (OAI221_X1)
     1    1.54    0.02    0.03    1.72 v _092023_/ZN (OAI221_X1)
                                         _024956_ (net)
                  0.02    0.00    1.72 v _092036_/A (AOI21_X1)
     2    3.80    0.03    0.05    1.77 ^ _092036_/ZN (AOI21_X1)
                                         _024969_ (net)
                  0.03    0.00    1.77 ^ _092038_/C1 (OAI221_X1)
     2    3.68    0.02    0.04    1.81 v _092038_/ZN (OAI221_X1)
                                         _024971_ (net)
                  0.02    0.00    1.81 v _092039_/A (INV_X1)
     1    1.66    0.01    0.02    1.83 ^ _092039_/ZN (INV_X1)
                                         _024972_ (net)
                  0.01    0.00    1.83 ^ _092041_/B1 (OAI21_X1)
     1    1.45    0.01    0.01    1.84 v _092041_/ZN (OAI21_X1)
                                         _024974_ (net)
                  0.01    0.00    1.84 v _092042_/B1 (AOI21_X1)
     1    1.70    0.02    0.03    1.87 ^ _092042_/ZN (AOI21_X1)
                                         _024975_ (net)
                  0.02    0.00    1.87 ^ _092043_/A (INV_X1)
     2    3.57    0.01    0.01    1.88 v _092043_/ZN (INV_X1)
                                         _024976_ (net)
                  0.01    0.00    1.88 v _101618_/A (XNOR2_X1)
     1    3.40    0.02    0.04    1.92 v _101618_/ZN (XNOR2_X1)
                                         _006265_ (net)
                  0.02    0.00    1.92 v _152066_/B (FA_X1)
     1    1.70    0.01    0.12    2.04 ^ _152066_/S (FA_X1)
                                         _006268_ (net)
                  0.01    0.00    2.04 ^ _101616_/A (INV_X1)
     1    3.06    0.01    0.01    2.05 v _101616_/ZN (INV_X1)
                                         _013741_ (net)
                  0.01    0.00    2.05 v _157562_/A (HA_X1)
     3    4.58    0.01    0.05    2.11 v _157562_/S (HA_X1)
                                         _013744_ (net)
                  0.01    0.00    2.11 v _091833_/A (INV_X1)
     2    4.23    0.01    0.02    2.13 ^ _091833_/ZN (INV_X1)
                                         _024776_ (net)
                  0.01    0.00    2.13 ^ _091839_/B1 (OAI221_X1)
     1    1.55    0.02    0.03    2.16 v _091839_/ZN (OAI221_X1)
                                         _024782_ (net)
                  0.02    0.00    2.16 v _091840_/A (INV_X1)
     1    1.67    0.01    0.02    2.17 ^ _091840_/ZN (INV_X1)
                                         _024783_ (net)
                  0.01    0.00    2.17 ^ _091843_/A (OAI21_X1)
     3    5.12    0.02    0.03    2.20 v _091843_/ZN (OAI21_X1)
                                         _024786_ (net)
                  0.02    0.00    2.20 v _091844_/A (INV_X1)
     1    0.95    0.01    0.01    2.21 ^ _091844_/ZN (INV_X1)
                                         _024787_ (net)
                  0.01    0.00    2.21 ^ _091846_/A1 (OR2_X1)
     1    1.52    0.01    0.02    2.23 ^ _091846_/ZN (OR2_X1)
                                         _024789_ (net)
                  0.01    0.00    2.23 ^ _091851_/A1 (NAND4_X1)
     2    3.69    0.02    0.03    2.26 v _091851_/ZN (NAND4_X1)
                                         _024794_ (net)
                  0.02    0.00    2.26 v _091852_/A1 (NAND3_X1)
     1    1.59    0.01    0.02    2.29 ^ _091852_/ZN (NAND3_X1)
                                         _024795_ (net)
                  0.01    0.00    2.29 ^ _091854_/A1 (NAND3_X1)
     2    3.69    0.02    0.02    2.31 v _091854_/ZN (NAND3_X1)
                                         _024797_ (net)
                  0.02    0.00    2.31 v _091855_/A1 (NAND3_X1)
     1    1.59    0.01    0.02    2.33 ^ _091855_/ZN (NAND3_X1)
                                         _024798_ (net)
                  0.01    0.00    2.33 ^ _091857_/A1 (NAND3_X1)
     4    6.37    0.02    0.03    2.36 v _091857_/ZN (NAND3_X1)
                                         _024800_ (net)
                  0.02    0.00    2.36 v _091859_/A1 (NOR2_X1)
     2    5.05    0.03    0.05    2.41 ^ _091859_/ZN (NOR2_X1)
                                         u_ag.hi_raw[30] (net)
                  0.03    0.00    2.41 ^ _154896_/B (HA_X1)
     2    2.55    0.03    0.06    2.46 ^ _154896_/S (HA_X1)
                                         _009321_ (net)
                  0.03    0.00    2.46 ^ _087919_/A2 (AND4_X1)
     2    3.19    0.02    0.07    2.53 ^ _087919_/ZN (AND4_X1)
                                         _021175_ (net)
                  0.02    0.00    2.53 ^ _087922_/A1 (NAND4_X1)
     2    2.88    0.02    0.03    2.56 v _087922_/ZN (NAND4_X1)
                                         _021178_ (net)
                  0.02    0.00    2.56 v _087928_/A1 (NOR4_X1)
     2    3.25    0.06    0.07    2.62 ^ _087928_/ZN (NOR4_X1)
                                         _021184_ (net)
                  0.06    0.00    2.62 ^ _087929_/A2 (NAND2_X1)
     1    1.53    0.01    0.02    2.64 v _087929_/ZN (NAND2_X1)
                                         _021185_ (net)
                  0.01    0.00    2.64 v _087958_/A1 (NAND2_X1)
     1    2.23    0.01    0.02    2.66 ^ _087958_/ZN (NAND2_X1)
                                         _021214_ (net)
                  0.01    0.00    2.66 ^ _087959_/A (XOR2_X1)
     1    1.70    0.02    0.05    2.71 ^ _087959_/Z (XOR2_X1)
                                         _021215_ (net)
                  0.02    0.00    2.71 ^ _087960_/A (INV_X1)
     1    2.93    0.01    0.01    2.72 v _087960_/ZN (INV_X1)
                                         _021216_ (net)
                  0.01    0.00    2.72 v _087964_/A1 (NAND2_X2)
     2    6.65    0.01    0.02    2.74 ^ _087964_/ZN (NAND2_X2)
                                         _021220_ (net)
                  0.01    0.00    2.74 ^ _087965_/A (BUF_X4)
    10   18.01    0.01    0.03    2.77 ^ _087965_/Z (BUF_X4)
                                         _021221_ (net)
                  0.01    0.00    2.77 ^ _088037_/A (BUF_X2)
    10   24.27    0.03    0.05    2.82 ^ _088037_/Z (BUF_X2)
                                         _021283_ (net)
                  0.03    0.00    2.82 ^ _118611_/A (BUF_X1)
    10   15.20    0.04    0.06    2.88 ^ _118611_/Z (BUF_X1)
                                         _041660_ (net)
                  0.04    0.00    2.88 ^ _118621_/A (BUF_X1)
    10   15.90    0.04    0.06    2.94 ^ _118621_/Z (BUF_X1)
                                         _041664_ (net)
                  0.04    0.00    2.94 ^ _118629_/B2 (OAI21_X1)
     1    3.34    0.02    0.03    2.97 v _118629_/ZN (OAI21_X1)
                                         u_ag.hi_c[21] (net)
                  0.02    0.00    2.97 v _158843_/B (HA_X1)
     2    3.06    0.01    0.06    3.03 v _158843_/S (HA_X1)
                                         _016062_ (net)
                  0.01    0.00    3.03 v _088230_/A1 (NAND2_X1)
     1    1.70    0.01    0.02    3.05 ^ _088230_/ZN (NAND2_X1)
                                         _021449_ (net)
                  0.01    0.00    3.05 ^ _088231_/A (INV_X1)
     1    1.46    0.00    0.01    3.05 v _088231_/ZN (INV_X1)
                                         _021450_ (net)
                  0.00    0.00    3.05 v _088232_/B1 (OAI21_X1)
     1    1.70    0.02    0.02    3.08 ^ _088232_/ZN (OAI21_X1)
                                         _021451_ (net)
                  0.02    0.00    3.08 ^ _088233_/A (INV_X1)
     1    1.41    0.01    0.01    3.09 v _088233_/ZN (INV_X1)
                                         _021452_ (net)
                  0.01    0.00    3.09 v _088234_/A1 (NOR2_X1)
     1    1.67    0.02    0.02    3.11 ^ _088234_/ZN (NOR2_X1)
                                         _021453_ (net)
                  0.02    0.00    3.11 ^ _088241_/A (OAI21_X1)
     1    1.54    0.01    0.02    3.13 v _088241_/ZN (OAI21_X1)
                                         _021460_ (net)
                  0.01    0.00    3.13 v _088242_/A (AOI21_X1)
     1    1.66    0.02    0.04    3.17 ^ _088242_/ZN (AOI21_X1)
                                         _021461_ (net)
                  0.02    0.00    3.17 ^ _088243_/A2 (NAND2_X1)
     1    1.45    0.01    0.02    3.18 v _088243_/ZN (NAND2_X1)
                                         _021462_ (net)
                  0.01    0.00    3.18 v _088245_/B1 (AOI21_X1)
     1    1.66    0.02    0.03    3.21 ^ _088245_/ZN (AOI21_X1)
                                         _021464_ (net)
                  0.02    0.00    3.21 ^ _088247_/B1 (OAI21_X1)
     1    0.87    0.01    0.01    3.22 v _088247_/ZN (OAI21_X1)
                                         _021466_ (net)
                  0.01    0.00    3.22 v _088248_/A1 (AND2_X1)
     1    1.41    0.01    0.03    3.25 v _088248_/ZN (AND2_X1)
                                         _021467_ (net)
                  0.01    0.00    3.25 v _088249_/A1 (NOR2_X1)
     1    1.70    0.02    0.02    3.27 ^ _088249_/ZN (NOR2_X1)
                                         _021468_ (net)
                  0.02    0.00    3.27 ^ _088250_/A (INV_X1)
     1    6.53    0.01    0.02    3.29 v _088250_/ZN (INV_X1)
                                         _021469_ (net)
                  0.01    0.00    3.29 v _088251_/A3 (NAND3_X4)
     8   19.54    0.02    0.03    3.32 ^ _088251_/ZN (NAND3_X4)
                                         _021470_ (net)
                  0.02    0.00    3.32 ^ _088252_/A (INV_X4)
     7   14.99    0.01    0.01    3.33 v _088252_/ZN (INV_X4)
                                         _021471_ (net)
                  0.01    0.00    3.33 v _088253_/A (BUF_X8)
    10   20.81    0.01    0.03    3.36 v _088253_/Z (BUF_X8)
                                         _021472_ (net)
                  0.01    0.00    3.36 v _093694_/A2 (NAND2_X1)
     1    1.59    0.01    0.02    3.37 ^ _093694_/ZN (NAND2_X1)
                                         _026305_ (net)
                  0.01    0.00    3.37 ^ _093703_/A1 (NAND3_X1)
     3    4.65    0.02    0.03    3.40 v _093703_/ZN (NAND3_X1)
                                         _026313_ (net)
                  0.02    0.00    3.40 v _093707_/A1 (NAND2_X1)
     2    4.89    0.02    0.03    3.43 ^ _093707_/ZN (NAND2_X1)
                                         _016158_ (net)
                  0.02    0.00    3.43 ^ _158893_/A (HA_X1)
     2    3.20    0.03    0.06    3.48 ^ _158893_/S (HA_X1)
                                         _016160_ (net)
                  0.03    0.00    3.48 ^ _118709_/A1 (NAND2_X1)
     1    1.55    0.01    0.02    3.50 v _118709_/ZN (NAND2_X1)
                                         _041715_ (net)
                  0.01    0.00    3.50 v _118710_/A (INV_X1)
     2    2.55    0.01    0.02    3.52 ^ _118710_/ZN (INV_X1)
                                         _041716_ (net)
                  0.01    0.00    3.52 ^ _118724_/A1 (AND3_X1)
     2    3.20    0.01    0.04    3.56 ^ _118724_/ZN (AND3_X1)
                                         _041730_ (net)
                  0.01    0.00    3.56 ^ _118746_/A1 (NAND4_X1)
     2    3.02    0.02    0.03    3.59 v _118746_/ZN (NAND4_X1)
                                         _041752_ (net)
                  0.02    0.00    3.59 v _118747_/B2 (OAI21_X1)
     1    1.67    0.02    0.04    3.63 ^ _118747_/ZN (OAI21_X1)
                                         _041753_ (net)
                  0.02    0.00    3.63 ^ _118750_/A (OAI21_X1)
     5    6.13    0.02    0.03    3.66 v _118750_/ZN (OAI21_X1)
                                         _041756_ (net)
                  0.02    0.00    3.66 v _118758_/A (CLKBUF_X1)
    10   15.58    0.04    0.07    3.73 v _118758_/Z (CLKBUF_X1)
                                         _041762_ (net)
                  0.04    0.00    3.73 v _118763_/B2 (OAI21_X1)
     1    0.00    0.01    0.03    3.76 ^ _118763_/ZN (OAI21_X1)
                                         o_new0[10] (net)
                  0.01    0.00    3.76 ^ o_new0[10] (out)
                                  3.76   data arrival time

                  0.00   10.00   10.00   clock core_clock (rise edge)
                          0.00   10.00   clock network delay (ideal)
                          0.00   10.00   clock reconvergence pessimism
                         -2.00    8.00   output external delay
                                  8.00   data required time
-----------------------------------------------------------------------------
                                  8.00   data required time
                                 -3.76   data arrival time
-----------------------------------------------------------------------------
                                  4.24   slack (MET)



==========================================================================
floorplan final report_power
--------------------------------------------------------------------------
Group                  Internal  Switching    Leakage      Total
                          Power      Power      Power      Power (Watts)
----------------------------------------------------------------
Sequential             4.13e-03   3.95e-04   3.35e-04   4.86e-03   3.3%
Combinational          7.76e-02   6.32e-02   1.98e-03   1.43e-01  96.7%
Clock                  0.00e+00   0.00e+00   0.00e+00   0.00e+00   0.0%
Macro                  0.00e+00   0.00e+00   0.00e+00   0.00e+00   0.0%
Pad                    0.00e+00   0.00e+00   0.00e+00   0.00e+00   0.0%
----------------------------------------------------------------
Total                  8.18e-02   6.36e-02   2.31e-03   1.48e-01 100.0%
                          55.4%      43.1%       1.6%
