
==========================================================================
finish report_tns
--------------------------------------------------------------------------
tns max 0.00

==========================================================================
finish report_wns
--------------------------------------------------------------------------
wns max 0.00

==========================================================================
finish report_worst_slack
--------------------------------------------------------------------------
worst slack max 3.38

==========================================================================
finish report_clock_min_period
--------------------------------------------------------------------------
core_clock period_min = 6.62 fmax = 150.96

==========================================================================
finish report_clock_skew
--------------------------------------------------------------------------
Clock core_clock
   0.32 source latency u_mem.q_rsp_word[31]$_DFFE_PN0P_/CK ^
  -0.27 target latency desc_word_r[6][31]$_DFFE_PP_/CK ^
   0.00 CRPR
--------------
   0.05 setup skew


==========================================================================
finish report_checks -path_delay min
--------------------------------------------------------------------------
Startpoint: rst_n (input port clocked by core_clock)
Endpoint: p_req_mask[28]$_DFFE_PN0P_
          (removal check against rising-edge clock core_clock)
Path Group: asynchronous
Path Type: min

Fanout     Cap    Slew   Delay    Time   Description
-----------------------------------------------------------------------------
                          0.00    0.00   clock core_clock (rise edge)
                          0.00    0.00   clock network delay (propagated)
                          2.00    2.00 ^ input external delay
     1    3.75    0.00    0.00    2.00 ^ rst_n (in)
                                         rst_n (net)
                  0.00    0.00    2.00 ^ input88/A (CLKBUF_X3)
    10   42.10    0.03    0.04    2.04 ^ input88/Z (CLKBUF_X3)
                                         net87 (net)
                  0.04    0.02    2.07 ^ p_req_mask[28]$_DFFE_PN0P_/RN (DFFR_X1)
                                  2.07   data arrival time

                          0.00    0.00   clock core_clock (rise edge)
                          0.00    0.00   clock source latency
     1   39.98    0.00    0.00    0.00 ^ clk (in)
                                         clk (net)
                  0.01    0.01    0.01 ^ clkbuf_0_clk/A (CLKBUF_X3)
     4   30.18    0.02    0.05    0.06 ^ clkbuf_0_clk/Z (CLKBUF_X3)
                                         clknet_0_clk (net)
                  0.03    0.00    0.07 ^ clkbuf_2_2_0_clk/A (CLKBUF_X3)
     2   17.19    0.02    0.05    0.11 ^ clkbuf_2_2_0_clk/Z (CLKBUF_X3)
                                         clknet_2_2_0_clk (net)
                  0.02    0.00    0.12 ^ clkbuf_3_5_0_clk/A (CLKBUF_X3)
     8   40.94    0.03    0.06    0.18 ^ clkbuf_3_5_0_clk/Z (CLKBUF_X3)
                                         clknet_3_5_0_clk (net)
                  0.03    0.00    0.18 ^ clkbuf_6_41__f_clk/A (CLKBUF_X3)
     9   26.48    0.02    0.06    0.24 ^ clkbuf_6_41__f_clk/Z (CLKBUF_X3)
                                         clknet_6_41__leaf_clk (net)
                  0.02    0.00    0.24 ^ clkbuf_leaf_489_clk/A (CLKBUF_X3)
     5   13.86    0.01    0.04    0.28 ^ clkbuf_leaf_489_clk/Z (CLKBUF_X3)
                                         clknet_leaf_489_clk (net)
                  0.01    0.00    0.28 ^ p_req_mask[28]$_DFFE_PN0P_/CK (DFFR_X1)
                          0.00    0.28   clock reconvergence pessimism
                          0.23    0.52   library removal time
                                  0.52   data required time
-----------------------------------------------------------------------------
                                  0.52   data required time
                                 -2.07   data arrival time
-----------------------------------------------------------------------------
                                  1.55   slack (MET)


Startpoint: u_mem.q_busy$_DFF_PN0_
            (rising edge-triggered flip-flop clocked by core_clock)
Endpoint: u_mem.q_rsp_valid$_DFF_PN0_
          (rising edge-triggered flip-flop clocked by core_clock)
Path Group: core_clock
Path Type: min

Fanout     Cap    Slew   Delay    Time   Description
-----------------------------------------------------------------------------
                          0.00    0.00   clock core_clock (rise edge)
                          0.00    0.00   clock source latency
     1   39.98    0.00    0.00    0.00 ^ clk (in)
                                         clk (net)
                  0.01    0.01    0.01 ^ clkbuf_0_clk/A (CLKBUF_X3)
     4   30.18    0.02    0.05    0.06 ^ clkbuf_0_clk/Z (CLKBUF_X3)
                                         clknet_0_clk (net)
                  0.03    0.00    0.07 ^ clkbuf_2_1_0_clk/A (CLKBUF_X3)
     2   22.12    0.02    0.05    0.12 ^ clkbuf_2_1_0_clk/Z (CLKBUF_X3)
                                         clknet_2_1_0_clk (net)
                  0.02    0.00    0.12 ^ clkbuf_3_3_0_clk/A (CLKBUF_X3)
     8   42.33    0.03    0.07    0.19 ^ clkbuf_3_3_0_clk/Z (CLKBUF_X3)
                                         clknet_3_3_0_clk (net)
                  0.03    0.00    0.19 ^ clkbuf_6_24__f_clk/A (CLKBUF_X3)
    12   36.17    0.03    0.07    0.25 ^ clkbuf_6_24__f_clk/Z (CLKBUF_X3)
                                         clknet_6_24__leaf_clk (net)
                  0.03    0.00    0.26 ^ clkbuf_leaf_176_clk/A (CLKBUF_X3)
     7    9.94    0.01    0.04    0.30 ^ clkbuf_leaf_176_clk/Z (CLKBUF_X3)
                                         clknet_leaf_176_clk (net)
                  0.01    0.00    0.30 ^ u_mem.q_busy$_DFF_PN0_/CK (DFFR_X1)
     2    2.79    0.01    0.09    0.39 v u_mem.q_busy$_DFF_PN0_/Q (DFFR_X1)
                                         u_mem.q_busy (net)
                  0.01    0.00    0.39 v u_mem.q_rsp_valid$_DFF_PN0_/D (DFFR_X1)
                                  0.39   data arrival time

                          0.00    0.00   clock core_clock (rise edge)
                          0.00    0.00   clock source latency
     1   39.98    0.00    0.00    0.00 ^ clk (in)
                                         clk (net)
                  0.01    0.01    0.01 ^ clkbuf_0_clk/A (CLKBUF_X3)
     4   30.18    0.02    0.05    0.06 ^ clkbuf_0_clk/Z (CLKBUF_X3)
                                         clknet_0_clk (net)
                  0.03    0.00    0.07 ^ clkbuf_2_1_0_clk/A (CLKBUF_X3)
     2   22.12    0.02    0.05    0.12 ^ clkbuf_2_1_0_clk/Z (CLKBUF_X3)
                                         clknet_2_1_0_clk (net)
                  0.02    0.00    0.12 ^ clkbuf_3_3_0_clk/A (CLKBUF_X3)
     8   42.33    0.03    0.07    0.19 ^ clkbuf_3_3_0_clk/Z (CLKBUF_X3)
                                         clknet_3_3_0_clk (net)
                  0.03    0.00    0.19 ^ clkbuf_6_24__f_clk/A (CLKBUF_X3)
    12   36.17    0.03    0.07    0.25 ^ clkbuf_6_24__f_clk/Z (CLKBUF_X3)
                                         clknet_6_24__leaf_clk (net)
                  0.03    0.00    0.26 ^ clkbuf_leaf_174_clk/A (CLKBUF_X3)
     8   10.25    0.01    0.04    0.30 ^ clkbuf_leaf_174_clk/Z (CLKBUF_X3)
                                         clknet_leaf_174_clk (net)
                  0.01    0.00    0.30 ^ u_mem.q_rsp_valid$_DFF_PN0_/CK (DFFR_X1)
                          0.00    0.30   clock reconvergence pessimism
                          0.01    0.30   library hold time
                                  0.30   data required time
-----------------------------------------------------------------------------
                                  0.30   data required time
                                 -0.39   data arrival time
-----------------------------------------------------------------------------
                                  0.09   slack (MET)



==========================================================================
finish report_checks -path_delay max
--------------------------------------------------------------------------
Startpoint: rst_n (input port clocked by core_clock)
Endpoint: qm2_q[5]$_DFFE_PN0P_
          (recovery check against rising-edge clock core_clock)
Path Group: asynchronous
Path Type: max

Fanout     Cap    Slew   Delay    Time   Description
-----------------------------------------------------------------------------
                          0.00    0.00   clock core_clock (rise edge)
                          0.00    0.00   clock network delay (propagated)
                          2.00    2.00 ^ input external delay
     1    3.75    0.00    0.00    2.00 ^ rst_n (in)
                                         rst_n (net)
                  0.00    0.00    2.00 ^ input88/A (CLKBUF_X3)
    10   42.10    0.03    0.04    2.04 ^ input88/Z (CLKBUF_X3)
                                         net87 (net)
                  0.03    0.01    2.06 ^ place3796/A (BUF_X2)
    15   52.92    0.06    0.08    2.14 ^ place3796/Z (BUF_X2)
                                         net3779 (net)
                  0.06    0.02    2.16 ^ place3795/A (BUF_X2)
    18   59.80    0.06    0.08    2.24 ^ place3795/Z (BUF_X2)
                                         net3778 (net)
                  0.07    0.02    2.26 ^ place3794/A (BUF_X2)
    15   49.13    0.06    0.08    2.35 ^ place3794/Z (BUF_X2)
                                         net3777 (net)
                  0.06    0.01    2.36 ^ place3793/A (BUF_X1)
    11   31.80    0.07    0.10    2.46 ^ place3793/Z (BUF_X1)
                                         net3776 (net)
                  0.07    0.01    2.46 ^ place3790/A (BUF_X2)
    27   57.74    0.07    0.09    2.56 ^ place3790/Z (BUF_X2)
                                         net3773 (net)
                  0.07    0.00    2.56 ^ place3789/A (BUF_X2)
    34   74.76    0.08    0.11    2.67 ^ place3789/Z (BUF_X2)
                                         net3772 (net)
                  0.08    0.01    2.68 ^ place3788/A (BUF_X2)
    34   72.32    0.08    0.11    2.80 ^ place3788/Z (BUF_X2)
                                         net3771 (net)
                  0.08    0.00    2.80 ^ qm2_q[5]$_DFFE_PN0P_/RN (DFFR_X1)
                                  2.80   data arrival time

                         10.00   10.00   clock core_clock (rise edge)
                          0.00   10.00   clock source latency
     1   39.98    0.00    0.00   10.00 ^ clk (in)
                                         clk (net)
                  0.01    0.01   10.01 ^ clkbuf_0_clk/A (CLKBUF_X3)
     4   30.18    0.02    0.05   10.06 ^ clkbuf_0_clk/Z (CLKBUF_X3)
                                         clknet_0_clk (net)
                  0.03    0.00   10.07 ^ clkbuf_2_1_0_clk/A (CLKBUF_X3)
     2   22.12    0.02    0.05   10.12 ^ clkbuf_2_1_0_clk/Z (CLKBUF_X3)
                                         clknet_2_1_0_clk (net)
                  0.02    0.00   10.12 ^ clkbuf_3_3_0_clk/A (CLKBUF_X3)
     8   42.33    0.03    0.07   10.19 ^ clkbuf_3_3_0_clk/Z (CLKBUF_X3)
                                         clknet_3_3_0_clk (net)
                  0.03    0.00   10.19 ^ clkbuf_6_29__f_clk/A (CLKBUF_X3)
    14   35.92    0.03    0.07   10.25 ^ clkbuf_6_29__f_clk/Z (CLKBUF_X3)
                                         clknet_6_29__leaf_clk (net)
                  0.03    0.00   10.26 ^ clkbuf_leaf_288_clk/A (CLKBUF_X3)
     5    8.52    0.01    0.04   10.30 ^ clkbuf_leaf_288_clk/Z (CLKBUF_X3)
                                         clknet_leaf_288_clk (net)
                  0.01    0.00   10.30 ^ qm2_q[5]$_DFFE_PN0P_/CK (DFFR_X1)
                          0.00   10.30   clock reconvergence pessimism
                          0.05   10.34   library recovery time
                                 10.34   data required time
-----------------------------------------------------------------------------
                                 10.34   data required time
                                 -2.80   data arrival time
-----------------------------------------------------------------------------
                                  7.55   slack (MET)


Startpoint: u_ag.t0_q[4]$_DFFE_PN0P_
            (rising edge-triggered flip-flop clocked by core_clock)
Endpoint: o_new0[9] (output port clocked by core_clock)
Path Group: core_clock
Path Type: max

Fanout     Cap    Slew   Delay    Time   Description
-----------------------------------------------------------------------------
                          0.00    0.00   clock core_clock (rise edge)
                          0.00    0.00   clock source latency
     1   39.98    0.00    0.00    0.00 ^ clk (in)
                                         clk (net)
                  0.01    0.01    0.01 ^ clkbuf_0_clk/A (CLKBUF_X3)
     4   30.18    0.02    0.05    0.06 ^ clkbuf_0_clk/Z (CLKBUF_X3)
                                         clknet_0_clk (net)
                  0.03    0.00    0.07 ^ clkbuf_2_0_0_clk/A (CLKBUF_X3)
     2   20.12    0.02    0.05    0.12 ^ clkbuf_2_0_0_clk/Z (CLKBUF_X3)
                                         clknet_2_0_0_clk (net)
                  0.02    0.00    0.12 ^ clkbuf_3_1_0_clk/A (CLKBUF_X3)
     8   52.55    0.04    0.07    0.19 ^ clkbuf_3_1_0_clk/Z (CLKBUF_X3)
                                         clknet_3_1_0_clk (net)
                  0.04    0.00    0.19 ^ clkbuf_6_10__f_clk/A (CLKBUF_X3)
    14   41.50    0.03    0.07    0.27 ^ clkbuf_6_10__f_clk/Z (CLKBUF_X3)
                                         clknet_6_10__leaf_clk (net)
                  0.03    0.00    0.27 ^ clkbuf_leaf_640_clk/A (CLKBUF_X3)
     8   10.83    0.01    0.05    0.31 ^ clkbuf_leaf_640_clk/Z (CLKBUF_X3)
                                         clknet_leaf_640_clk (net)
                  0.01    0.00    0.31 ^ u_ag.t0_q[4]$_DFFE_PN0P_/CK (DFFR_X1)
    13   28.59    0.07    0.17    0.48 ^ u_ag.t0_q[4]$_DFFE_PN0P_/Q (DFFR_X1)
                                         net222 (net)
                  0.07    0.00    0.48 ^ _155261_/A (HA_X1)
     4    7.96    0.05    0.09    0.57 ^ _155261_/S (HA_X1)
                                         _009888_ (net)
                  0.05    0.00    0.57 ^ _087454_/A (INV_X1)
     3    6.02    0.02    0.02    0.59 v _087454_/ZN (INV_X1)
                                         _020744_ (net)
                  0.02    0.00    0.59 v _087456_/B1 (OAI21_X1)
     1    1.90    0.02    0.03    0.62 ^ _087456_/ZN (OAI21_X1)
                                         _020746_ (net)
                  0.02    0.00    0.62 ^ _087457_/A (INV_X1)
     1    1.01    0.01    0.01    0.63 v _087457_/ZN (INV_X1)
                                         _020747_ (net)
                  0.01    0.00    0.63 v _087458_/A3 (AND3_X1)
     2    4.06    0.01    0.04    0.67 v _087458_/ZN (AND3_X1)
                                         _020748_ (net)
                  0.01    0.00    0.67 v _087460_/A1 (NOR2_X1)
     1    1.79    0.02    0.02    0.69 ^ _087460_/ZN (NOR2_X1)
                                         _020750_ (net)
                  0.02    0.00    0.69 ^ _087465_/A1 (NOR2_X1)
     2    4.81    0.01    0.02    0.71 v _087465_/ZN (NOR2_X1)
                                         _020755_ (net)
                  0.01    0.00    0.71 v _087468_/B1 (OAI21_X1)
     2    4.76    0.03    0.04    0.75 ^ _087468_/ZN (OAI21_X1)
                                         _020758_ (net)
                  0.03    0.00    0.75 ^ _087471_/B1 (AOI21_X1)
     2    4.86    0.02    0.03    0.78 v _087471_/ZN (AOI21_X1)
                                         _020761_ (net)
                  0.02    0.00    0.78 v _087473_/B1 (OAI21_X1)
     2    4.42    0.03    0.04    0.82 ^ _087473_/ZN (OAI21_X1)
                                         _020763_ (net)
                  0.03    0.00    0.82 ^ _092065_/B1 (AOI21_X1)
     1    1.94    0.01    0.02    0.84 v _092065_/ZN (AOI21_X1)
                                         _024997_ (net)
                  0.01    0.00    0.84 v _092066_/B1 (OAI21_X1)
     1    2.60    0.02    0.03    0.87 ^ _092066_/ZN (OAI21_X1)
                                         _024998_ (net)
                  0.02    0.00    0.87 ^ _092070_/A (XOR2_X1)
     2    5.85    0.04    0.07    0.94 ^ _092070_/Z (XOR2_X1)
                                         u_ag.t1_full[15] (net)
                  0.04    0.00    0.94 ^ _158901_/A (HA_X1)
     2    3.37    0.03    0.06    1.00 ^ _158901_/S (HA_X1)
                                         _016176_ (net)
                  0.03    0.00    1.00 ^ _088477_/A1 (NAND2_X1)
     1    1.71    0.01    0.02    1.02 v _088477_/ZN (NAND2_X1)
                                         _021695_ (net)
                  0.01    0.00    1.02 v _088478_/A (INV_X1)
     2    3.76    0.01    0.02    1.04 ^ _088478_/ZN (INV_X1)
                                         _021696_ (net)
                  0.01    0.00    1.04 ^ _088479_/A1 (NAND3_X1)
     2    4.14    0.02    0.03    1.07 v _088479_/ZN (NAND3_X1)
                                         _021697_ (net)
                  0.02    0.00    1.07 v _088480_/A2 (NOR2_X1)
     2    5.52    0.03    0.05    1.12 ^ _088480_/ZN (NOR2_X1)
                                         _021698_ (net)
                  0.03    0.00    1.12 ^ _088481_/A2 (NAND2_X1)
     1    1.65    0.01    0.02    1.13 v _088481_/ZN (NAND2_X1)
                                         _021699_ (net)
                  0.01    0.00    1.13 v _088495_/A1 (NAND2_X1)
     1    3.21    0.01    0.02    1.15 ^ _088495_/ZN (NAND2_X1)
                                         _021713_ (net)
                  0.01    0.00    1.15 ^ _088499_/A1 (NAND2_X2)
    23   53.35    0.05    0.06    1.22 v _088499_/ZN (NAND2_X2)
                                         _021717_ (net)
                  0.05    0.00    1.22 v _088809_/A (INV_X1)
     8   16.07    0.04    0.07    1.29 ^ _088809_/ZN (INV_X1)
                                         _021983_ (net)
                  0.04    0.00    1.29 ^ _092989_/A1 (NAND2_X1)
     1    1.63    0.01    0.02    1.31 v _092989_/ZN (NAND2_X1)
                                         _025772_ (net)
                  0.01    0.00    1.31 v _092992_/A1 (NAND2_X1)
     7   24.84    0.06    0.07    1.38 ^ _092992_/ZN (NAND2_X1)
                                         u_ag.t1m1_s[0] (net)
                  0.06    0.00    1.38 ^ _155143_/A (HA_X1)
     2    4.65    0.02    0.05    1.43 ^ _155143_/CO (HA_X1)
                                         _009678_ (net)
                  0.02    0.00    1.43 ^ _103300_/A (INV_X1)
     1    1.95    0.01    0.01    1.44 v _103300_/ZN (INV_X1)
                                         _031988_ (net)
                  0.01    0.00    1.44 v _103301_/A3 (NOR3_X1)
     4    9.05    0.08    0.11    1.54 ^ _103301_/ZN (NOR3_X1)
                                         _031989_ (net)
                  0.08    0.00    1.54 ^ _103302_/A1 (NAND2_X1)
     2    3.86    0.02    0.03    1.57 v _103302_/ZN (NAND2_X1)
                                         _031990_ (net)
                  0.02    0.00    1.57 v _103339_/A1 (NOR2_X1)
     1    2.30    0.02    0.03    1.61 ^ _103339_/ZN (NOR2_X1)
                                         _032019_ (net)
                  0.02    0.00    1.61 ^ _103340_/A (XNOR2_X1)
     8   20.07    0.10    0.08    1.69 ^ _103340_/ZN (XNOR2_X1)
                                         _032020_ (net)
                  0.10    0.00    1.69 ^ _103393_/A1 (NOR2_X1)
     1    3.94    0.02    0.02    1.71 v _103393_/ZN (NOR2_X1)
                                         _001141_ (net)
                  0.02    0.00    1.71 v _146734_/A (FA_X1)
     1    4.00    0.02    0.12    1.83 ^ _146734_/S (FA_X1)
                                         _070596_ (net)
                  0.02    0.00    1.83 ^ _153342_/A (FA_X1)
     1    3.97    0.02    0.09    1.93 v _153342_/S (FA_X1)
                                         _084008_ (net)
                  0.02    0.00    1.93 v _152506_/B (FA_X1)
     1    3.77    0.02    0.13    2.05 ^ _152506_/S (FA_X1)
                                         _081421_ (net)
                  0.02    0.00    2.05 ^ _151253_/B (FA_X1)
     1    3.37    0.02    0.10    2.15 v _151253_/S (FA_X1)
                                         _081424_ (net)
                  0.02    0.00    2.15 v _156643_/A (HA_X1)
     3    5.22    0.01    0.06    2.21 v _156643_/S (HA_X1)
                                         _012104_ (net)
                  0.01    0.00    2.21 v _092017_/A (INV_X1)
     2    4.48    0.01    0.02    2.23 ^ _092017_/ZN (INV_X1)
                                         _024950_ (net)
                  0.01    0.00    2.23 ^ _092019_/B1 (OAI21_X1)
     1    1.74    0.01    0.01    2.25 v _092019_/ZN (OAI21_X1)
                                         _024952_ (net)
                  0.01    0.00    2.25 v _092020_/A (INV_X1)
     2    3.88    0.01    0.02    2.27 ^ _092020_/ZN (INV_X1)
                                         _024953_ (net)
                  0.01    0.00    2.27 ^ _092023_/C1 (OAI221_X1)
     1    1.72    0.02    0.02    2.29 v _092023_/ZN (OAI221_X1)
                                         _024956_ (net)
                  0.02    0.00    2.29 v _092036_/A (AOI21_X1)
     2    5.62    0.04    0.06    2.35 ^ _092036_/ZN (AOI21_X1)
                                         _024969_ (net)
                  0.04    0.00    2.35 ^ _092038_/C1 (OAI221_X1)
     2    4.43    0.02    0.04    2.39 v _092038_/ZN (OAI221_X1)
                                         _024971_ (net)
                  0.02    0.00    2.39 v _092039_/A (INV_X1)
     1    1.87    0.01    0.02    2.41 ^ _092039_/ZN (INV_X1)
                                         _024972_ (net)
                  0.01    0.00    2.41 ^ _092041_/B1 (OAI21_X1)
     1    3.27    0.01    0.02    2.43 v _092041_/ZN (OAI21_X1)
                                         _024974_ (net)
                  0.01    0.00    2.43 v _092042_/B1 (AOI21_X1)
     1    1.82    0.02    0.03    2.46 ^ _092042_/ZN (AOI21_X1)
                                         _024975_ (net)
                  0.02    0.00    2.46 ^ _092043_/A (INV_X1)
     2    4.10    0.01    0.01    2.47 v _092043_/ZN (INV_X1)
                                         _024976_ (net)
                  0.01    0.00    2.47 v _101618_/A (XNOR2_X1)
     1    3.83    0.02    0.04    2.51 v _101618_/ZN (XNOR2_X1)
                                         _006265_ (net)
                  0.02    0.00    2.51 v _152066_/B (FA_X1)
     1    1.78    0.01    0.12    2.64 ^ _152066_/S (FA_X1)
                                         _006268_ (net)
                  0.01    0.00    2.64 ^ _101616_/A (INV_X1)
     1    3.38    0.01    0.01    2.65 v _101616_/ZN (INV_X1)
                                         _013741_ (net)
                  0.01    0.00    2.65 v _157562_/A (HA_X1)
     3    5.15    0.01    0.06    2.70 v _157562_/S (HA_X1)
                                         _013744_ (net)
                  0.01    0.00    2.70 v _091833_/A (INV_X1)
     2    5.08    0.01    0.02    2.73 ^ _091833_/ZN (INV_X1)
                                         _024776_ (net)
                  0.01    0.00    2.73 ^ _091839_/B1 (OAI221_X1)
     1    1.60    0.02    0.03    2.76 v _091839_/ZN (OAI221_X1)
                                         _024782_ (net)
                  0.02    0.00    2.76 v _091840_/A (INV_X1)
     1    1.77    0.01    0.02    2.77 ^ _091840_/ZN (INV_X1)
                                         _024783_ (net)
                  0.01    0.00    2.77 ^ _091843_/A (OAI21_X1)
     3    6.19    0.02    0.03    2.80 v _091843_/ZN (OAI21_X1)
                                         _024786_ (net)
                  0.02    0.00    2.80 v _091844_/A (INV_X1)
     1    1.07    0.01    0.02    2.82 ^ _091844_/ZN (INV_X1)
                                         _024787_ (net)
                  0.01    0.00    2.82 ^ _091846_/A1 (OR2_X1)
     1    2.03    0.01    0.02    2.84 ^ _091846_/ZN (OR2_X1)
                                         _024789_ (net)
                  0.01    0.00    2.84 ^ _091851_/A1 (NAND4_X1)
     2    4.11    0.02    0.03    2.87 v _091851_/ZN (NAND4_X1)
                                         _024794_ (net)
                  0.02    0.00    2.87 v _091852_/A1 (NAND3_X1)
     1    1.71    0.01    0.02    2.89 ^ _091852_/ZN (NAND3_X1)
                                         _024795_ (net)
                  0.01    0.00    2.89 ^ _091854_/A1 (NAND3_X1)
     2    4.33    0.02    0.03    2.92 v _091854_/ZN (NAND3_X1)
                                         _024797_ (net)
                  0.02    0.00    2.92 v _091855_/A1 (NAND3_X1)
     1    1.84    0.01    0.02    2.94 ^ _091855_/ZN (NAND3_X1)
                                         _024798_ (net)
                  0.01    0.00    2.94 ^ _091857_/A1 (NAND3_X1)
     4    9.95    0.03    0.04    2.98 v _091857_/ZN (NAND3_X1)
                                         _024800_ (net)
                  0.03    0.00    2.98 v _091859_/A1 (NOR2_X1)
     2    5.71    0.03    0.05    3.04 ^ _091859_/ZN (NOR2_X1)
                                         u_ag.hi_raw[30] (net)
                  0.03    0.00    3.04 ^ _154896_/B (HA_X1)
     2    2.80    0.03    0.06    3.10 ^ _154896_/S (HA_X1)
                                         _009321_ (net)
                  0.03    0.00    3.10 ^ _087919_/A2 (AND4_X1)
     2    3.59    0.02    0.07    3.16 ^ _087919_/ZN (AND4_X1)
                                         _021175_ (net)
                  0.02    0.00    3.16 ^ _087922_/A1 (NAND4_X1)
     2    4.36    0.03    0.04    3.20 v _087922_/ZN (NAND4_X1)
                                         _021178_ (net)
                  0.03    0.00    3.20 v _087928_/A1 (NOR4_X1)
     2    5.72    0.08    0.10    3.29 ^ _087928_/ZN (NOR4_X1)
                                         _021184_ (net)
                  0.08    0.00    3.29 ^ _087929_/A2 (NAND2_X1)
     1    1.65    0.02    0.02    3.31 v _087929_/ZN (NAND2_X1)
                                         _021185_ (net)
                  0.02    0.00    3.31 v _087958_/A1 (NAND2_X1)
     1    2.32    0.01    0.02    3.33 ^ _087958_/ZN (NAND2_X1)
                                         _021214_ (net)
                  0.01    0.00    3.33 ^ _087959_/A (XOR2_X1)
     1    1.85    0.02    0.05    3.38 ^ _087959_/Z (XOR2_X1)
                                         _021215_ (net)
                  0.02    0.00    3.38 ^ _087960_/A (INV_X1)
     1    3.07    0.01    0.01    3.39 v _087960_/ZN (INV_X1)
                                         _021216_ (net)
                  0.01    0.00    3.39 v _087964_/A1 (NAND2_X2)
    25   51.78    0.06    0.07    3.46 ^ _087964_/ZN (NAND2_X2)
                                         _021220_ (net)
                  0.06    0.00    3.46 ^ place2171/A (BUF_X1)
    23   47.68    0.11    0.14    3.61 ^ place2171/Z (BUF_X1)
                                         net2154 (net)
                  0.11    0.00    3.61 ^ _093507_/A2 (NAND2_X1)
     1    2.93    0.02    0.03    3.63 v _093507_/ZN (NAND2_X1)
                                         _026166_ (net)
                  0.02    0.00    3.63 v _093508_/A (OAI21_X2)
     3   11.90    0.04    0.04    3.67 ^ _093508_/ZN (OAI21_X2)
                                         u_ag.hi_c[14] (net)
                  0.04    0.00    3.67 ^ _158840_/B (HA_X1)
     1    1.81    0.02    0.05    3.72 ^ _158840_/S (HA_X1)
                                         _016053_ (net)
                  0.02    0.00    3.72 ^ _088194_/A2 (NAND2_X1)
     1    1.97    0.01    0.02    3.74 v _088194_/ZN (NAND2_X1)
                                         _021413_ (net)
                  0.01    0.00    3.74 v _088195_/A (INV_X1)
     2    3.57    0.01    0.02    3.76 ^ _088195_/ZN (INV_X1)
                                         _021414_ (net)
                  0.01    0.00    3.76 ^ _088196_/A1 (NAND3_X1)
     2    2.71    0.01    0.02    3.78 v _088196_/ZN (NAND3_X1)
                                         _021415_ (net)
                  0.01    0.00    3.78 v _088222_/A2 (OR2_X1)
     1    1.89    0.01    0.05    3.83 v _088222_/ZN (OR2_X1)
                                         _021441_ (net)
                  0.01    0.00    3.83 v _088228_/A1 (NAND4_X1)
     1    2.03    0.02    0.02    3.85 ^ _088228_/ZN (NAND4_X1)
                                         _021447_ (net)
                  0.02    0.00    3.85 ^ _088229_/B2 (OAI21_X1)
     1    2.11    0.01    0.02    3.87 v _088229_/ZN (OAI21_X1)
                                         _021448_ (net)
                  0.01    0.00    3.87 v _088243_/A1 (NAND2_X1)
     1    1.77    0.01    0.02    3.89 ^ _088243_/ZN (NAND2_X1)
                                         _021462_ (net)
                  0.01    0.00    3.89 ^ _088245_/B1 (AOI21_X1)
     1    1.68    0.01    0.01    3.90 v _088245_/ZN (AOI21_X1)
                                         _021464_ (net)
                  0.01    0.00    3.90 v _088247_/B1 (OAI21_X1)
     1    1.07    0.02    0.02    3.92 ^ _088247_/ZN (OAI21_X1)
                                         _021466_ (net)
                  0.02    0.00    3.92 ^ _088248_/A1 (AND2_X1)
     1    2.05    0.01    0.03    3.96 ^ _088248_/ZN (AND2_X1)
                                         _021467_ (net)
                  0.01    0.00    3.96 ^ _088249_/A1 (NOR2_X1)
     1    1.70    0.01    0.01    3.96 v _088249_/ZN (NOR2_X1)
                                         _021468_ (net)
                  0.01    0.00    3.96 v _088250_/A (INV_X1)
     1    7.32    0.02    0.02    3.99 ^ _088250_/ZN (INV_X1)
                                         _021469_ (net)
                  0.02    0.00    3.99 ^ _088251_/A3 (NAND3_X4)
    17   36.30    0.03    0.04    4.03 v _088251_/ZN (NAND3_X4)
                                         _021470_ (net)
                  0.03    0.00    4.04 v _088252_/A (INV_X4)
    16   35.11    0.02    0.04    4.08 ^ _088252_/ZN (INV_X4)
                                         _021471_ (net)
                  0.02    0.00    4.08 ^ _092844_/A1 (NAND2_X2)
     1    1.88    0.01    0.01    4.09 v _092844_/ZN (NAND2_X2)
                                         _025668_ (net)
                  0.01    0.00    4.09 v _092845_/A2 (NAND2_X1)
     1    3.17    0.01    0.02    4.11 ^ _092845_/ZN (NAND2_X1)
                                         _025669_ (net)
                  0.01    0.00    4.11 ^ _092847_/A1 (NAND2_X2)
     3   10.29    0.01    0.02    4.13 v _092847_/ZN (NAND2_X2)
                                         _012852_ (net)
                  0.01    0.00    4.13 v _157071_/A (HA_X1)
     2    3.42    0.01    0.06    4.19 v _157071_/S (HA_X1)
                                         _012854_ (net)
                  0.01    0.00    4.19 v _118728_/A1 (NAND2_X1)
     1    1.70    0.01    0.02    4.20 ^ _118728_/ZN (NAND2_X1)
                                         _041734_ (net)
                  0.01    0.00    4.20 ^ _118730_/A1 (NAND2_X1)
     1    1.71    0.01    0.01    4.22 v _118730_/ZN (NAND2_X1)
                                         _041736_ (net)
                  0.01    0.00    4.22 v _118736_/A (AOI21_X1)
     1    2.00    0.02    0.04    4.26 ^ _118736_/ZN (AOI21_X1)
                                         _041742_ (net)
                  0.02    0.00    4.26 ^ _118738_/A1 (NOR2_X1)
     1    1.64    0.01    0.01    4.27 v _118738_/ZN (NOR2_X1)
                                         _041744_ (net)
                  0.01    0.00    4.27 v _118742_/B1 (OAI21_X1)
     1    1.26    0.02    0.02    4.29 ^ _118742_/ZN (OAI21_X1)
                                         _041748_ (net)
                  0.02    0.00    4.29 ^ _118745_/A1 (AND3_X1)
     1    1.84    0.01    0.04    4.33 ^ _118745_/ZN (AND3_X1)
                                         _041751_ (net)
                  0.01    0.00    4.33 ^ _118747_/B1 (OAI21_X1)
     1    1.67    0.01    0.01    4.35 v _118747_/ZN (OAI21_X1)
                                         _041753_ (net)
                  0.01    0.00    4.35 v _118750_/A (OAI21_X1)
     1    1.03    0.02    0.02    4.37 ^ _118750_/ZN (OAI21_X1)
                                         _041756_ (net)
                  0.02    0.00    4.37 ^ place2170/A (BUF_X1)
    23   42.36    0.10    0.12    4.49 ^ place2170/Z (BUF_X1)
                                         net2153 (net)
                  0.10    0.00    4.49 ^ _118751_/A (INV_X1)
    10   17.68    0.04    0.05    4.54 v _118751_/ZN (INV_X1)
                                         _041757_ (net)
                  0.04    0.00    4.54 v _118764_/A2 (NOR2_X1)
     1    1.92    0.02    0.04    4.58 ^ _118764_/ZN (NOR2_X1)
                                         _041765_ (net)
                  0.02    0.00    4.58 ^ _118765_/A (AOI21_X1)
     1    1.78    0.01    0.02    4.60 v _118765_/ZN (AOI21_X1)
                                         net211 (net)
                  0.01    0.00    4.60 v output212/A (BUF_X1)
     1    0.49    0.00    0.03    4.62 v output212/Z (BUF_X1)
                                         o_new0[9] (net)
                  0.00    0.00    4.62 v o_new0[9] (out)
                                  4.62   data arrival time

                         10.00   10.00   clock core_clock (rise edge)
                          0.00   10.00   clock network delay (propagated)
                          0.00   10.00   clock reconvergence pessimism
                         -2.00    8.00   output external delay
                                  8.00   data required time
-----------------------------------------------------------------------------
                                  8.00   data required time
                                 -4.62   data arrival time
-----------------------------------------------------------------------------
                                  3.38   slack (MET)



==========================================================================
finish report_checks -unconstrained
--------------------------------------------------------------------------
Startpoint: rst_n (input port clocked by core_clock)
Endpoint: qm2_q[5]$_DFFE_PN0P_
          (recovery check against rising-edge clock core_clock)
Path Group: asynchronous
Path Type: max

Fanout     Cap    Slew   Delay    Time   Description
-----------------------------------------------------------------------------
                          0.00    0.00   clock core_clock (rise edge)
                          0.00    0.00   clock network delay (propagated)
                          2.00    2.00 ^ input external delay
     1    3.75    0.00    0.00    2.00 ^ rst_n (in)
                                         rst_n (net)
                  0.00    0.00    2.00 ^ input88/A (CLKBUF_X3)
    10   42.10    0.03    0.04    2.04 ^ input88/Z (CLKBUF_X3)
                                         net87 (net)
                  0.03    0.01    2.06 ^ place3796/A (BUF_X2)
    15   52.92    0.06    0.08    2.14 ^ place3796/Z (BUF_X2)
                                         net3779 (net)
                  0.06    0.02    2.16 ^ place3795/A (BUF_X2)
    18   59.80    0.06    0.08    2.24 ^ place3795/Z (BUF_X2)
                                         net3778 (net)
                  0.07    0.02    2.26 ^ place3794/A (BUF_X2)
    15   49.13    0.06    0.08    2.35 ^ place3794/Z (BUF_X2)
                                         net3777 (net)
                  0.06    0.01    2.36 ^ place3793/A (BUF_X1)
    11   31.80    0.07    0.10    2.46 ^ place3793/Z (BUF_X1)
                                         net3776 (net)
                  0.07    0.01    2.46 ^ place3790/A (BUF_X2)
    27   57.74    0.07    0.09    2.56 ^ place3790/Z (BUF_X2)
                                         net3773 (net)
                  0.07    0.00    2.56 ^ place3789/A (BUF_X2)
    34   74.76    0.08    0.11    2.67 ^ place3789/Z (BUF_X2)
                                         net3772 (net)
                  0.08    0.01    2.68 ^ place3788/A (BUF_X2)
    34   72.32    0.08    0.11    2.80 ^ place3788/Z (BUF_X2)
                                         net3771 (net)
                  0.08    0.00    2.80 ^ qm2_q[5]$_DFFE_PN0P_/RN (DFFR_X1)
                                  2.80   data arrival time

                         10.00   10.00   clock core_clock (rise edge)
                          0.00   10.00   clock source latency
     1   39.98    0.00    0.00   10.00 ^ clk (in)
                                         clk (net)
                  0.01    0.01   10.01 ^ clkbuf_0_clk/A (CLKBUF_X3)
     4   30.18    0.02    0.05   10.06 ^ clkbuf_0_clk/Z (CLKBUF_X3)
                                         clknet_0_clk (net)
                  0.03    0.00   10.07 ^ clkbuf_2_1_0_clk/A (CLKBUF_X3)
     2   22.12    0.02    0.05   10.12 ^ clkbuf_2_1_0_clk/Z (CLKBUF_X3)
                                         clknet_2_1_0_clk (net)
                  0.02    0.00   10.12 ^ clkbuf_3_3_0_clk/A (CLKBUF_X3)
     8   42.33    0.03    0.07   10.19 ^ clkbuf_3_3_0_clk/Z (CLKBUF_X3)
                                         clknet_3_3_0_clk (net)
                  0.03    0.00   10.19 ^ clkbuf_6_29__f_clk/A (CLKBUF_X3)
    14   35.92    0.03    0.07   10.25 ^ clkbuf_6_29__f_clk/Z (CLKBUF_X3)
                                         clknet_6_29__leaf_clk (net)
                  0.03    0.00   10.26 ^ clkbuf_leaf_288_clk/A (CLKBUF_X3)
     5    8.52    0.01    0.04   10.30 ^ clkbuf_leaf_288_clk/Z (CLKBUF_X3)
                                         clknet_leaf_288_clk (net)
                  0.01    0.00   10.30 ^ qm2_q[5]$_DFFE_PN0P_/CK (DFFR_X1)
                          0.00   10.30   clock reconvergence pessimism
                          0.05   10.34   library recovery time
                                 10.34   data required time
-----------------------------------------------------------------------------
                                 10.34   data required time
                                 -2.80   data arrival time
-----------------------------------------------------------------------------
                                  7.55   slack (MET)


Startpoint: u_ag.t0_q[4]$_DFFE_PN0P_
            (rising edge-triggered flip-flop clocked by core_clock)
Endpoint: o_new0[9] (output port clocked by core_clock)
Path Group: core_clock
Path Type: max

Fanout     Cap    Slew   Delay    Time   Description
-----------------------------------------------------------------------------
                          0.00    0.00   clock core_clock (rise edge)
                          0.00    0.00   clock source latency
     1   39.98    0.00    0.00    0.00 ^ clk (in)
                                         clk (net)
                  0.01    0.01    0.01 ^ clkbuf_0_clk/A (CLKBUF_X3)
     4   30.18    0.02    0.05    0.06 ^ clkbuf_0_clk/Z (CLKBUF_X3)
                                         clknet_0_clk (net)
                  0.03    0.00    0.07 ^ clkbuf_2_0_0_clk/A (CLKBUF_X3)
     2   20.12    0.02    0.05    0.12 ^ clkbuf_2_0_0_clk/Z (CLKBUF_X3)
                                         clknet_2_0_0_clk (net)
                  0.02    0.00    0.12 ^ clkbuf_3_1_0_clk/A (CLKBUF_X3)
     8   52.55    0.04    0.07    0.19 ^ clkbuf_3_1_0_clk/Z (CLKBUF_X3)
                                         clknet_3_1_0_clk (net)
                  0.04    0.00    0.19 ^ clkbuf_6_10__f_clk/A (CLKBUF_X3)
    14   41.50    0.03    0.07    0.27 ^ clkbuf_6_10__f_clk/Z (CLKBUF_X3)
                                         clknet_6_10__leaf_clk (net)
                  0.03    0.00    0.27 ^ clkbuf_leaf_640_clk/A (CLKBUF_X3)
     8   10.83    0.01    0.05    0.31 ^ clkbuf_leaf_640_clk/Z (CLKBUF_X3)
                                         clknet_leaf_640_clk (net)
                  0.01    0.00    0.31 ^ u_ag.t0_q[4]$_DFFE_PN0P_/CK (DFFR_X1)
    13   28.59    0.07    0.17    0.48 ^ u_ag.t0_q[4]$_DFFE_PN0P_/Q (DFFR_X1)
                                         net222 (net)
                  0.07    0.00    0.48 ^ _155261_/A (HA_X1)
     4    7.96    0.05    0.09    0.57 ^ _155261_/S (HA_X1)
                                         _009888_ (net)
                  0.05    0.00    0.57 ^ _087454_/A (INV_X1)
     3    6.02    0.02    0.02    0.59 v _087454_/ZN (INV_X1)
                                         _020744_ (net)
                  0.02    0.00    0.59 v _087456_/B1 (OAI21_X1)
     1    1.90    0.02    0.03    0.62 ^ _087456_/ZN (OAI21_X1)
                                         _020746_ (net)
                  0.02    0.00    0.62 ^ _087457_/A (INV_X1)
     1    1.01    0.01    0.01    0.63 v _087457_/ZN (INV_X1)
                                         _020747_ (net)
                  0.01    0.00    0.63 v _087458_/A3 (AND3_X1)
     2    4.06    0.01    0.04    0.67 v _087458_/ZN (AND3_X1)
                                         _020748_ (net)
                  0.01    0.00    0.67 v _087460_/A1 (NOR2_X1)
     1    1.79    0.02    0.02    0.69 ^ _087460_/ZN (NOR2_X1)
                                         _020750_ (net)
                  0.02    0.00    0.69 ^ _087465_/A1 (NOR2_X1)
     2    4.81    0.01    0.02    0.71 v _087465_/ZN (NOR2_X1)
                                         _020755_ (net)
                  0.01    0.00    0.71 v _087468_/B1 (OAI21_X1)
     2    4.76    0.03    0.04    0.75 ^ _087468_/ZN (OAI21_X1)
                                         _020758_ (net)
                  0.03    0.00    0.75 ^ _087471_/B1 (AOI21_X1)
     2    4.86    0.02    0.03    0.78 v _087471_/ZN (AOI21_X1)
                                         _020761_ (net)
                  0.02    0.00    0.78 v _087473_/B1 (OAI21_X1)
     2    4.42    0.03    0.04    0.82 ^ _087473_/ZN (OAI21_X1)
                                         _020763_ (net)
                  0.03    0.00    0.82 ^ _092065_/B1 (AOI21_X1)
     1    1.94    0.01    0.02    0.84 v _092065_/ZN (AOI21_X1)
                                         _024997_ (net)
                  0.01    0.00    0.84 v _092066_/B1 (OAI21_X1)
     1    2.60    0.02    0.03    0.87 ^ _092066_/ZN (OAI21_X1)
                                         _024998_ (net)
                  0.02    0.00    0.87 ^ _092070_/A (XOR2_X1)
     2    5.85    0.04    0.07    0.94 ^ _092070_/Z (XOR2_X1)
                                         u_ag.t1_full[15] (net)
                  0.04    0.00    0.94 ^ _158901_/A (HA_X1)
     2    3.37    0.03    0.06    1.00 ^ _158901_/S (HA_X1)
                                         _016176_ (net)
                  0.03    0.00    1.00 ^ _088477_/A1 (NAND2_X1)
     1    1.71    0.01    0.02    1.02 v _088477_/ZN (NAND2_X1)
                                         _021695_ (net)
                  0.01    0.00    1.02 v _088478_/A (INV_X1)
     2    3.76    0.01    0.02    1.04 ^ _088478_/ZN (INV_X1)
                                         _021696_ (net)
                  0.01    0.00    1.04 ^ _088479_/A1 (NAND3_X1)
     2    4.14    0.02    0.03    1.07 v _088479_/ZN (NAND3_X1)
                                         _021697_ (net)
                  0.02    0.00    1.07 v _088480_/A2 (NOR2_X1)
     2    5.52    0.03    0.05    1.12 ^ _088480_/ZN (NOR2_X1)
                                         _021698_ (net)
                  0.03    0.00    1.12 ^ _088481_/A2 (NAND2_X1)
     1    1.65    0.01    0.02    1.13 v _088481_/ZN (NAND2_X1)
                                         _021699_ (net)
                  0.01    0.00    1.13 v _088495_/A1 (NAND2_X1)
     1    3.21    0.01    0.02    1.15 ^ _088495_/ZN (NAND2_X1)
                                         _021713_ (net)
                  0.01    0.00    1.15 ^ _088499_/A1 (NAND2_X2)
    23   53.35    0.05    0.06    1.22 v _088499_/ZN (NAND2_X2)
                                         _021717_ (net)
                  0.05    0.00    1.22 v _088809_/A (INV_X1)
     8   16.07    0.04    0.07    1.29 ^ _088809_/ZN (INV_X1)
                                         _021983_ (net)
                  0.04    0.00    1.29 ^ _092989_/A1 (NAND2_X1)
     1    1.63    0.01    0.02    1.31 v _092989_/ZN (NAND2_X1)
                                         _025772_ (net)
                  0.01    0.00    1.31 v _092992_/A1 (NAND2_X1)
     7   24.84    0.06    0.07    1.38 ^ _092992_/ZN (NAND2_X1)
                                         u_ag.t1m1_s[0] (net)
                  0.06    0.00    1.38 ^ _155143_/A (HA_X1)
     2    4.65    0.02    0.05    1.43 ^ _155143_/CO (HA_X1)
                                         _009678_ (net)
                  0.02    0.00    1.43 ^ _103300_/A (INV_X1)
     1    1.95    0.01    0.01    1.44 v _103300_/ZN (INV_X1)
                                         _031988_ (net)
                  0.01    0.00    1.44 v _103301_/A3 (NOR3_X1)
     4    9.05    0.08    0.11    1.54 ^ _103301_/ZN (NOR3_X1)
                                         _031989_ (net)
                  0.08    0.00    1.54 ^ _103302_/A1 (NAND2_X1)
     2    3.86    0.02    0.03    1.57 v _103302_/ZN (NAND2_X1)
                                         _031990_ (net)
                  0.02    0.00    1.57 v _103339_/A1 (NOR2_X1)
     1    2.30    0.02    0.03    1.61 ^ _103339_/ZN (NOR2_X1)
                                         _032019_ (net)
                  0.02    0.00    1.61 ^ _103340_/A (XNOR2_X1)
     8   20.07    0.10    0.08    1.69 ^ _103340_/ZN (XNOR2_X1)
                                         _032020_ (net)
                  0.10    0.00    1.69 ^ _103393_/A1 (NOR2_X1)
     1    3.94    0.02    0.02    1.71 v _103393_/ZN (NOR2_X1)
                                         _001141_ (net)
                  0.02    0.00    1.71 v _146734_/A (FA_X1)
     1    4.00    0.02    0.12    1.83 ^ _146734_/S (FA_X1)
                                         _070596_ (net)
                  0.02    0.00    1.83 ^ _153342_/A (FA_X1)
     1    3.97    0.02    0.09    1.93 v _153342_/S (FA_X1)
                                         _084008_ (net)
                  0.02    0.00    1.93 v _152506_/B (FA_X1)
     1    3.77    0.02    0.13    2.05 ^ _152506_/S (FA_X1)
                                         _081421_ (net)
                  0.02    0.00    2.05 ^ _151253_/B (FA_X1)
     1    3.37    0.02    0.10    2.15 v _151253_/S (FA_X1)
                                         _081424_ (net)
                  0.02    0.00    2.15 v _156643_/A (HA_X1)
     3    5.22    0.01    0.06    2.21 v _156643_/S (HA_X1)
                                         _012104_ (net)
                  0.01    0.00    2.21 v _092017_/A (INV_X1)
     2    4.48    0.01    0.02    2.23 ^ _092017_/ZN (INV_X1)
                                         _024950_ (net)
                  0.01    0.00    2.23 ^ _092019_/B1 (OAI21_X1)
     1    1.74    0.01    0.01    2.25 v _092019_/ZN (OAI21_X1)
                                         _024952_ (net)
                  0.01    0.00    2.25 v _092020_/A (INV_X1)
     2    3.88    0.01    0.02    2.27 ^ _092020_/ZN (INV_X1)
                                         _024953_ (net)
                  0.01    0.00    2.27 ^ _092023_/C1 (OAI221_X1)
     1    1.72    0.02    0.02    2.29 v _092023_/ZN (OAI221_X1)
                                         _024956_ (net)
                  0.02    0.00    2.29 v _092036_/A (AOI21_X1)
     2    5.62    0.04    0.06    2.35 ^ _092036_/ZN (AOI21_X1)
                                         _024969_ (net)
                  0.04    0.00    2.35 ^ _092038_/C1 (OAI221_X1)
     2    4.43    0.02    0.04    2.39 v _092038_/ZN (OAI221_X1)
                                         _024971_ (net)
                  0.02    0.00    2.39 v _092039_/A (INV_X1)
     1    1.87    0.01    0.02    2.41 ^ _092039_/ZN (INV_X1)
                                         _024972_ (net)
                  0.01    0.00    2.41 ^ _092041_/B1 (OAI21_X1)
     1    3.27    0.01    0.02    2.43 v _092041_/ZN (OAI21_X1)
                                         _024974_ (net)
                  0.01    0.00    2.43 v _092042_/B1 (AOI21_X1)
     1    1.82    0.02    0.03    2.46 ^ _092042_/ZN (AOI21_X1)
                                         _024975_ (net)
                  0.02    0.00    2.46 ^ _092043_/A (INV_X1)
     2    4.10    0.01    0.01    2.47 v _092043_/ZN (INV_X1)
                                         _024976_ (net)
                  0.01    0.00    2.47 v _101618_/A (XNOR2_X1)
     1    3.83    0.02    0.04    2.51 v _101618_/ZN (XNOR2_X1)
                                         _006265_ (net)
                  0.02    0.00    2.51 v _152066_/B (FA_X1)
     1    1.78    0.01    0.12    2.64 ^ _152066_/S (FA_X1)
                                         _006268_ (net)
                  0.01    0.00    2.64 ^ _101616_/A (INV_X1)
     1    3.38    0.01    0.01    2.65 v _101616_/ZN (INV_X1)
                                         _013741_ (net)
                  0.01    0.00    2.65 v _157562_/A (HA_X1)
     3    5.15    0.01    0.06    2.70 v _157562_/S (HA_X1)
                                         _013744_ (net)
                  0.01    0.00    2.70 v _091833_/A (INV_X1)
     2    5.08    0.01    0.02    2.73 ^ _091833_/ZN (INV_X1)
                                         _024776_ (net)
                  0.01    0.00    2.73 ^ _091839_/B1 (OAI221_X1)
     1    1.60    0.02    0.03    2.76 v _091839_/ZN (OAI221_X1)
                                         _024782_ (net)
                  0.02    0.00    2.76 v _091840_/A (INV_X1)
     1    1.77    0.01    0.02    2.77 ^ _091840_/ZN (INV_X1)
                                         _024783_ (net)
                  0.01    0.00    2.77 ^ _091843_/A (OAI21_X1)
     3    6.19    0.02    0.03    2.80 v _091843_/ZN (OAI21_X1)
                                         _024786_ (net)
                  0.02    0.00    2.80 v _091844_/A (INV_X1)
     1    1.07    0.01    0.02    2.82 ^ _091844_/ZN (INV_X1)
                                         _024787_ (net)
                  0.01    0.00    2.82 ^ _091846_/A1 (OR2_X1)
     1    2.03    0.01    0.02    2.84 ^ _091846_/ZN (OR2_X1)
                                         _024789_ (net)
                  0.01    0.00    2.84 ^ _091851_/A1 (NAND4_X1)
     2    4.11    0.02    0.03    2.87 v _091851_/ZN (NAND4_X1)
                                         _024794_ (net)
                  0.02    0.00    2.87 v _091852_/A1 (NAND3_X1)
     1    1.71    0.01    0.02    2.89 ^ _091852_/ZN (NAND3_X1)
                                         _024795_ (net)
                  0.01    0.00    2.89 ^ _091854_/A1 (NAND3_X1)
     2    4.33    0.02    0.03    2.92 v _091854_/ZN (NAND3_X1)
                                         _024797_ (net)
                  0.02    0.00    2.92 v _091855_/A1 (NAND3_X1)
     1    1.84    0.01    0.02    2.94 ^ _091855_/ZN (NAND3_X1)
                                         _024798_ (net)
                  0.01    0.00    2.94 ^ _091857_/A1 (NAND3_X1)
     4    9.95    0.03    0.04    2.98 v _091857_/ZN (NAND3_X1)
                                         _024800_ (net)
                  0.03    0.00    2.98 v _091859_/A1 (NOR2_X1)
     2    5.71    0.03    0.05    3.04 ^ _091859_/ZN (NOR2_X1)
                                         u_ag.hi_raw[30] (net)
                  0.03    0.00    3.04 ^ _154896_/B (HA_X1)
     2    2.80    0.03    0.06    3.10 ^ _154896_/S (HA_X1)
                                         _009321_ (net)
                  0.03    0.00    3.10 ^ _087919_/A2 (AND4_X1)
     2    3.59    0.02    0.07    3.16 ^ _087919_/ZN (AND4_X1)
                                         _021175_ (net)
                  0.02    0.00    3.16 ^ _087922_/A1 (NAND4_X1)
     2    4.36    0.03    0.04    3.20 v _087922_/ZN (NAND4_X1)
                                         _021178_ (net)
                  0.03    0.00    3.20 v _087928_/A1 (NOR4_X1)
     2    5.72    0.08    0.10    3.29 ^ _087928_/ZN (NOR4_X1)
                                         _021184_ (net)
                  0.08    0.00    3.29 ^ _087929_/A2 (NAND2_X1)
     1    1.65    0.02    0.02    3.31 v _087929_/ZN (NAND2_X1)
                                         _021185_ (net)
                  0.02    0.00    3.31 v _087958_/A1 (NAND2_X1)
     1    2.32    0.01    0.02    3.33 ^ _087958_/ZN (NAND2_X1)
                                         _021214_ (net)
                  0.01    0.00    3.33 ^ _087959_/A (XOR2_X1)
     1    1.85    0.02    0.05    3.38 ^ _087959_/Z (XOR2_X1)
                                         _021215_ (net)
                  0.02    0.00    3.38 ^ _087960_/A (INV_X1)
     1    3.07    0.01    0.01    3.39 v _087960_/ZN (INV_X1)
                                         _021216_ (net)
                  0.01    0.00    3.39 v _087964_/A1 (NAND2_X2)
    25   51.78    0.06    0.07    3.46 ^ _087964_/ZN (NAND2_X2)
                                         _021220_ (net)
                  0.06    0.00    3.46 ^ place2171/A (BUF_X1)
    23   47.68    0.11    0.14    3.61 ^ place2171/Z (BUF_X1)
                                         net2154 (net)
                  0.11    0.00    3.61 ^ _093507_/A2 (NAND2_X1)
     1    2.93    0.02    0.03    3.63 v _093507_/ZN (NAND2_X1)
                                         _026166_ (net)
                  0.02    0.00    3.63 v _093508_/A (OAI21_X2)
     3   11.90    0.04    0.04    3.67 ^ _093508_/ZN (OAI21_X2)
                                         u_ag.hi_c[14] (net)
                  0.04    0.00    3.67 ^ _158840_/B (HA_X1)
     1    1.81    0.02    0.05    3.72 ^ _158840_/S (HA_X1)
                                         _016053_ (net)
                  0.02    0.00    3.72 ^ _088194_/A2 (NAND2_X1)
     1    1.97    0.01    0.02    3.74 v _088194_/ZN (NAND2_X1)
                                         _021413_ (net)
                  0.01    0.00    3.74 v _088195_/A (INV_X1)
     2    3.57    0.01    0.02    3.76 ^ _088195_/ZN (INV_X1)
                                         _021414_ (net)
                  0.01    0.00    3.76 ^ _088196_/A1 (NAND3_X1)
     2    2.71    0.01    0.02    3.78 v _088196_/ZN (NAND3_X1)
                                         _021415_ (net)
                  0.01    0.00    3.78 v _088222_/A2 (OR2_X1)
     1    1.89    0.01    0.05    3.83 v _088222_/ZN (OR2_X1)
                                         _021441_ (net)
                  0.01    0.00    3.83 v _088228_/A1 (NAND4_X1)
     1    2.03    0.02    0.02    3.85 ^ _088228_/ZN (NAND4_X1)
                                         _021447_ (net)
                  0.02    0.00    3.85 ^ _088229_/B2 (OAI21_X1)
     1    2.11    0.01    0.02    3.87 v _088229_/ZN (OAI21_X1)
                                         _021448_ (net)
                  0.01    0.00    3.87 v _088243_/A1 (NAND2_X1)
     1    1.77    0.01    0.02    3.89 ^ _088243_/ZN (NAND2_X1)
                                         _021462_ (net)
                  0.01    0.00    3.89 ^ _088245_/B1 (AOI21_X1)
     1    1.68    0.01    0.01    3.90 v _088245_/ZN (AOI21_X1)
                                         _021464_ (net)
                  0.01    0.00    3.90 v _088247_/B1 (OAI21_X1)
     1    1.07    0.02    0.02    3.92 ^ _088247_/ZN (OAI21_X1)
                                         _021466_ (net)
                  0.02    0.00    3.92 ^ _088248_/A1 (AND2_X1)
     1    2.05    0.01    0.03    3.96 ^ _088248_/ZN (AND2_X1)
                                         _021467_ (net)
                  0.01    0.00    3.96 ^ _088249_/A1 (NOR2_X1)
     1    1.70    0.01    0.01    3.96 v _088249_/ZN (NOR2_X1)
                                         _021468_ (net)
                  0.01    0.00    3.96 v _088250_/A (INV_X1)
     1    7.32    0.02    0.02    3.99 ^ _088250_/ZN (INV_X1)
                                         _021469_ (net)
                  0.02    0.00    3.99 ^ _088251_/A3 (NAND3_X4)
    17   36.30    0.03    0.04    4.03 v _088251_/ZN (NAND3_X4)
                                         _021470_ (net)
                  0.03    0.00    4.04 v _088252_/A (INV_X4)
    16   35.11    0.02    0.04    4.08 ^ _088252_/ZN (INV_X4)
                                         _021471_ (net)
                  0.02    0.00    4.08 ^ _092844_/A1 (NAND2_X2)
     1    1.88    0.01    0.01    4.09 v _092844_/ZN (NAND2_X2)
                                         _025668_ (net)
                  0.01    0.00    4.09 v _092845_/A2 (NAND2_X1)
     1    3.17    0.01    0.02    4.11 ^ _092845_/ZN (NAND2_X1)
                                         _025669_ (net)
                  0.01    0.00    4.11 ^ _092847_/A1 (NAND2_X2)
     3   10.29    0.01    0.02    4.13 v _092847_/ZN (NAND2_X2)
                                         _012852_ (net)
                  0.01    0.00    4.13 v _157071_/A (HA_X1)
     2    3.42    0.01    0.06    4.19 v _157071_/S (HA_X1)
                                         _012854_ (net)
                  0.01    0.00    4.19 v _118728_/A1 (NAND2_X1)
     1    1.70    0.01    0.02    4.20 ^ _118728_/ZN (NAND2_X1)
                                         _041734_ (net)
                  0.01    0.00    4.20 ^ _118730_/A1 (NAND2_X1)
     1    1.71    0.01    0.01    4.22 v _118730_/ZN (NAND2_X1)
                                         _041736_ (net)
                  0.01    0.00    4.22 v _118736_/A (AOI21_X1)
     1    2.00    0.02    0.04    4.26 ^ _118736_/ZN (AOI21_X1)
                                         _041742_ (net)
                  0.02    0.00    4.26 ^ _118738_/A1 (NOR2_X1)
     1    1.64    0.01    0.01    4.27 v _118738_/ZN (NOR2_X1)
                                         _041744_ (net)
                  0.01    0.00    4.27 v _118742_/B1 (OAI21_X1)
     1    1.26    0.02    0.02    4.29 ^ _118742_/ZN (OAI21_X1)
                                         _041748_ (net)
                  0.02    0.00    4.29 ^ _118745_/A1 (AND3_X1)
     1    1.84    0.01    0.04    4.33 ^ _118745_/ZN (AND3_X1)
                                         _041751_ (net)
                  0.01    0.00    4.33 ^ _118747_/B1 (OAI21_X1)
     1    1.67    0.01    0.01    4.35 v _118747_/ZN (OAI21_X1)
                                         _041753_ (net)
                  0.01    0.00    4.35 v _118750_/A (OAI21_X1)
     1    1.03    0.02    0.02    4.37 ^ _118750_/ZN (OAI21_X1)
                                         _041756_ (net)
                  0.02    0.00    4.37 ^ place2170/A (BUF_X1)
    23   42.36    0.10    0.12    4.49 ^ place2170/Z (BUF_X1)
                                         net2153 (net)
                  0.10    0.00    4.49 ^ _118751_/A (INV_X1)
    10   17.68    0.04    0.05    4.54 v _118751_/ZN (INV_X1)
                                         _041757_ (net)
                  0.04    0.00    4.54 v _118764_/A2 (NOR2_X1)
     1    1.92    0.02    0.04    4.58 ^ _118764_/ZN (NOR2_X1)
                                         _041765_ (net)
                  0.02    0.00    4.58 ^ _118765_/A (AOI21_X1)
     1    1.78    0.01    0.02    4.60 v _118765_/ZN (AOI21_X1)
                                         net211 (net)
                  0.01    0.00    4.60 v output212/A (BUF_X1)
     1    0.49    0.00    0.03    4.62 v output212/Z (BUF_X1)
                                         o_new0[9] (net)
                  0.00    0.00    4.62 v o_new0[9] (out)
                                  4.62   data arrival time

                         10.00   10.00   clock core_clock (rise edge)
                          0.00   10.00   clock network delay (propagated)
                          0.00   10.00   clock reconvergence pessimism
                         -2.00    8.00   output external delay
                                  8.00   data required time
-----------------------------------------------------------------------------
                                  8.00   data required time
                                 -4.62   data arrival time
-----------------------------------------------------------------------------
                                  3.38   slack (MET)



==========================================================================
finish report_check_types -max_slew -max_cap -max_fanout -violators
--------------------------------------------------------------------------

==========================================================================
finish max_slew_check_slack
--------------------------------------------------------------------------
0.0711710974574089

==========================================================================
finish max_slew_check_limit
--------------------------------------------------------------------------
0.1985349953174591

==========================================================================
finish max_slew_check_slack_limit
--------------------------------------------------------------------------
0.3585

==========================================================================
finish max_fanout_check_slack
--------------------------------------------------------------------------
1.0000000150474662e+30

==========================================================================
finish max_fanout_check_limit
--------------------------------------------------------------------------
1.0000000150474662e+30

==========================================================================
finish max_capacitance_check_slack
--------------------------------------------------------------------------
-0.5766041278839111

==========================================================================
finish max_capacitance_check_limit
--------------------------------------------------------------------------
10.47130012512207

==========================================================================
finish max_capacitance_check_slack_limit
--------------------------------------------------------------------------
-0.0551

==========================================================================
finish max_slew_violation_count
--------------------------------------------------------------------------
max slew violation count 0

==========================================================================
finish max_fanout_violation_count
--------------------------------------------------------------------------
max fanout violation count 0

==========================================================================
finish max_cap_violation_count
--------------------------------------------------------------------------
max cap violation count 0

==========================================================================
finish setup_violation_count
--------------------------------------------------------------------------
setup violation count 0

==========================================================================
finish hold_violation_count
--------------------------------------------------------------------------
hold violation count 0

==========================================================================
finish report_checks -path_delay max reg to reg
--------------------------------------------------------------------------
Startpoint: u_ag.t0_q[4]$_DFFE_PN0P_
            (rising edge-triggered flip-flop clocked by core_clock)
Endpoint: u_ag.resident_end_q[0]$_DFFE_PN0P_
          (rising edge-triggered flip-flop clocked by core_clock)
Path Group: core_clock
Path Type: max

  Delay    Time   Description
---------------------------------------------------------
   0.00    0.00   clock core_clock (rise edge)
   0.00    0.00   clock source latency
   0.00    0.00 ^ clk (in)
   0.06    0.06 ^ clkbuf_0_clk/Z (CLKBUF_X3)
   0.05    0.12 ^ clkbuf_2_0_0_clk/Z (CLKBUF_X3)
   0.08    0.19 ^ clkbuf_3_1_0_clk/Z (CLKBUF_X3)
   0.08    0.27 ^ clkbuf_6_10__f_clk/Z (CLKBUF_X3)
   0.05    0.31 ^ clkbuf_leaf_640_clk/Z (CLKBUF_X3)
   0.00    0.31 ^ u_ag.t0_q[4]$_DFFE_PN0P_/CK (DFFR_X1)
   0.17    0.48 ^ u_ag.t0_q[4]$_DFFE_PN0P_/Q (DFFR_X1)
   0.09    0.57 ^ _155261_/S (HA_X1)
   0.02    0.59 v _087454_/ZN (INV_X1)
   0.03    0.62 ^ _087456_/ZN (OAI21_X1)
   0.01    0.63 v _087457_/ZN (INV_X1)
   0.04    0.67 v _087458_/ZN (AND3_X1)
   0.02    0.69 ^ _087460_/ZN (NOR2_X1)
   0.02    0.71 v _087465_/ZN (NOR2_X1)
   0.04    0.75 ^ _087468_/ZN (OAI21_X1)
   0.03    0.78 v _087471_/ZN (AOI21_X1)
   0.04    0.82 ^ _087473_/ZN (OAI21_X1)
   0.02    0.84 v _092065_/ZN (AOI21_X1)
   0.03    0.87 ^ _092066_/ZN (OAI21_X1)
   0.07    0.94 ^ _092070_/Z (XOR2_X1)
   0.06    1.00 ^ _158901_/S (HA_X1)
   0.02    1.02 v _088477_/ZN (NAND2_X1)
   0.02    1.04 ^ _088478_/ZN (INV_X1)
   0.03    1.07 v _088479_/ZN (NAND3_X1)
   0.05    1.12 ^ _088480_/ZN (NOR2_X1)
   0.02    1.13 v _088481_/ZN (NAND2_X1)
   0.02    1.15 ^ _088495_/ZN (NAND2_X1)
   0.06    1.22 v _088499_/ZN (NAND2_X2)
   0.07    1.29 ^ _088809_/ZN (INV_X1)
   0.02    1.31 v _092989_/ZN (NAND2_X1)
   0.07    1.38 ^ _092992_/ZN (NAND2_X1)
   0.05    1.43 ^ _155143_/CO (HA_X1)
   0.01    1.44 v _103300_/ZN (INV_X1)
   0.11    1.54 ^ _103301_/ZN (NOR3_X1)
   0.03    1.57 v _103302_/ZN (NAND2_X1)
   0.03    1.61 ^ _103339_/ZN (NOR2_X1)
   0.08    1.69 ^ _103340_/ZN (XNOR2_X1)
   0.02    1.71 v _103393_/ZN (NOR2_X1)
   0.12    1.83 ^ _146734_/S (FA_X1)
   0.09    1.93 v _153342_/S (FA_X1)
   0.13    2.05 ^ _152506_/S (FA_X1)
   0.10    2.15 v _151253_/S (FA_X1)
   0.06    2.21 v _156643_/S (HA_X1)
   0.02    2.23 ^ _092017_/ZN (INV_X1)
   0.01    2.25 v _092019_/ZN (OAI21_X1)
   0.02    2.27 ^ _092020_/ZN (INV_X1)
   0.02    2.29 v _092023_/ZN (OAI221_X1)
   0.06    2.35 ^ _092036_/ZN (AOI21_X1)
   0.04    2.39 v _092038_/ZN (OAI221_X1)
   0.02    2.41 ^ _092039_/ZN (INV_X1)
   0.02    2.43 v _092041_/ZN (OAI21_X1)
   0.03    2.46 ^ _092042_/ZN (AOI21_X1)
   0.01    2.47 v _092043_/ZN (INV_X1)
   0.04    2.51 v _101618_/ZN (XNOR2_X1)
   0.12    2.64 ^ _152066_/S (FA_X1)
   0.01    2.65 v _101616_/ZN (INV_X1)
   0.06    2.70 v _157562_/S (HA_X1)
   0.02    2.73 ^ _091833_/ZN (INV_X1)
   0.03    2.76 v _091839_/ZN (OAI221_X1)
   0.02    2.77 ^ _091840_/ZN (INV_X1)
   0.03    2.80 v _091843_/ZN (OAI21_X1)
   0.02    2.82 ^ _091844_/ZN (INV_X1)
   0.02    2.84 ^ _091846_/ZN (OR2_X1)
   0.03    2.87 v _091851_/ZN (NAND4_X1)
   0.02    2.89 ^ _091852_/ZN (NAND3_X1)
   0.03    2.92 v _091854_/ZN (NAND3_X1)
   0.02    2.94 ^ _091855_/ZN (NAND3_X1)
   0.04    2.98 v _091857_/ZN (NAND3_X1)
   0.05    3.04 ^ _091859_/ZN (NOR2_X1)
   0.06    3.10 ^ _154896_/S (HA_X1)
   0.07    3.16 ^ _087919_/ZN (AND4_X1)
   0.04    3.20 v _087922_/ZN (NAND4_X1)
   0.10    3.29 ^ _087928_/ZN (NOR4_X1)
   0.02    3.31 v _087929_/ZN (NAND2_X1)
   0.02    3.33 ^ _087958_/ZN (NAND2_X1)
   0.05    3.38 ^ _087959_/Z (XOR2_X1)
   0.01    3.39 v _087960_/ZN (INV_X1)
   0.07    3.46 ^ _087964_/ZN (NAND2_X2)
   0.14    3.61 ^ place2171/Z (BUF_X1)
   0.03    3.63 v _093507_/ZN (NAND2_X1)
   0.04    3.67 ^ _093508_/ZN (OAI21_X2)
   0.05    3.72 ^ _158840_/S (HA_X1)
   0.02    3.74 v _088194_/ZN (NAND2_X1)
   0.02    3.76 ^ _088195_/ZN (INV_X1)
   0.02    3.78 v _088196_/ZN (NAND3_X1)
   0.05    3.83 v _088222_/ZN (OR2_X1)
   0.02    3.85 ^ _088228_/ZN (NAND4_X1)
   0.02    3.87 v _088229_/ZN (OAI21_X1)
   0.02    3.89 ^ _088243_/ZN (NAND2_X1)
   0.01    3.90 v _088245_/ZN (AOI21_X1)
   0.02    3.92 ^ _088247_/ZN (OAI21_X1)
   0.03    3.96 ^ _088248_/ZN (AND2_X1)
   0.01    3.96 v _088249_/ZN (NOR2_X1)
   0.02    3.99 ^ _088250_/ZN (INV_X1)
   0.04    4.03 v _088251_/ZN (NAND3_X4)
   0.04    4.08 ^ _088252_/ZN (INV_X4)
   0.02    4.09 v _092987_/ZN (NAND2_X1)
   0.02    4.12 ^ _092988_/ZN (NAND2_X1)
   0.02    4.14 v _092994_/ZN (NAND2_X1)
   0.03    4.17 ^ _092995_/ZN (INV_X1)
   0.02    4.18 v _143076_/ZN (NAND2_X1)
   0.02    4.20 ^ _143078_/ZN (NAND2_X1)
   0.00    4.20 ^ u_ag.resident_end_q[0]$_DFFE_PN0P_/D (DFFR_X1)
           4.20   data arrival time

  10.00   10.00   clock core_clock (rise edge)
   0.00   10.00   clock source latency
   0.00   10.00 ^ clk (in)
   0.06   10.06 ^ clkbuf_0_clk/Z (CLKBUF_X3)
   0.05   10.11 ^ clkbuf_2_2_0_clk/Z (CLKBUF_X3)
   0.06   10.18 ^ clkbuf_3_4_0_clk/Z (CLKBUF_X3)
   0.07   10.25 ^ clkbuf_6_32__f_clk/Z (CLKBUF_X3)
   0.05   10.30 ^ clkbuf_leaf_557_clk/Z (CLKBUF_X3)
   0.00   10.30 ^ u_ag.resident_end_q[0]$_DFFE_PN0P_/CK (DFFR_X1)
   0.00   10.30   clock reconvergence pessimism
  -0.03   10.26   library setup time
          10.26   data required time
---------------------------------------------------------
          10.26   data required time
          -4.20   data arrival time
---------------------------------------------------------
           6.06   slack (MET)



==========================================================================
finish report_checks -path_delay min reg to reg
--------------------------------------------------------------------------
Startpoint: u_mem.q_busy$_DFF_PN0_
            (rising edge-triggered flip-flop clocked by core_clock)
Endpoint: u_mem.q_rsp_valid$_DFF_PN0_
          (rising edge-triggered flip-flop clocked by core_clock)
Path Group: core_clock
Path Type: min

  Delay    Time   Description
---------------------------------------------------------
   0.00    0.00   clock core_clock (rise edge)
   0.00    0.00   clock source latency
   0.00    0.00 ^ clk (in)
   0.06    0.06 ^ clkbuf_0_clk/Z (CLKBUF_X3)
   0.05    0.12 ^ clkbuf_2_1_0_clk/Z (CLKBUF_X3)
   0.07    0.19 ^ clkbuf_3_3_0_clk/Z (CLKBUF_X3)
   0.07    0.25 ^ clkbuf_6_24__f_clk/Z (CLKBUF_X3)
   0.04    0.30 ^ clkbuf_leaf_176_clk/Z (CLKBUF_X3)
   0.00    0.30 ^ u_mem.q_busy$_DFF_PN0_/CK (DFFR_X1)
   0.09    0.39 v u_mem.q_busy$_DFF_PN0_/Q (DFFR_X1)
   0.00    0.39 v u_mem.q_rsp_valid$_DFF_PN0_/D (DFFR_X1)
           0.39   data arrival time

   0.00    0.00   clock core_clock (rise edge)
   0.00    0.00   clock source latency
   0.00    0.00 ^ clk (in)
   0.06    0.06 ^ clkbuf_0_clk/Z (CLKBUF_X3)
   0.05    0.12 ^ clkbuf_2_1_0_clk/Z (CLKBUF_X3)
   0.07    0.19 ^ clkbuf_3_3_0_clk/Z (CLKBUF_X3)
   0.07    0.25 ^ clkbuf_6_24__f_clk/Z (CLKBUF_X3)
   0.04    0.30 ^ clkbuf_leaf_174_clk/Z (CLKBUF_X3)
   0.00    0.30 ^ u_mem.q_rsp_valid$_DFF_PN0_/CK (DFFR_X1)
   0.00    0.30   clock reconvergence pessimism
   0.01    0.30   library hold time
           0.30   data required time
---------------------------------------------------------
           0.30   data required time
          -0.39   data arrival time
---------------------------------------------------------
           0.09   slack (MET)



==========================================================================
finish critical path target clock latency max path
--------------------------------------------------------------------------
0.2984

==========================================================================
finish critical path target clock latency min path
--------------------------------------------------------------------------
0.2833

==========================================================================
finish critical path source clock latency min path
--------------------------------------------------------------------------
0.0000

==========================================================================
finish critical path delay
--------------------------------------------------------------------------
4.6242

==========================================================================
finish critical path slack
--------------------------------------------------------------------------
3.3758

==========================================================================
finish slack div critical path delay
--------------------------------------------------------------------------
73.002898

==========================================================================
finish report_power
--------------------------------------------------------------------------
Group                  Internal  Switching    Leakage      Total
                          Power      Power      Power      Power (Watts)
----------------------------------------------------------------
Sequential             4.13e-03   8.46e-04   3.38e-04   5.31e-03   3.4%
Combinational          7.13e-02   7.58e-02   1.95e-03   1.49e-01  95.2%
Clock                  9.95e-04   1.14e-03   3.46e-05   2.17e-03   1.4%
Macro                  0.00e+00   0.00e+00   0.00e+00   0.00e+00   0.0%
Pad                    0.00e+00   0.00e+00   0.00e+00   0.00e+00   0.0%
----------------------------------------------------------------
Total                  7.65e-02   7.78e-02   2.32e-03   1.57e-01 100.0%
                          48.8%      49.7%       1.5%
